******************************************************************************
                  TI ARM Linker PC v18.1.1                     
******************************************************************************
>> Linked Fri Mar 29 03:06:02 2019

OUTPUT FILE NAME:   <empty_MSP_EXP432P401R_nortos_ccs.out>
ENTRY POINT SYMBOL: "_c_int00_noargs"  address: 00000421


MEMORY CONFIGURATION

         name            origin    length      used     unused   attr    fill
----------------------  --------  ---------  --------  --------  ----  --------
  MAIN                  00000000   00040000  0000050e  0003faf2  R  X
  INFO                  00200000   00004000  00000000  00004000  R  X
  SRAM_CODE             01000000   00010000  000005ea  0000fa16  RW X
  SRAM_DATA             20000000   00010000  000005ea  0000fa16  RW  


SEGMENT ALLOCATION MAP

run origin  load origin   length   init length attrs members
----------  ----------- ---------- ----------- ----- -------
00000000    00000000    00000510   00000510    r-x
  00000000    00000000    000000e4   000000e4    r-- .intvecs
  000000e4    000000e4    000003d6   000003d6    r-x .text
  000004bc    000004bc    00000024   00000024    r-- .const
  000004e0    000004e0    00000030   00000030    r-- .cinit
20000000    20000000    000003ea   00000000    rw-
  20000000    20000000    000003e8   00000000    rw- .bss
  200003e8    200003e8    00000002   00000000    rw- .data
2000fe00    2000fe00    00000200   00000000    rw-
  2000fe00    2000fe00    00000200   00000000    rw- .stack


SECTION ALLOCATION MAP

 output                                  attributes/
section   page    origin      length       input sections
--------  ----  ----------  ----------   ----------------
.intvecs   0    00000000    000000e4     
                  00000000    000000e4     startup_msp432p401r_ccs.obj (.intvecs:retain)

.text      0    000000e4    000003d6     
                  000000e4    000000a8     main.obj (.text:main)
                  0000018c    0000009c     rtsv7M4_T_le_v4SPD16_eabi.lib : memcpy_t2.asm.obj (.text)
                  00000228    0000007a                                   : memset_t2.asm.obj (.text)
                  000002a2    00000002     startup_msp432p401r_ccs.obj (.text:Default_Handler)
                  000002a4    00000078     system_msp432p401r.obj (.text:SystemInit)
                  0000031c    00000068     rtsv7M4_T_le_v4SPD16_eabi.lib : copy_decompress_lzss.c.obj (.text:decompress:lzss:__TI_decompress_lzss)
                  00000384    00000058     main.obj (.text:EUSCIA2_IRQHandler)
                  000003dc    00000044     rtsv7M4_T_le_v4SPD16_eabi.lib : autoinit.c.obj (.text:__TI_auto_init_nobinit_nopinit:__TI_auto_init_nobinit_nopinit)
                  00000420    00000038                                   : boot_cortex_m.c.obj (.text:_c_int00_noargs:_c_int00_noargs)
                  00000458    00000034     msp432p4xx_driverlib.lib : cs.o (.text:CS_setDCOCenteredFrequency)
                  0000048c    0000000e     rtsv7M4_T_le_v4SPD16_eabi.lib : copy_decompress_none.c.obj (.text:decompress:none:__TI_decompress_none)
                  0000049a    0000000c     startup_msp432p401r_ccs.obj (.text:Reset_Handler)
                  000004a6    0000000c     rtsv7M4_T_le_v4SPD16_eabi.lib : copy_zero_init.c.obj (.text:decompress:ZI:__TI_zero_init)
                  000004b2    00000004                                   : pre_init.c.obj (.text:_system_pre_init)
                  000004b6    00000004                                   : exit.c.obj (.text:abort:abort)

.const     0    000004bc    00000024     
                  000004bc    00000024     main.obj (.const:uartConfig)

.cinit     0    000004e0    00000030     
                  000004e0    0000000c     (__TI_handler_table)
                  000004ec    00000004     --HOLE-- [fill = 0]
                  000004f0    00000008     (.cinit..bss.load) [load image, compression = zero_init]
                  000004f8    00000006     (.cinit..data.load) [load image, compression = lzss]
                  000004fe    00000002     --HOLE-- [fill = 0]
                  00000500    00000010     (__TI_cinit_table)

.init_array 
*          0    00000000    00000000     UNINITIALIZED

.binit     0    00000000    00000000     

.bss       0    20000000    000003e8     UNINITIALIZED
                  20000000    000003e8     (.common:entire_thing)

.data      0    200003e8    00000002     UNINITIALIZED
                  200003e8    00000002     main.obj (.data)

.stack     0    2000fe00    00000200     UNINITIALIZED
                  2000fe00    00000004     rtsv7M4_T_le_v4SPD16_eabi.lib : boot_cortex_m.c.obj (.stack)
                  2000fe04    000001fc     --HOLE--

MODULE SUMMARY

       Module                        code   ro data   rw data
       ------                        ----   -------   -------
    .\
       main.obj                      256    36        2004   
       system_msp432p401r.obj        120    0         0      
    +--+-----------------------------+------+---------+---------+
       Total:                        376    36        2004   
                                                             
    .\ccs\
       startup_msp432p401r_ccs.obj   14     228       0      
    +--+-----------------------------+------+---------+---------+
       Total:                        14     228       0      
                                                             
    C:/ti/simplelink_msp432p4_sdk_2_40_00_10/source/ti/devices/msp432p4xx/driverlib/ccs/msp432p4xx_driverlib.lib
       cs.o                          52     0         0      
    +--+-----------------------------+------+---------+---------+
       Total:                        52     0         0      
                                                             
    C:\ti\ccsv8\tools\compiler\ti-cgt-arm_18.1.1.LTS\lib\rtsv7M4_T_le_v4SPD16_eabi.lib
       memcpy_t2.asm.obj             156    0         0      
       memset_t2.asm.obj             122    0         0      
       copy_decompress_lzss.c.obj    104    0         0      
       autoinit.c.obj                68     0         0      
       boot_cortex_m.c.obj           56     0         0      
       copy_decompress_none.c.obj    14     0         0      
       copy_zero_init.c.obj          12     0         0      
       exit.c.obj                    4      0         0      
       pre_init.c.obj                4      0         0      
    +--+-----------------------------+------+---------+---------+
       Total:                        540    0         0      
                                                             
       Stack:                        0      0         1024   
       Linker Generated:             0      42        0      
    +--+-----------------------------+------+---------+---------+
       Grand Total:                  982    306       3028   


LINKER GENERATED COPY TABLES

__TI_cinit_table @ 00000500 records: 2, size/record: 8, table size: 16
	.bss: load addr=000004f0, load size=00000008 bytes, run addr=20000000, run size=000003e8 bytes, compression=zero_init
	.data: load addr=000004f8, load size=00000006 bytes, run addr=200003e8, run size=00000002 bytes, compression=lzss


LINKER GENERATED HANDLER TABLE

__TI_handler_table @ 000004e0 records: 3, size/record: 4, table size: 12
	index: 0, handler: __TI_decompress_lzss
	index: 1, handler: __TI_decompress_none
	index: 2, handler: __TI_zero_init


GLOBAL SYMBOLS: SORTED ALPHABETICALLY BY Name 

address   name                          
-------   ----                          
000002a3  ADC14_IRQHandler              
000002a3  AES256_IRQHandler             
000002a3  BusFault_Handler              
000004b7  C$$EXIT                       
000002a3  COMP_E0_IRQHandler            
000002a3  COMP_E1_IRQHandler            
000002a3  CS_IRQHandler                 
00000459  CS_setDCOCenteredFrequency    
000002a3  DMA_ERR_IRQHandler            
000002a3  DMA_INT0_IRQHandler           
000002a3  DMA_INT1_IRQHandler           
000002a3  DMA_INT2_IRQHandler           
000002a3  DMA_INT3_IRQHandler           
000002a3  DebugMon_Handler              
000002a3  Default_Handler               
000002a3  EUSCIA0_IRQHandler            
000002a3  EUSCIA1_IRQHandler            
00000385  EUSCIA2_IRQHandler            
00000385  EUSCIA2_IRQHandler            
000002a3  EUSCIA3_IRQHandler            
000002a3  EUSCIB0_IRQHandler            
000002a3  EUSCIB1_IRQHandler            
000002a3  EUSCIB2_IRQHandler            
000002a3  EUSCIB3_IRQHandler            
000002a3  FLCTL_IRQHandler              
000002a3  FPU_IRQHandler                
000002a3  HardFault_Handler             
000002a3  MemManage_Handler             
000002a3  NMI_Handler                   
000002a3  PCM_IRQHandler                
000002a3  PORT1_IRQHandler              
000002a3  PORT2_IRQHandler              
000002a3  PORT3_IRQHandler              
000002a3  PORT4_IRQHandler              
000002a3  PORT5_IRQHandler              
000002a3  PORT6_IRQHandler              
000002a3  PSS_IRQHandler                
000002a3  PendSV_Handler                
000002a3  RTC_C_IRQHandler              
0000049b  Reset_Handler                 
000002a3  SVC_Handler                   
000002a3  SysTick_Handler               
000002a5  SystemInit                    
000002a3  T32_INT1_IRQHandler           
000002a3  T32_INT2_IRQHandler           
000002a3  T32_INTC_IRQHandler           
000002a3  TA0_0_IRQHandler              
000002a3  TA0_N_IRQHandler              
000002a3  TA1_0_IRQHandler              
000002a3  TA1_N_IRQHandler              
000002a3  TA2_0_IRQHandler              
000002a3  TA2_N_IRQHandler              
000002a3  TA3_0_IRQHandler              
000002a3  TA3_N_IRQHandler              
000002a3  UsageFault_Handler            
4000480c  WDTCTL_SYM                    
000002a3  WDT_A_IRQHandler              
20010000  __STACK_END                   
00000200  __STACK_SIZE                  
00000500  __TI_CINIT_Base               
00000510  __TI_CINIT_Limit              
000004e0  __TI_Handler_Table_Base       
000004ec  __TI_Handler_Table_Limit      
000003dd  __TI_auto_init_nobinit_nopinit
0000031d  __TI_decompress_lzss          
0000048d  __TI_decompress_none          
ffffffff  __TI_pprof_out_hndl           
ffffffff  __TI_prof_data_size           
ffffffff  __TI_prof_data_start          
00000000  __TI_static_base__            
000004a7  __TI_zero_init                
00000229  __aeabi_memclr                
00000229  __aeabi_memclr4               
00000229  __aeabi_memclr8               
0000018d  __aeabi_memcpy                
0000018d  __aeabi_memcpy4               
0000018d  __aeabi_memcpy8               
0000022b  __aeabi_memset                
0000022b  __aeabi_memset4               
0000022b  __aeabi_memset8               
ffffffff  __binit__                     
ffffffff  __c_args__                    
UNDEFED   __mpu_init                    
2000fe00  __stack                       
00000421  _c_int00_noargs               
UNDEFED   _system_post_cinit            
000004b3  _system_pre_init              
000004b7  abort                         
200003e8  another_counter               
ffffffff  binit                         
20000000  entire_thing                  
00000000  interruptVectors              
000000e5  main                          
0000018d  memcpy                        
00000231  memset                        
000004bc  uartConfig                    


GLOBAL SYMBOLS: SORTED BY Symbol Address 

address   name                          
-------   ----                          
00000000  __TI_static_base__            
00000000  interruptVectors              
000000e5  main                          
0000018d  __aeabi_memcpy                
0000018d  __aeabi_memcpy4               
0000018d  __aeabi_memcpy8               
0000018d  memcpy                        
00000200  __STACK_SIZE                  
00000229  __aeabi_memclr                
00000229  __aeabi_memclr4               
00000229  __aeabi_memclr8               
0000022b  __aeabi_memset                
0000022b  __aeabi_memset4               
0000022b  __aeabi_memset8               
00000231  memset                        
000002a3  ADC14_IRQHandler              
000002a3  AES256_IRQHandler             
000002a3  BusFault_Handler              
000002a3  COMP_E0_IRQHandler            
000002a3  COMP_E1_IRQHandler            
000002a3  CS_IRQHandler                 
000002a3  DMA_ERR_IRQHandler            
000002a3  DMA_INT0_IRQHandler           
000002a3  DMA_INT1_IRQHandler           
000002a3  DMA_INT2_IRQHandler           
000002a3  DMA_INT3_IRQHandler           
000002a3  DebugMon_Handler              
000002a3  Default_Handler               
000002a3  EUSCIA0_IRQHandler            
000002a3  EUSCIA1_IRQHandler            
000002a3  EUSCIA3_IRQHandler            
000002a3  EUSCIB0_IRQHandler            
000002a3  EUSCIB1_IRQHandler            
000002a3  EUSCIB2_IRQHandler            
000002a3  EUSCIB3_IRQHandler            
000002a3  FLCTL_IRQHandler              
000002a3  FPU_IRQHandler                
000002a3  HardFault_Handler             
000002a3  MemManage_Handler             
000002a3  NMI_Handler                   
000002a3  PCM_IRQHandler                
000002a3  PORT1_IRQHandler              
000002a3  PORT2_IRQHandler              
000002a3  PORT3_IRQHandler              
000002a3  PORT4_IRQHandler              
000002a3  PORT5_IRQHandler              
000002a3  PORT6_IRQHandler              
000002a3  PSS_IRQHandler                
000002a3  PendSV_Handler                
000002a3  RTC_C_IRQHandler              
000002a3  SVC_Handler                   
000002a3  SysTick_Handler               
000002a3  T32_INT1_IRQHandler           
000002a3  T32_INT2_IRQHandler           
000002a3  T32_INTC_IRQHandler           
000002a3  TA0_0_IRQHandler              
000002a3  TA0_N_IRQHandler              
000002a3  TA1_0_IRQHandler              
000002a3  TA1_N_IRQHandler              
000002a3  TA2_0_IRQHandler              
000002a3  TA2_N_IRQHandler              
000002a3  TA3_0_IRQHandler              
000002a3  TA3_N_IRQHandler              
000002a3  UsageFault_Handler            
000002a3  WDT_A_IRQHandler              
000002a5  SystemInit                    
0000031d  __TI_decompress_lzss          
00000385  EUSCIA2_IRQHandler            
00000385  EUSCIA2_IRQHandler            
000003dd  __TI_auto_init_nobinit_nopinit
00000421  _c_int00_noargs               
00000459  CS_setDCOCenteredFrequency    
0000048d  __TI_decompress_none          
0000049b  Reset_Handler                 
000004a7  __TI_zero_init                
000004b3  _system_pre_init              
000004b7  C$$EXIT                       
000004b7  abort                         
000004bc  uartConfig                    
000004e0  __TI_Handler_Table_Base       
000004ec  __TI_Handler_Table_Limit      
00000500  __TI_CINIT_Base               
00000510  __TI_CINIT_Limit              
20000000  entire_thing                  
200003e8  another_counter               
2000fe00  __stack                       
20010000  __STACK_END                   
4000480c  WDTCTL_SYM                    
ffffffff  __TI_pprof_out_hndl           
ffffffff  __TI_prof_data_size           
ffffffff  __TI_prof_data_start          
ffffffff  __binit__                     
ffffffff  __c_args__                    
ffffffff  binit                         
UNDEFED   __mpu_init                    
UNDEFED   _system_post_cinit            

[96 symbols]
