******************************************************************************
                  TI ARM Linker Unix v15.12.3                  
******************************************************************************
>> Linked Tue Nov  6 21:07:40 2018

OUTPUT FILE NAME:   <NDT_FTDI_Module.out>
ENTRY POINT SYMBOL: "_c_int00"  address: 00000609


MEMORY CONFIGURATION

         name            origin    length      used     unused   attr    fill
----------------------  --------  ---------  --------  --------  ----  --------
  MAIN                  00000000   00040000  00000974  0003f68c  R  X
  INFO                  00200000   00004000  00000000  00004000  R  X
  SRAM_CODE             01000000   00010000  00000218  0000fde8  RW X
  SRAM_DATA             20000000   00010000  00000218  0000fde8  RW  


SEGMENT ALLOCATION MAP

run origin  load origin   length   init length attrs members
----------  ----------- ---------- ----------- ----- -------
00000000    00000000    00000978   00000978    r-x
  00000000    00000000    000000e4   000000e4    r-- .intvecs
  000000e4    000000e4    0000080c   0000080c    r-x .text
  000008f0    000008f0    0000005c   0000005c    r-- .const
  00000950    00000950    00000028   00000028    r-- .cinit
20000000    20000000    00000018   00000000    rw-
  20000000    20000000    00000018   00000000    rw- .data
2000fe00    2000fe00    00000200   00000000    rw-
  2000fe00    2000fe00    00000200   00000000    rw- .stack


SECTION ALLOCATION MAP

 output                                  attributes/
section   page    origin      length       input sections
--------  ----  ----------  ----------   ----------------
.intvecs   0    00000000    000000e4     
                  00000000    000000e4     startup_msp432p401r_ccs.obj (.intvecs:retain)

.text      0    000000e4    0000080c     
                  000000e4    000000fc     msp432p4xx_driverlib.lib : uart.o (.text:UART_initModule)
                  000001e0    0000009c     rtsv7M4_T_le_v4SPD16_eabi.lib : memcpy_t2.obj (.text)
                  0000027c    00000088     msp432p4xx_driverlib.lib : gpio.o (.text:GPIO_setAsPeripheralModuleFunctionInputPin)
                  00000304    00000080                              : interrupt.o (.text:Interrupt_enableInterrupt)
                  00000384    0000007a     rtsv7M4_T_le_v4SPD16_eabi.lib : memset_t2.obj (.text)
                  000003fe    00000002     startup_msp432p401r_ccs.obj (.text:Default_Handler)
                  00000400    00000078     system_msp432p401r.obj (.text:SystemInit)
                  00000478    00000070     rtsv7M4_T_le_v4SPD16_eabi.lib : autoinit.obj (.text)
                  000004e8    0000006a                                   : copy_decompress_rle.obj (.text)
                  00000552    00000002                                   : mpu_init.obj (.text)
                  00000554    0000005c     main.obj (.text:main)
                  000005b0    00000056     msp432p4xx_driverlib.lib : uart.o (.text:UART_getEnabledInterruptStatus)
                  00000606    00000002     rtsv7M4_T_le_v4SPD16_eabi.lib : startup.obj (.text)
                  00000608    00000054                                   : boot.obj (.text)
                  0000065c    00000054                                   : exit.obj (.text)
                  000006b0    0000004c                                   : cpy_tbl.obj (.text)
                  000006fc    0000003c     main.obj (.text:sendUARTString)
                  00000738    00000034     msp432p4xx_driverlib.lib : cs.o (.text:CS_setDCOCenteredFrequency)
                  0000076c    00000034                              : uart.o (.text:UART_transmitData)
                  000007a0    00000030                              : uart.o (.text:UART_enableInterrupt)
                  000007d0    00000030                              : uart.o (.text:UART_receiveData)
                  00000800    0000002c     main.obj (.text:EUSCIA2_IRQHandler)
                  0000082c    00000018     msp432p4xx_driverlib.lib : uart.o (.text:UART_getInterruptStatus)
                  00000844    00000018     rtsv7M4_T_le_v4SPD16_eabi.lib : args_main.obj (.text)
                  0000085c    00000016     msp432p4xx_driverlib.lib : uart.o (.text:UART_clearInterruptFlag)
                  00000872    00000016                              : uart.o (.text:UART_enableModule)
                  00000888    00000014                              : uart.o (.text:UART_queryStatusFlags)
                  0000089c    00000014     rtsv7M4_T_le_v4SPD16_eabi.lib : _lock.obj (.text)
                  000008b0    00000010     msp432p4xx_driverlib.lib : interrupt.o (.text:Interrupt_enableMaster)
                  000008c0    0000000e     rtsv7M4_T_le_v4SPD16_eabi.lib : copy_decompress_none.obj (.text:decompress:none)
                  000008ce    0000000c     msp432p4xx_driverlib.lib : cpu.o (.text:CPU_cpsie)
                  000008da    0000000c     startup_msp432p401r_ccs.obj (.text:Reset_Handler)
                  000008e6    00000006     rtsv7M4_T_le_v4SPD16_eabi.lib : copy_decompress_rle.obj (.text:decompress:rle24)
                  000008ec    00000004                                   : pre_init.obj (.text)

.const     0    000008f0    0000005c     
                  000008f0    00000030     msp432p4xx_driverlib.lib : gpio.o (.const:GPIO_PORT_TO_BASE)
                  00000920    00000024     main.obj (.const:ftdiConfig)
                  00000944    00000008     msp432p4xx_driverlib.lib : interrupt.o (.const:g_pulEnRegs)

.cinit     0    00000950    00000028     
                  00000950    00000016     (.cinit..data.load) [load image, compression = rle]
                  00000966    00000002     --HOLE-- [fill = 0]
                  00000968    00000008     (__TI_handler_table)
                  00000970    00000008     (__TI_cinit_table)

.init_array 
*          0    00000000    00000000     UNINITIALIZED

.binit     0    00000000    00000000     

.data      0    20000000    00000018     UNINITIALIZED
                  20000000    0000000c     rtsv7M4_T_le_v4SPD16_eabi.lib : exit.obj (.data:$O1$$)
                  2000000c    00000008                                   : _lock.obj (.data:$O1$$)
                  20000014    00000004                                   : stkdepth_vars.obj (.data)

.stack     0    2000fe00    00000200     UNINITIALIZED
                  2000fe00    00000200     --HOLE--

MODULE SUMMARY

       Module                        code   ro data   rw data
       ------                        ----   -------   -------
    ./
       main.obj                      196    36        0      
       system_msp432p401r.obj        120    0         0      
    +--+-----------------------------+------+---------+---------+
       Total:                        316    36        0      
                                                             
    ./ccs/
       startup_msp432p401r_ccs.obj   14     228       0      
    +--+-----------------------------+------+---------+---------+
       Total:                        14     228       0      
                                                             
    /opt/ti/ccsv6/tools/compiler/arm_15.12.3.LTS/lib/rtsv7M4_T_le_v4SPD16_eabi.lib
       memcpy_t2.obj                 156    0         0      
       memset_t2.obj                 122    0         0      
       autoinit.obj                  112    0         0      
       copy_decompress_rle.obj       112    0         0      
       exit.obj                      84     0         24     
       boot.obj                      84     0         0      
       cpy_tbl.obj                   76     0         0      
       _lock.obj                     20     0         16     
       args_main.obj                 24     0         0      
       copy_decompress_none.obj      14     0         0      
       stkdepth_vars.obj             0      0         8      
       pre_init.obj                  4      0         0      
       mpu_init.obj                  2      0         0      
       startup.obj                   2      0         0      
    +--+-----------------------------+------+---------+---------+
       Total:                        812    0         48     
                                                             
    /opt/ti/simplelink_msp432p4_sdk_2_30_00_14/source/ti/devices/msp432p4xx/driverlib/ccs/msp432p4xx_driverlib.lib
       uart.o                        574    0         0      
       gpio.o                        136    48        0      
       interrupt.o                   144    8         0      
       cs.o                          52     0         0      
       cpu.o                         12     0         0      
    +--+-----------------------------+------+---------+---------+
       Total:                        918    56        0      
                                                             
       Stack:                        0      0         1024   
       Linker Generated:             0      38        0      
    +--+-----------------------------+------+---------+---------+
       Grand Total:                  2060   358       1072   


LINKER GENERATED COPY TABLES

__TI_cinit_table @ 00000970 records: 1, size/record: 8, table size: 8
	.data: load addr=00000950, load size=00000016 bytes, run addr=20000000, run size=00000018 bytes, compression=rle


LINKER GENERATED HANDLER TABLE

__TI_handler_table @ 00000968 records: 2, size/record: 4, table size: 8
	index: 0, handler: __TI_decompress_rle24
	index: 1, handler: __TI_decompress_none


GLOBAL SYMBOLS: SORTED ALPHABETICALLY BY Name 

address   name                                      
-------   ----                                      
000003ff  ADC14_IRQHandler                          
000003ff  AES256_IRQHandler                         
000003ff  BusFault_Handler                          
0000065d  C$$EXIT                                   
000003ff  COMP_E0_IRQHandler                        
000003ff  COMP_E1_IRQHandler                        
000008cf  CPU_cpsie                                 
000003ff  CS_IRQHandler                             
00000739  CS_setDCOCenteredFrequency                
000003ff  DMA_ERR_IRQHandler                        
000003ff  DMA_INT0_IRQHandler                       
000003ff  DMA_INT1_IRQHandler                       
000003ff  DMA_INT2_IRQHandler                       
000003ff  DMA_INT3_IRQHandler                       
000003ff  DebugMon_Handler                          
000003ff  Default_Handler                           
000003ff  EUSCIA0_IRQHandler                        
000003ff  EUSCIA1_IRQHandler                        
00000801  EUSCIA2_IRQHandler                        
00000801  EUSCIA2_IRQHandler                        
000003ff  EUSCIA3_IRQHandler                        
000003ff  EUSCIB0_IRQHandler                        
000003ff  EUSCIB1_IRQHandler                        
000003ff  EUSCIB2_IRQHandler                        
000003ff  EUSCIB3_IRQHandler                        
000003ff  FLCTL_IRQHandler                          
000003ff  FPU_IRQHandler                            
0000027d  GPIO_setAsPeripheralModuleFunctionInputPin
000003ff  HardFault_Handler                         
00000305  Interrupt_enableInterrupt                 
000008b1  Interrupt_enableMaster                    
000003ff  MemManage_Handler                         
000003ff  NMI_Handler                               
000003ff  PCM_IRQHandler                            
000003ff  PORT1_IRQHandler                          
000003ff  PORT2_IRQHandler                          
000003ff  PORT3_IRQHandler                          
000003ff  PORT4_IRQHandler                          
000003ff  PORT5_IRQHandler                          
000003ff  PORT6_IRQHandler                          
000003ff  PSS_IRQHandler                            
000003ff  PendSV_Handler                            
000003ff  RTC_C_IRQHandler                          
000008db  Reset_Handler                             
UNDEFED   SHT$$INIT_ARRAY$$Base                     
UNDEFED   SHT$$INIT_ARRAY$$Limit                    
000003ff  SVC_Handler                               
000003ff  SysTick_Handler                           
00000401  SystemInit                                
000003ff  T32_INT1_IRQHandler                       
000003ff  T32_INT2_IRQHandler                       
000003ff  T32_INTC_IRQHandler                       
000003ff  TA0_0_IRQHandler                          
000003ff  TA0_N_IRQHandler                          
000003ff  TA1_0_IRQHandler                          
000003ff  TA1_N_IRQHandler                          
000003ff  TA2_0_IRQHandler                          
000003ff  TA2_N_IRQHandler                          
000003ff  TA3_0_IRQHandler                          
000003ff  TA3_N_IRQHandler                          
0000085d  UART_clearInterruptFlag                   
000007a1  UART_enableInterrupt                      
00000873  UART_enableModule                         
000005b1  UART_getEnabledInterruptStatus            
0000082d  UART_getInterruptStatus                   
000000e5  UART_initModule                           
00000889  UART_queryStatusFlags                     
000007d1  UART_receiveData                          
0000076d  UART_transmitData                         
000003ff  UsageFault_Handler                        
4000480c  WDTCTL_SYM                                
000003ff  WDT_A_IRQHandler                          
20010000  __STACK_END                               
00000200  __STACK_SIZE                              
00000970  __TI_CINIT_Base                           
00000978  __TI_CINIT_Limit                          
00000968  __TI_Handler_Table_Base                   
00000970  __TI_Handler_Table_Limit                  
00000479  __TI_auto_init                            
20000000  __TI_cleanup_ptr                          
000008c1  __TI_decompress_none                      
000008e7  __TI_decompress_rle24                     
20000004  __TI_dtors_ptr                            
20000008  __TI_enable_exit_profile_output           
ffffffff  __TI_pprof_out_hndl                       
ffffffff  __TI_prof_data_size                       
ffffffff  __TI_prof_data_start                      
00000000  __TI_static_base__                        
00000385  __aeabi_memclr                            
00000385  __aeabi_memclr4                           
00000385  __aeabi_memclr8                           
000001e1  __aeabi_memcpy                            
000001e1  __aeabi_memcpy4                           
000001e1  __aeabi_memcpy8                           
00000387  __aeabi_memset                            
00000387  __aeabi_memset4                           
00000387  __aeabi_memset8                           
ffffffff  __binit__                                 
ffffffff  __c_args__                                
00000553  __mpu_init                                
2000fe00  __stack                                   
00000845  _args_main                                
00000609  _c_int00                                  
2000000c  _lock                                     
000008ab  _nop                                      
000008a3  _register_lock                            
0000089d  _register_unlock                          
00000607  _system_post_cinit                        
000008ed  _system_pre_init                          
20000010  _unlock                                   
00000661  abort                                     
ffffffff  binit                                     
000006b1  copy_in                                   
00000669  exit                                      
00000920  ftdiConfig                                
00000000  interruptVectors                          
00000555  main                                      
20000014  main_func_sp                              
000001e1  memcpy                                    
0000038d  memset                                    
000006fd  sendUARTString                            


GLOBAL SYMBOLS: SORTED BY Symbol Address 

address   name                                      
-------   ----                                      
00000000  __TI_static_base__                        
00000000  interruptVectors                          
000000e5  UART_initModule                           
000001e1  __aeabi_memcpy                            
000001e1  __aeabi_memcpy4                           
000001e1  __aeabi_memcpy8                           
000001e1  memcpy                                    
00000200  __STACK_SIZE                              
0000027d  GPIO_setAsPeripheralModuleFunctionInputPin
00000305  Interrupt_enableInterrupt                 
00000385  __aeabi_memclr                            
00000385  __aeabi_memclr4                           
00000385  __aeabi_memclr8                           
00000387  __aeabi_memset                            
00000387  __aeabi_memset4                           
00000387  __aeabi_memset8                           
0000038d  memset                                    
000003ff  ADC14_IRQHandler                          
000003ff  AES256_IRQHandler                         
000003ff  BusFault_Handler                          
000003ff  COMP_E0_IRQHandler                        
000003ff  COMP_E1_IRQHandler                        
000003ff  CS_IRQHandler                             
000003ff  DMA_ERR_IRQHandler                        
000003ff  DMA_INT0_IRQHandler                       
000003ff  DMA_INT1_IRQHandler                       
000003ff  DMA_INT2_IRQHandler                       
000003ff  DMA_INT3_IRQHandler                       
000003ff  DebugMon_Handler                          
000003ff  Default_Handler                           
000003ff  EUSCIA0_IRQHandler                        
000003ff  EUSCIA1_IRQHandler                        
000003ff  EUSCIA3_IRQHandler                        
000003ff  EUSCIB0_IRQHandler                        
000003ff  EUSCIB1_IRQHandler                        
000003ff  EUSCIB2_IRQHandler                        
000003ff  EUSCIB3_IRQHandler                        
000003ff  FLCTL_IRQHandler                          
000003ff  FPU_IRQHandler                            
000003ff  HardFault_Handler                         
000003ff  MemManage_Handler                         
000003ff  NMI_Handler                               
000003ff  PCM_IRQHandler                            
000003ff  PORT1_IRQHandler                          
000003ff  PORT2_IRQHandler                          
000003ff  PORT3_IRQHandler                          
000003ff  PORT4_IRQHandler                          
000003ff  PORT5_IRQHandler                          
000003ff  PORT6_IRQHandler                          
000003ff  PSS_IRQHandler                            
000003ff  PendSV_Handler                            
000003ff  RTC_C_IRQHandler                          
000003ff  SVC_Handler                               
000003ff  SysTick_Handler                           
000003ff  T32_INT1_IRQHandler                       
000003ff  T32_INT2_IRQHandler                       
000003ff  T32_INTC_IRQHandler                       
000003ff  TA0_0_IRQHandler                          
000003ff  TA0_N_IRQHandler                          
000003ff  TA1_0_IRQHandler                          
000003ff  TA1_N_IRQHandler                          
000003ff  TA2_0_IRQHandler                          
000003ff  TA2_N_IRQHandler                          
000003ff  TA3_0_IRQHandler                          
000003ff  TA3_N_IRQHandler                          
000003ff  UsageFault_Handler                        
000003ff  WDT_A_IRQHandler                          
00000401  SystemInit                                
00000479  __TI_auto_init                            
00000553  __mpu_init                                
00000555  main                                      
000005b1  UART_getEnabledInterruptStatus            
00000607  _system_post_cinit                        
00000609  _c_int00                                  
0000065d  C$$EXIT                                   
00000661  abort                                     
00000669  exit                                      
000006b1  copy_in                                   
000006fd  sendUARTString                            
00000739  CS_setDCOCenteredFrequency                
0000076d  UART_transmitData                         
000007a1  UART_enableInterrupt                      
000007d1  UART_receiveData                          
00000801  EUSCIA2_IRQHandler                        
00000801  EUSCIA2_IRQHandler                        
0000082d  UART_getInterruptStatus                   
00000845  _args_main                                
0000085d  UART_clearInterruptFlag                   
00000873  UART_enableModule                         
00000889  UART_queryStatusFlags                     
0000089d  _register_unlock                          
000008a3  _register_lock                            
000008ab  _nop                                      
000008b1  Interrupt_enableMaster                    
000008c1  __TI_decompress_none                      
000008cf  CPU_cpsie                                 
000008db  Reset_Handler                             
000008e7  __TI_decompress_rle24                     
000008ed  _system_pre_init                          
00000920  ftdiConfig                                
00000968  __TI_Handler_Table_Base                   
00000970  __TI_CINIT_Base                           
00000970  __TI_Handler_Table_Limit                  
00000978  __TI_CINIT_Limit                          
20000000  __TI_cleanup_ptr                          
20000004  __TI_dtors_ptr                            
20000008  __TI_enable_exit_profile_output           
2000000c  _lock                                     
20000010  _unlock                                   
20000014  main_func_sp                              
2000fe00  __stack                                   
20010000  __STACK_END                               
4000480c  WDTCTL_SYM                                
ffffffff  __TI_pprof_out_hndl                       
ffffffff  __TI_prof_data_size                       
ffffffff  __TI_prof_data_start                      
ffffffff  __binit__                                 
ffffffff  __c_args__                                
ffffffff  binit                                     
UNDEFED   SHT$$INIT_ARRAY$$Base                     
UNDEFED   SHT$$INIT_ARRAY$$Limit                    

[121 symbols]
