******************************************************************************
                  TI ARM Linker Unix v15.12.3                  
******************************************************************************
>> Linked Sun Apr  7 23:06:10 2019

OUTPUT FILE NAME:   <NDT_Control_Module.out>
ENTRY POINT SYMBOL: "_c_int00"  address: 000066b5


MEMORY CONFIGURATION

         name            origin    length      used     unused   attr    fill
----------------------  --------  ---------  --------  --------  ----  --------
  MAIN                  00000000   00040000  00008514  00037aec  R  X
  INFO                  00200000   00004000  00000000  00004000  R  X
  SRAM_CODE             01000000   00010000  00001cba  0000e346  RW X
  SRAM_DATA             20000000   00010000  00001cba  0000e346  RW  


SEGMENT ALLOCATION MAP

run origin  load origin   length   init length attrs members
----------  ----------- ---------- ----------- ----- -------
00000000    00000000    00008514   00008514    r-x
  00000000    00000000    000000e4   000000e4    r-- .intvecs
  000000e4    000000e4    00007ca8   00007ca8    r-x .text
  00007d8c    00007d8c    00000534   00000534    r-- .const
  000082c0    000082c0    00000254   00000254    r-- .cinit
20000000    20000000    000000e8   00000000    rw-
  20000000    20000000    000000e8   00000000    rw- .vtable
20000100    20000100    000019d2   00000000    rw-
  20000100    20000100    00000be0   00000000    rw- .bss
  20000ce0    20000ce0    00000800   00000000    rw- .sysmem
  200014e0    200014e0    000005f2   00000000    rw- .data
2000fe00    2000fe00    00000200   00000000    rw-
  2000fe00    2000fe00    00000200   00000000    rw- .stack


SECTION ALLOCATION MAP

 output                                  attributes/
section   page    origin      length       input sections
--------  ----  ----------  ----------   ----------------
.intvecs   0    00000000    000000e4     
                  00000000    000000e4     startup_msp432p401r_ccs.obj (.intvecs:retain)

.text      0    000000e4    00007ca8     
                  000000e4    000003dc     rtsv7M4_T_le_v4SPD16_eabi.lib : memory.obj (.text)
                  000004c0    00000324                                   : trgdrv.obj (.text)
                  000007e4    0000030c                                   : lowlev.obj (.text)
                  00000af0    000002f8     drivers_msp432p401x.aem4f : PowerMSP432.oem4f (.text:Power_sleep)
                  00000de8    000002d8     main.obj (.text:EUSCIA2_IRQHandler)
                  000010c0    000002a0     drivers_msp432p401x.aem4f : SPIMSP432DMA.oem4f (.text:SPIMSP432DMA_open)
                  00001360    00000298     fatfs.a : ff.obj (.text:find_volume)
                  000015f8    00000278     drivers_msp432p401x.aem4f : PowerMSP432.oem4f (.text:initPerfControl)
                  00001870    000001f4     rtsv7M4_T_le_v4SPD16_eabi.lib : ull_div_t2.obj (.text)
                  00001a64    000001c4                                   : fopen.obj (.text)
                  00001c28    000001b6     fatfs.a : ff.obj (.text:f_open)
                  00001dde    00000002     startup_msp432p401r_ccs.obj (.text:Default_Handler)
                  00001de0    000001a8     drivers_msp432p401x.aem4f : SDSPI.oem4f (.text:SDSPI_initialize)
                  00001f88    00000186     fatfs.a : ff.obj (.text:f_write)
                  0000210e    00000002     msp432p4xx_driverlib.lib : interrupt.o (.text:IntDefaultHandler)
                  00002110    00000174     drivers_msp432p401x.aem4f : GPIOMSP432.oem4f (.text:GPIO_setConfig)
                  00002284    00000168     printf.obj (.text:UARTprintf)
                  000023ec    00000156     fatfs.a : ff.obj (.text:f_read)
                  00002542    00000140             : ff.obj (.text:f_lseek)
                  00002682    00000002     nortos_msp432p401x.aem4f : PowerMSP432_nortos.oem4f (.text:PowerMSP432_initPolicy)
                  00002684    00000134     rtsv7M4_T_le_v4SPD16_eabi.lib : strtol.obj (.text)
                  000027b8    00000130     cmd.obj (.text:CMD_pwdn)
                  000028e8    00000130     msp432p4xx_driverlib.lib : cs.o (.text:CS_initClockSignal)
                  00002a18    00000130     drivers_msp432p401x.aem4f : UDMAMSP432.oem4f (.text:setupInterrupt)
                  00002b48    00000120     cmd.obj (.text:CMD_pwup)
                  00002c68    00000120     drivers_msp432p401x.aem4f : SPIMSP432DMA.oem4f (.text:SPIMSP432DMA_transfer)
                  00002d88    0000010c     fatfs.a : ff.obj (.text:f_rename)
                  00002e94    00000104     drivers_msp432p401x.aem4f : SPIMSP432DMA.oem4f (.text:SPIMSP432DMA_transferCancel)
                  00002f98    00000100     main.obj (.text:EUSCIB0_IRQHandler)
                  00003098    000000fc     msp432p4xx_driverlib.lib : uart.o (.text:UART_initModule)
                  00003194    000000fc     drivers_msp432p401x.aem4f : SPIMSP432DMA.oem4f (.text:configDMA)
                  00003290    000000f0     msp432p4xx_driverlib.lib : dma.o (.text:DMA_setChannelTransfer)
                  00003380    000000ee     fatfs.a : ff.obj (.text:create_chain)
                  0000346e    000000ee             : ff.obj (.text:put_fat)
                  0000355c    000000ec     rtsv7M4_T_le_v4SPD16_eabi.lib : fread.obj (.text)
                  00003648    000000e4     msp432p4xx_driverlib.lib : cs.o (.text:CS_startHFXTWithTimeout)
                  0000372c    000000e0                              : cs.o (.text:CS_startLFXTWithTimeout)
                  0000380c    000000dc     drivers_msp432p401x.aem4f : UDMAMSP432.oem4f (.text:UDMAMSP432_close)
                  000038e8    000000dc     msp432p4xx_driverlib.lib : cs.o (.text:_CSGetHFXTFrequency)
                  000039c4    000000dc     rtsv7M4_T_le_v4SPD16_eabi.lib : setvbuf.obj (.text)
                  00003aa0    000000d8     nortos_msp432p401x.aem4f : SwiP_nortos.oem4f (.text:SwiP_construct)
                  00003b78    000000d3     fatfs.a : ff.obj (.text:create_name)
                  00003c4b    00000001     --HOLE-- [fill = 0]
                  00003c4c    000000d0     drivers_msp432p401x.aem4f : SDFatFS.oem4f (.text:SDFatFS_open)
                  00003d1c    000000c8     rtsv7M4_T_le_v4SPD16_eabi.lib : fflush.obj (.text)
                  00003de4    000000c4     drivers_msp432p401x.aem4f : SDSPI.oem4f (.text:SDSPI_write)
                  00003ea8    000000c0     nortos_msp432p401x.aem4f : TimerPMSP432_nortos.oem4f (.text:TimerP_construct)
                  00003f68    000000bc     fatfs.a : ff.obj (.text:get_fat)
                  00004024    000000b8             : ff.obj (.text:dir_next)
                  000040dc    000000b4     nortos_msp432p401x.aem4f : ClockPTimer_nortos.oem4f (.text:ClockP_startup)
                  00004190    000000b0     cmd.obj (.text:CMD_mode)
                  00004240    000000b0     msp432p4xx_driverlib.lib : spi.o (.text:SPI_initMaster)
                  000042f0    000000ac     nortos_msp432p401x.aem4f : ClockPTimer_nortos.oem4f (.text:ClockP_workFuncDynamic)
                  0000439c    000000ac     cmdline.obj (.text:CmdLineProcess)
                  00004448    000000ac     main.obj (.text:EUSCIA3_IRQHandler)
                  000044f4    000000ac     drivers_msp432p401x.aem4f : GPIOMSP432.oem4f (.text:GPIO_init)
                  000045a0    000000ac     rtsv7M4_T_le_v4SPD16_eabi.lib : _io_perm.obj (.text)
                  0000464c    000000a8     drivers_msp432p401x.aem4f : SDSPI.oem4f (.text:SDSPI_getNumSectors)
                  000046f4    000000a8     fatfs.a : ffcio.obj (.text:ffcio_open)
                  0000479c    000000a8     main.obj (.text:processCommand)
                  00004844    000000a2     fatfs.a : ff.obj (.text:f_unlink)
                  000048e6    00000002     nortos_msp432p401x.aem4f : PowerMSP432_nortos.oem4f (.text:PowerMSP432_updateFreqs)
                  000048e8    000000a0     main.obj (.text:EUSCIA0_IRQHandler)
                  00004988    000000a0     nortos_msp432p401x.aem4f : SemaphoreP_nortos.oem4f (.text:SemaphoreP_pend)
                  00004a28    000000a0     rtsv7M4_T_le_v4SPD16_eabi.lib : _bufread.obj (.text)
                  00004ac8    0000009c     cmd.obj (.text:CMD_read)
                  00004b64    0000009c     drivers_msp432p401x.aem4f : PowerMSP432.oem4f (.text:Power_init)
                  00004c00    0000009c                               : SDSPI.oem4f (.text:SDSPI_read)
                  00004c9c    0000009c     nortos_msp432p401x.aem4f : SwiP_nortos.oem4f (.text:SwiP_dispatch)
                  00004d38    0000009c     main.obj (.text:TA1_0_IRQHandler)
                  00004dd4    0000009c     fatfs.a : ff.obj (.text:f_sync)
                  00004e70    0000009c     rtsv7M4_T_le_v4SPD16_eabi.lib : memcpy_t2.obj (.text)
                  00004f0c    00000098                                   : fclose.obj (.text)
                  00004fa4    00000094     drivers_msp432p401x.aem4f : UDMAMSP432.oem4f (.text:UDMAMSP432_init)
                  00005038    00000094                               : UDMAMSP432.oem4f (.text:UDMAMSP432_open)
                  000050cc    00000092                               : SDSPI.oem4f (.text:sendCmd)
                  0000515e    00000002     nortos_msp432p401x.aem4f : SemaphoreP_nortos.oem4f (.text:clkFxn)
                  00005160    0000008c     cmd.obj (.text:CMD_setGain)
                  000051ec    0000008c     fatfs.a : ff.obj (.text:sync_fs)
                  00005278    00000088     msp432p4xx_driverlib.lib : gpio.o (.text:GPIO_setAsPeripheralModuleFunctionInputPin)
                  00005300    00000088     fatfs.a : ff.obj (.text:dir_sdi)
                  00005388    00000086     drivers_msp432p401x.aem4f : SPIMSP432DMA.oem4f (.text:initHw)
                  0000540e    00000002     rtsv7M4_T_le_v4SPD16_eabi.lib : mpu_init.obj (.text)
                  00005410    00000084     drivers_msp432p401x.aem4f : PowerMSP432.oem4f (.text:restartHFXT)
                  00005494    00000080     nortos_msp432p401x.aem4f : ClockPTimer_nortos.oem4f (.text:ClockP_start)
                  00005514    00000080     msp432p4xx_driverlib.lib : interrupt.o (.text:Interrupt_disableInterrupt)
                  00005594    00000080                              : interrupt.o (.text:Interrupt_enableInterrupt)
                  00005614    00000080     main.obj (.text:initializeSlaves)
                  00005694    00000080     drivers_msp432p401x.aem4f : SDSPI.oem4f (.text:recvDataBlock)
                  00005714    0000007c     fatfs.a : ff.obj (.text:f_mount)
                  00005790    0000007c     main.obj (.text:main)
                  0000580c    0000007c     printf.obj (.text:xtoa)
                  00005888    0000007a     rtsv7M4_T_le_v4SPD16_eabi.lib : memset_t2.obj (.text)
                  00005902    00000002                                   : startup.obj (.text)
                  00005904    00000078     cmd.obj (.text:CMD_help)
                  0000597c    00000078     nortos_msp432p401x.aem4f : ClockPTimer_nortos.oem4f (.text:ClockP_walkQueueDynamic)
                  000059f4    00000078     system_msp432p401r.obj (.text:SystemInit)
                  00005a6c    00000078     drivers_msp432p401x.aem4f : SDSPI.oem4f (.text:transmitDataBlock)
                  00005ae4    00000074     msp432p4xx_driverlib.lib : i2c.o (.text:I2C_masterSendMultiByteStartWithTimeout)
                  00005b58    00000074     fatfs.a : ff.obj (.text:follow_path)
                  00005bcc    00000070     nortos_msp432p401x.aem4f : HwiPMSP432_nortos.oem4f (.text:HwiP_construct)
                  00005c3c    00000070     fatfs.a : ff.obj (.text:remove_chain)
                  00005cac    00000070     rtsv7M4_T_le_v4SPD16_eabi.lib : autoinit.obj (.text)
                  00005d1c    0000006e     fatfs.a : ff.obj (.text:check_fs)
                  00005d8a    00000002     --HOLE-- [fill = 0]
                  00005d8c    0000006c     cmd.obj (.text:CMD_diagnose)
                  00005df8    0000006c     drivers_msp432p401x.aem4f : SDSPI.oem4f (.text:SDSPI_open)
                  00005e64    0000006c     nortos_msp432p401x.aem4f : TimerPMSP432_nortos.oem4f (.text:TimerP_getCurrentTick)
                  00005ed0    0000006c     main.obj (.text:configureSDCard)
                  00005f3c    0000006a     rtsv7M4_T_le_v4SPD16_eabi.lib : copy_decompress_rle.obj (.text)
                  00005fa6    00000002     --HOLE-- [fill = 0]
                  00005fa8    00000068     drivers_msp432p401x.aem4f : GPIOMSP432.oem4f (.text:GPIO_hwiIntFxn)
                  00006010    00000068     msp432p4xx_driverlib.lib : i2c.o (.text:I2C_masterSendMultiByteStart)
                  00006078    00000068                              : interrupt.o (.text:Interrupt_pendInterrupt)
                  000060e0    00000068     nortos_msp432p401x.aem4f : SwiP_nortos.oem4f (.text:SwiP_post)
                  00006148    00000068     rtsv7M4_T_le_v4SPD16_eabi.lib : trgmsg.obj (.text)
                  000061b0    00000064     drivers_msp432p401x.aem4f : PowerMSP432.oem4f (.text:PowerMSP432_getFreqs)
                  00006214    00000064                               : SPIMSP432DMA.oem4f (.text:SPIMSP432DMA_close)
                  00006278    00000064     rtsv7M4_T_le_v4SPD16_eabi.lib : fseek.obj (.text)
                  000062dc    00000062     msp432p4xx_driverlib.lib : i2c.o (.text:I2C_initMaster)
                  0000633e    00000002     --HOLE-- [fill = 0]
                  00006340    0000005c     drivers_msp432p401x.aem4f : GPIOMSP432.oem4f (.text:GPIO_write)
                  0000639c    0000005c     msp432p4xx_driverlib.lib : interrupt.o (.text:Interrupt_registerInterrupt)
                  000063f8    0000005a     fatfs.a : ff.obj (.text:dir_read)
                  00006452    00000002     --HOLE-- [fill = 0]
                  00006454    00000058     drivers_msp432p401x.aem4f : GPIOMSP432.oem4f (.text:GPIO_setCallback)
                  000064ac    00000058     msp432p4xx_driverlib.lib : interrupt.o (.text:Interrupt_unpendInterrupt)
                  00006504    00000058     nortos_msp432p401x.aem4f : TimerPMSP432_nortos.oem4f (.text:TimerP_dynamicStub)
                  0000655c    00000058     drivers_msp432p401x.aem4f : SPIMSP432DMA.oem4f (.text:spiHwiFxn)
                  000065b4    00000056     msp432p4xx_driverlib.lib : uart.o (.text:UART_getEnabledInterruptStatus)
                  0000660a    00000002     --HOLE-- [fill = 0]
                  0000660c    00000054                              : interrupt.o (.text:Interrupt_setPriority)
                  00006660    00000054     fatfs.a : ff.obj (.text:dir_find)
                  000066b4    00000054     rtsv7M4_T_le_v4SPD16_eabi.lib : boot.obj (.text)
                  00006708    00000054                                   : exit.obj (.text)
                  0000675c    00000054     drivers_msp432p401x.aem4f : SDSPI.oem4f (.text:waitUntilReady)
                  000067b0    00000052     fatfs.a : ff.obj (.text:dir_clear)
                  00006802    00000002     --HOLE-- [fill = 0]
                  00006804    00000050     cmd.obj (.text:CMD_getData)
                  00006854    00000050     nortos_msp432p401x.aem4f : SemaphoreP_nortos.oem4f (.text:SemaphoreP_construct)
                  000068a4    00000050     drivers_msp432p401x.aem4f : UDMAMSP432.oem4f (.text:UDMAMSP432_hwiFxn)
                  000068f4    0000004c     rtsv7M4_T_le_v4SPD16_eabi.lib : cpy_tbl.obj (.text)
                  00006940    0000004a     fatfs.a : ff.obj (.text:validate)
                  0000698a    00000002     --HOLE-- [fill = 0]
                  0000698c    00000048     msp432p4xx_driverlib.lib : i2c.o (.text:I2C_masterSendMultiByteNextWithTimeout)
                  000069d4    00000048     nortos_msp432p401x.aem4f : PowerMSP432_nortos.oem4f (.text:PowerMSP432_sleepPolicy)
                  00006a1c    00000048     drivers_msp432p401x.aem4f : PowerMSP432.oem4f (.text:Power_releaseConstraint)
                  00006a64    00000046     fatfs.a : ff.obj (.text:dir_alloc)
                  00006aaa    00000002     --HOLE-- [fill = 0]
                  00006aac    00000044     drivers_msp432p401x.aem4f : SDFatFS.oem4f (.text:SDFatFS_init)
                  00006af0    00000044                               : SD.oem4f (.text:SD_init)
                  00006b34    00000044                               : SPI.oem4f (.text:SPI_init)
                  00006b78    00000044     nortos_msp432p401x.aem4f : SemaphoreP_nortos.oem4f (.text:SemaphoreP_post)
                  00006bbc    00000044                              : SwiP_nortos.oem4f (.text:SwiP_restore)
                  00006c00    00000044                              : TimerPMSP432_nortos.oem4f (.text:TimerP_start)
                  00006c44    00000044     fatfs.a : ff.obj (.text:get_ldnumber)
                  00006c88    00000044             : ff.obj (.text:sync_window)
                  00006ccc    00000040     nortos_msp432p401x.aem4f : TimerPMSP432_nortos.oem4f (.text:TimerP_setNextTick)
                  00006d0c    00000040     msp432p4xx_driverlib.lib : spi.o (.text:is_A_Module)
                  00006d4c    00000040     rtsv7M4_T_le_v4SPD16_eabi.lib : strtok.obj (.text)
                  00006d8c    0000003c     drivers_msp432p401x.aem4f : SDFatFS.oem4f (.text:SDFatFS_diskIOctrl)
                  00006dc8    0000003c                               : SD.oem4f (.text:SD_open)
                  00006e04    0000003c                               : SPI.oem4f (.text:SPI_open)
                  00006e40    0000003c     nortos_msp432p401x.aem4f : TimerPMSP432_nortos.oem4f (.text:TimerP_initDevice)
                  00006e7c    0000003c     main.obj (.text:configureConsoleUART)
                  00006eb8    0000003c     main.obj (.text:configureI2CBus)
                  00006ef4    0000003a     fatfs.a : ff.obj (.text:dir_register)
                  00006f2e    00000002     --HOLE-- [fill = 0]
                  00006f30    00000038     drivers_msp432p401x.aem4f : PowerMSP432.oem4f (.text:Power_setConstraint)
                  00006f68    00000038                               : SDFatFS.oem4f (.text:SDFatFS_close)
                  00006fa0    00000038                               : PowerMSP432.oem4f (.text:notify)
                  00006fd8    00000036     fatfs.a : ff.obj (.text:move_window)
                  0000700e    00000002     --HOLE-- [fill = 0]
                  00007010    00000034     msp432p4xx_driverlib.lib : cs.o (.text:CS_setDCOCenteredFrequency)
                  00007044    00000034     fatfs.a : ff.obj (.text:dbc_2nd)
                  00007078    00000034             : ffcio.obj (.text:ffcio_lseek)
                  000070ac    00000030     msp432p4xx_driverlib.lib : uart.o (.text:UART_enableInterrupt)
                  000070dc    00000030     drivers_msp432p401x.aem4f : SPIMSP432DMA.oem4f (.text:mapPin)
                  0000710c    00000030     rtsv7M4_T_le_v4SPD16_eabi.lib : strncpy.obj (.text)
                  0000713c    0000002c     drivers_msp432p401x.aem4f : SDFatFS.oem4f (.text:SDFatFS_diskRead)
                  00007168    0000002c                               : SDFatFS.oem4f (.text:SDFatFS_diskWrite)
                  00007194    0000002c     fatfs.a : diskio.obj (.text:disk_register)
                  000071c0    0000002a     nortos_msp432p401x.aem4f : HwiPMSP432_nortos.oem4f (.text:HwiP_create)
                  000071ea    0000002a     drivers_msp432p401x.aem4f : SPIMSP432DMA.oem4f (.text:perfChangeNotifyFxn)
                  00007214    0000002a     rtsv7M4_T_le_v4SPD16_eabi.lib : strspn.obj (.text)
                  0000723e    00000002     --HOLE-- [fill = 0]
                  00007240    00000028     nortos_msp432p401x.aem4f : ClockPTimer_nortos.oem4f (.text:ClockP_getSystemTicks)
                  00007268    00000028     drivers_msp432p401x.aem4f : PowerMSP432.oem4f (.text:Power_registerNotify)
                  00007290    00000028     msp432p4xx_driverlib.lib : spi.o (.text:SPI_getInterruptStatus)
                  000072b8    00000028     fatfs.a : ff.obj (.text:dbc_1st)
                  000072e0    00000028     drivers_msp432p401x.aem4f : PowerMSP432.oem4f (.text:disableFaultCounter)
                  00007308    00000028                               : PowerMSP432.oem4f (.text:disableHFXT)
                  00007330    00000028     fatfs.a : diskio.obj (.text:disk_unregister)
                  00007358    00000028             : ff.obj (.text:ld_clust)
                  00007380    00000026     drivers_msp432p401x.aem4f : List.oem4f (.text:List_put)
                  000073a6    00000026                               : List.oem4f (.text:List_remove)
                  000073cc    00000026     fatfs.a : ff.obj (.text:f_close)
                  000073f2    00000002     --HOLE-- [fill = 0]
                  000073f4    00000024     nortos_msp432p401x.aem4f : ClockPTimer_nortos.oem4f (.text:ClockP_getTicks)
                  00007418    00000024                              : ClockPTimer_nortos.oem4f (.text:ClockP_scheduleNextTick)
                  0000743c    00000024                              : HwiPMSP432_nortos.oem4f (.text:HwiP_dispatch)
                  00007460    00000024     drivers_msp432p401x.aem4f : SDFatFS.oem4f (.text:SDFatFS_diskInitialize)
                  00007484    00000024                               : SDSPI.oem4f (.text:SDSPI_close)
                  000074a8    00000024     fatfs.a : diskio.obj (.text:disk_ioctl)
                  000074cc    00000024             : diskio.obj (.text:disk_read)
                  000074f0    00000024     printf.obj (.text:puts)
                  00007514    00000024     rtsv7M4_T_le_v4SPD16_eabi.lib : strcspn.obj (.text)
                  00007538    00000024     fatfs.a : ff.obj (.text:st_clust)
                  0000755c    00000022             : ff.obj (.text:mem_cmp)
                  0000757e    00000002     --HOLE-- [fill = 0]
                  00007580    00000020     msp432p4xx_driverlib.lib : cs.o (.text:CS_setExternalClockSourceFrequency)
                  000075a0    00000020     nortos_msp432p401x.aem4f : ClockPTimer_nortos.oem4f (.text:ClockP_add)
                  000075c0    00000020     drivers_msp432p401x.aem4f : PowerMSP432.oem4f (.text:Power_unregisterNotify)
                  000075e0    00000020     nortos_msp432p401x.aem4f : QueueP_nortos.oem4f (.text:QueueP_put)
                  00007600    00000020     fatfs.a : diskio.obj (.text:disk_write)
                  00007620    00000020             : ffcio.obj (.text:ffcio_close)
                  00007640    00000020             : ffcio.obj (.text:ffcio_read)
                  00007660    00000020             : ffcio.obj (.text:ffcio_write)
                  00007680    00000020     printf.obj (.text:sendByte)
                  000076a0    00000020     drivers_msp432p401x.aem4f : SDSPI.oem4f (.text:sendInitialClockTrain)
                  000076c0    00000020                               : SDSPI.oem4f (.text:spiTransfer)
                  000076e0    0000001c     msp432p4xx_driverlib.lib : i2c.o (.text:I2C_setMode)
                  000076fc    0000001c                              : interrupt.o (.text:Interrupt_unregisterInterrupt)
                  00007718    0000001c     nortos_msp432p401x.aem4f : SwiP_nortos.oem4f (.text:SwiP_disable)
                  00007734    0000001c     fatfs.a : ff.obj (.text:dir_remove)
                  00007750    0000001c             : diskio.obj (.text:disk_initialize)
                  0000776c    0000001c             : diskio.obj (.text:disk_status)
                  00007788    0000001c     MSP_EXP432P401R.obj (.text:dmaErrorHwi)
                  000077a4    0000001c     printf.obj (.text:puth)
                  000077c0    0000001a     nortos_msp432p401x.aem4f : QueueP_nortos.oem4f (.text:QueueP_get)
                  000077da    0000001a                              : SemaphoreP_nortos.oem4f (.text:SemaphoreP_createBinary)
                  000077f4    00000018                              : ClockPTimer_nortos.oem4f (.text:ClockP_destruct)
                  0000780c    00000018     msp432p4xx_driverlib.lib : spi.o (.text:EUSCI_A_SPI_getInterruptStatus)
                  00007824    00000018                              : spi.o (.text:EUSCI_B_SPI_getInterruptStatus)
                  0000783c    00000018     nortos_msp432p401x.aem4f : HwiPMSP432_nortos.oem4f (.text:HwiP_delete)
                  00007854    00000018                              : HwiPMSP432_nortos.oem4f (.text:HwiP_inISR)
                  0000786c    00000018     msp432p4xx_driverlib.lib : sysctl_a.o (.text:SysCtl_A_disableNMISource)
                  00007884    00000018                              : sysctl_a.o (.text:SysCtl_A_enableNMISource)
                  0000789c    00000018                              : uart.o (.text:UART_getInterruptStatus)
                  000078b4    00000018     fatfs.a : ff.obj (.text:clst2sect)
                  000078cc    00000018             : ffsystem.obj (.text:ff_cre_syncobj)
                  000078e4    00000018     rtsv7M4_T_le_v4SPD16_eabi.lib : args_main.obj (.text)
                  000078fc    00000018                                   : strcmp.obj (.text)
                  00007914    00000016     msp432p4xx_driverlib.lib : i2c.o (.text:I2C_clearInterruptFlag)
                  0000792a    00000016                              : i2c.o (.text:I2C_enableInterrupt)
                  00007940    00000016                              : i2c.o (.text:I2C_enableModule)
                  00007956    00000016     nortos_msp432p401x.aem4f : SemaphoreP_nortos.oem4f (.text:SemaphoreP_create)
                  0000796c    00000016     msp432p4xx_driverlib.lib : uart.o (.text:UART_clearInterruptFlag)
                  00007982    00000016                              : uart.o (.text:UART_enableModule)
                  00007998    00000016     fatfs.a : ff.obj (.text:ld_dword)
                  000079ae    00000016     nortos_msp432p401x.aem4f : SwiP_nortos.oem4f (.text:maxbit)
                  000079c4    00000016     fatfs.a : ff.obj (.text:mem_cpy)
                  000079da    00000016     rtsv7M4_T_le_v4SPD16_eabi.lib : strchr.obj (.text)
                  000079f0    00000016     fatfs.a : ff.obj (.text:st_dword)
                  00007a06    00000016             : ff.obj (.text:unlock_fs)
                  00007a1c    00000014     msp432p4xx_driverlib.lib : i2c.o (.text:I2C_setSlaveAddress)
                  00007a30    00000014     drivers_msp432p401x.aem4f : PowerMSP432.oem4f (.text:Power_idleFunc)
                  00007a44    00000014                               : SPI.oem4f (.text:SPI_Params_init)
                  00007a58    00000014     nortos_msp432p401x.aem4f : SwiP_nortos.oem4f (.text:SwiP_handleHwi)
                  00007a6c    00000014                              : TimerPMSP432_nortos.oem4f (.text:TimerP_getCount)
                  00007a80    00000014     fatfs.a : ffsystem.obj (.text:ff_req_grant)
                  00007a94    00000014     rtsv7M4_T_le_v4SPD16_eabi.lib : _lock.obj (.text)
                  00007aa8    00000014                                   : strcpy.obj (.text)
                  00007abc    00000014                                   : strlen.obj (.text)
                  00007ad0    00000012     nortos_msp432p401x.aem4f : HwiPMSP432_nortos.oem4f (.text:HwiP_Params_init)
                  00007ae2    00000012     fatfs.a : ff.obj (.text:chk_chr)
                  00007af4    00000012             : ffcio.obj (.text:ffcio_rename)
                  00007b06    00000012             : ffcio.obj (.text:ffcio_unlink)
                  00007b18    00000012             : ff.obj (.text:mem_set)
                  00007b2a    00000012     printf.obj (.text:putc)
                  00007b3c    00000010     nortos_msp432p401x.aem4f : HwiPMSP432_nortos.oem4f (.text:HwiP_disable)
                  00007b4c    00000010     msp432p4xx_driverlib.lib : interrupt.o (.text:Interrupt_disableMaster)
                  00007b5c    00000010                              : interrupt.o (.text:Interrupt_enableMaster)
                  00007b6c    00000010     drivers_msp432p401x.aem4f : PowerMSP432.oem4f (.text:PowerMSP432_getNumPerfLevels)
                  00007b7c    00000010                               : PowerMSP432.oem4f (.text:Power_disablePolicy)
                  00007b8c    00000010                               : PowerMSP432.oem4f (.text:Power_enablePolicy)
                  00007b9c    00000010                               : SDFatFS.oem4f (.text:SDFatFS_diskStatus)
                  00007bac    00000010     nortos_msp432p401x.aem4f : SemaphoreP_nortos.oem4f (.text:SemaphoreP_Params_init)
                  00007bbc    00000010                              : SwiP_nortos.oem4f (.text:SwiP_Params_init)
                  00007bcc    00000010     msp432p4xx_driverlib.lib : sysctl_a.o (.text:SysCtl_A_getNMISourceStatus)
                  00007bdc    00000010                              : sysctl.o (.text:SysCtl_getNMISourceStatus)
                  00007bec    00000010     nortos_msp432p401x.aem4f : TimerPMSP432_nortos.oem4f (.text:TimerP_Params_init)
                  00007bfc    0000000e                              : QueueP_nortos.oem4f (.text:QueueP_empty)
                  00007c0a    0000000e                              : QueueP_nortos.oem4f (.text:QueueP_remove)
                  00007c18    0000000e     rtsv7M4_T_le_v4SPD16_eabi.lib : copy_decompress_none.obj (.text:decompress:none)
                  00007c26    0000000c     msp432p4xx_driverlib.lib : cpu.o (.text:CPU_cpsid)
                  00007c32    0000000c                              : cpu.o (.text:CPU_cpsie)
                  00007c3e    00000002     --HOLE-- [fill = 0]
                  00007c40    0000000c     nortos_msp432p401x.aem4f : ClockPTimer_nortos.oem4f (.text:ClockP_doTick)
                  00007c4c    0000000c                              : ClockPTimer_nortos.oem4f (.text:ClockP_getSystemTickPeriod)
                  00007c58    0000000c     drivers_msp432p401x.aem4f : PowerMSP432.oem4f (.text:Power_getConstraintMask)
                  00007c64    0000000c                               : PowerMSP432.oem4f (.text:Power_getPerformanceLevel)
                  00007c70    0000000c     startup_msp432p401r_ccs.obj (.text:Reset_Handler)
                  00007c7c    0000000c     drivers_msp432p401x.aem4f : SDSPI.oem4f (.text:SDSPI_init)
                  00007c88    0000000c     nortos_msp432p401x.aem4f : TimerPMSP432_nortos.oem4f (.text:TimerP_getFreq)
                  00007c94    0000000c                              : TimerPMSP432_nortos.oem4f (.text:TimerP_getMaxTicks)
                  00007ca0    0000000c     fatfs.a : ff.obj (.text:ld_word)
                  00007cac    0000000a     drivers_msp432p401x.aem4f : SD.oem4f (.text:SD_close)
                  00007cb6    0000000a                               : SD.oem4f (.text:SD_getNumSectors)
                  00007cc0    0000000a                               : SD.oem4f (.text:SD_getSectorSize)
                  00007cca    0000000a                               : SD.oem4f (.text:SD_initialize)
                  00007cd4    0000000a                               : SD.oem4f (.text:SD_read)
                  00007cde    0000000a                               : SD.oem4f (.text:SD_write)
                  00007ce8    0000000a                               : SPI.oem4f (.text:SPI_close)
                  00007cf2    0000000a                               : SPI.oem4f (.text:SPI_transfer)
                  00007cfc    0000000a     fatfs.a : ffsystem.obj (.text:ff_del_syncobj)
                  00007d06    0000000a             : ff.obj (.text:st_word)
                  00007d10    00000008     nortos_msp432p401x.aem4f : HwiPMSP432_nortos.oem4f (.text:HwiP_restore)
                  00007d18    00000008     MSP_EXP432P401R.obj (.text:MSP_EXP432P401R_initGeneral)
                  00007d20    00000008     drivers_msp432p401x.aem4f : SPIMSP432DMA.oem4f (.text:blockingTransferCallback)
                  00007d28    00000008     main.obj (.text:fatfs_getFatTime)
                  00007d30    00000008     rtsv7M4_T_le_v4SPD16_eabi.lib : rewind.obj (.text)
                  00007d38    00000006     nortos_msp432p401x.aem4f : QueueP_nortos.oem4f (.text:QueueP_init)
                  00007d3e    00000006     drivers_msp432p401x.aem4f : SDSPI.oem4f (.text:SDSPI_control)
                  00007d44    00000006                               : SDSPI.oem4f (.text:SDSPI_getSectorSize)
                  00007d4a    00000006                               : SPIMSP432DMA.oem4f (.text:SPIMSP432DMA_control)
                  00007d50    00000006     rtsv7M4_T_le_v4SPD16_eabi.lib : copy_decompress_rle.obj (.text:decompress:rle24)
                  00007d56    00000006     fatfs.a : ff.obj (.text:lock_fs)
                  00007d5c    00000004     nortos_msp432p401x.aem4f : ClockPTimer_nortos.oem4f (.text:ClockP_isActive)
                  00007d60    00000004                              : HwiPMSP432_nortos.oem4f (.text:HwiP_clearInterrupt)
                  00007d64    00000004                              : HwiPMSP432_nortos.oem4f (.text:HwiP_disableInterrupt)
                  00007d68    00000004                              : HwiPMSP432_nortos.oem4f (.text:HwiP_enableInterrupt)
                  00007d6c    00000004                              : HwiPMSP432_nortos.oem4f (.text:HwiP_post)
                  00007d70    00000004                              : QueueP_nortos.oem4f (.text:QueueP_head)
                  00007d74    00000004                              : QueueP_nortos.oem4f (.text:QueueP_next)
                  00007d78    00000004     drivers_msp432p401x.aem4f : SPIMSP432DMA.oem4f (.text:SPIMSP432DMA_init)
                  00007d7c    00000004     nortos_msp432p401x.aem4f : SemaphoreP_nortos.oem4f (.text:SemaphoreP_delete)
                  00007d80    00000004                              : TimerPMSP432_nortos.oem4f (.text:TimerP_setPeriod)
                  00007d84    00000004     fatfs.a : diskio.obj (.text:get_fattime)
                  00007d88    00000004     rtsv7M4_T_le_v4SPD16_eabi.lib : pre_init.obj (.text)

.const     0    00007d8c    00000534     
                  00007d8c    00000134     cmd.obj (.const:.string)
                  00007ec0    00000101     rtsv7M4_T_le_v4SPD16_eabi.lib : ctype.obj (.const:.string:_ctypes_)
                  00007fc1    00000003     MSP_EXP432P401R.obj (.const)
                  00007fc4    00000090     MSP_EXP432P401R.obj (.const:spiMSP432DMAHWAttrs)
                  00008054    00000050     msp432p4xx_driverlib.lib : interrupt.o (.const:g_pulRegs)
                  000080a4    00000038     MSP_EXP432P401R.obj (.const:PowerMSP432_config)
                  000080dc    00000030     msp432p4xx_driverlib.lib : gpio.o (.const:GPIO_PORT_TO_BASE)
                  0000810c    00000030     MSP_EXP432P401R.obj (.const:SPI_config)
                  0000813c    00000028     printf.obj (.const:dv)
                  00008164    00000024     drivers_msp432p401x.aem4f : SDSPI.oem4f (.const:SDSPI_fxnTable)
                  00008188    00000024     main.obj (.const:consoleConfig)
                  000081ac    00000020     drivers_msp432p401x.aem4f : SPI.oem4f (.const:SPI_defaultParams)
                  000081cc    00000018                               : SPIMSP432DMA.oem4f (.const:SPIMSP432DMA_fxnTable)
                  000081e4    00000014     MSP_EXP432P401R.obj (.const:GPIOMSP432_config)
                  000081f8    00000014     main.obj (.const:i2cBusConfig)
                  0000820c    00000010     printf.obj (.const:.string:hex$1)
                  0000821c    00000010     nortos_msp432p401x.aem4f : SwiP_nortos.oem4f (.const:SwiP_defaultParams)
                  0000822c    0000000f     main.obj (.const:.string:daq1)
                  0000823b    00000001     --HOLE-- [fill = 0]
                  0000823c    0000000c     MSP_EXP432P401R.obj (.const:SD_config)
                  00008248    0000000c     MSP_EXP432P401R.obj (.const:udmaMSP432HWAttrs)
                  00008254    0000000a     drivers_msp432p401x.aem4f : SDSPI.oem4f (.const:.string:$P$T2$3)
                  0000825e    0000000a     fatfs.a : ff.obj (.const:.string:DbcTbl)
                  00008268    00000008     main.obj (.const:.string:DAQAddresses)
                  00008270    00000008     MSP_EXP432P401R.obj (.const:UDMAMSP432_config)
                  00008278    00000008     drivers_msp432p401x.aem4f : SPIMSP432DMA.oem4f (.const:frameFormat)
                  00008280    00000008     msp432p4xx_driverlib.lib : interrupt.o (.const:g_pulDisRegs)
                  00008288    00000008                              : interrupt.o (.const:g_pulEnRegs)
                  00008290    00000008                              : interrupt.o (.const:g_pulPendRegs)
                  00008298    00000008                              : interrupt.o (.const:g_pulUnpendRegs)
                  000082a0    00000006     drivers_msp432p401x.aem4f : GPIOMSP432.oem4f (.const:.string:interruptType)
                  000082a6    00000006                               : GPIOMSP432.oem4f (.const:.string:portInterruptIds)
                  000082ac    00000004                               : SDSPI.oem4f (.const:.string:$P$T0$1)
                  000082b0    00000004     MSP_EXP432P401R.obj (.const:SDFatFS_config)
                  000082b4    00000004     drivers_msp432p401x.aem4f : SD.oem4f (.const:SD_defaultParams)
                  000082b8    00000004     MSP_EXP432P401R.obj (.const:sdspiHWAttrs)
                  000082bc    00000002     drivers_msp432p401x.aem4f : SDSPI.oem4f (.const:.string:$P$T1$2)
                  000082be    00000002                               : SDSPI.oem4f (.const:.string:$P$T3$4)

.cinit     0    000082c0    00000254     
                  000082c0    00000214     (.cinit..data.load) [load image, compression = rle]
                  000084d4    00000004     --HOLE-- [fill = 0]
                  000084d8    0000000b     (.cinit..bss.load) [load image, compression = rle]
                  000084e3    00000005     --HOLE-- [fill = 0]
                  000084e8    00000009     (.cinit..vtable.load) [load image, compression = rle]
                  000084f1    00000003     --HOLE-- [fill = 0]
                  000084f4    00000008     (__TI_handler_table)
                  000084fc    00000018     (__TI_cinit_table)

.init_array 
*          0    00000000    00000000     UNINITIALIZED

.binit     0    00000000    00000000     

.vtable    0    20000000    000000e8     UNINITIALIZED
                  20000000    000000e8     msp432p4xx_driverlib.lib : interrupt.o (.vtable)

.bss       0    20000100    00000be0     UNINITIALIZED
                  20000100    00000258     main.obj (.bss:RXData)
                  20000358    00000240     (.common:sdfatfsObjects)
                  20000598    00000120     rtsv7M4_T_le_v4SPD16_eabi.lib : trgmsg.obj (.bss:_CIOBUF_)
                  200006b8    00000120     (.common:spiMSP432DMAObjects)
                  200007d8    00000028     fatfs.a : ffcio.obj (.bss:filTable)
                  20000800    00000100     MSP_EXP432P401R.obj (.bss:dmaControlTable)
                  20000900    000000a0     nortos_msp432p401x.aem4f : ClockPTimer_nortos.oem4f (.bss:ClockP_module)
                  200009a0    000000a0     (.common:__TI_tmpnams)
                  20000a40    00000080     main.obj (.bss:COMMAND)
                  20000ac0    00000080     main.obj (.bss:consoleInput)
                  20000b40    00000030     drivers_msp432p401x.aem4f : GPIOMSP432.oem4f (.bss:gpioCallbackInfo)
                  20000b70    0000002a     (.common:gps)
                  20000b9a    00000002     fatfs.a : ff.obj (.bss)
                  20000b9c    00000024     cmdline.obj (.bss:g_ppcArgv)
                  20000bc0    00000020     nortos_msp432p401x.aem4f : SwiP_nortos.oem4f (.bss:SwiP_readyList)
                  20000be0    00000020     drivers_msp432p401x.aem4f : UDMAMSP432.oem4f (.bss:hwiFxnArgs)
                  20000c00    00000020                               : UDMAMSP432.oem4f (.bss:hwiFxnHandlers)
                  20000c20    0000001c     nortos_msp432p401x.aem4f : SwiP_nortos.oem4f (.bss:SwiP_hwiStruct)
                  20000c3c    0000001c                              : TimerPMSP432_nortos.oem4f (.bss:TimerP_hwiStruct)
                  20000c58    00000010     fatfs.a : ff.obj (.bss:FatFs)
                  20000c68    00000010     drivers_msp432p401x.aem4f : UDMAMSP432.oem4f (.bss:hwiHandles)
                  20000c78    00000010                               : SDFatFS.oem4f (.bss:sdFatFSHandles)
                  20000c88    0000000d     nortos_msp432p401x.aem4f : SwiP_nortos.oem4f (.bss)
                  20000c95    00000001     (.common:udmaMSP432Object)
                  20000c96    00000002     (.common:compare_value)
                  20000c98    0000000c     (.common:sdspiObjects)
                  20000ca4    00000008     msp432p4xx_driverlib.lib : cs.o (.bss)
                  20000cac    00000008     rtsv7M4_T_le_v4SPD16_eabi.lib : trgdrv.obj (.bss:parmbuf)
                  20000cb4    00000008     nortos_msp432p401x.aem4f : ClockPTimer_nortos.oem4f (.bss:timerFreq)
                  20000cbc    00000008     (.common:format)
                  20000cc4    00000004     drivers_msp432p401x.aem4f : GPIOMSP432.oem4f (.bss)
                  20000cc8    00000004     main.obj (.bss)
                  20000ccc    00000004     nortos_msp432p401x.aem4f : ClockPTimer_nortos.oem4f (.bss)
                  20000cd0    00000004                              : TimerPMSP432_nortos.oem4f (.bss)
                  20000cd4    00000004     (.common:masterToSlavePacket)
                  20000cd8    00000004     (.common:sdfatfsHandle)
                  20000cdc    00000004     (.common:src)

.sysmem    0    20000ce0    00000800     UNINITIALIZED
                  20000ce0    00000008     rtsv7M4_T_le_v4SPD16_eabi.lib : memory.obj (.sysmem)
                  20000ce8    000007f8     --HOLE--

.data      0    200014e0    000005f2     UNINITIALIZED
                  200014e0    00000140     nortos_msp432p401x.aem4f : HwiPMSP432_nortos.oem4f (.data:HwiP_dispatchTable)
                  20001620    00000130     drivers_msp432p401x.aem4f : PowerMSP432.oem4f (.data:PowerMSP432_perfLevels)
                  20001750    000000f0     rtsv7M4_T_le_v4SPD16_eabi.lib : defs.obj (.data:_ftable)
                  20001840    000000d0                                   : lowlev.obj (.data:$O1$$)
                  20001910    0000006c     cmd.obj (.data:g_psCmdTable)
                  2000197c    00000050     fatfs.a : diskio.obj (.data:drive_fxn_table)
                  200019cc    00000030     MSP_EXP432P401R.obj (.data:gpioPinConfigs)
                  200019fc    0000002c     drivers_msp432p401x.aem4f : PowerMSP432.oem4f (.data:PowerMSP432_module)
                  20001a28    00000014     main.obj (.data)
                  20001a3c    00000010     drivers_msp432p401x.aem4f : UDMAMSP432.oem4f (.data)
                  20001a4c    00000010     MSP_EXP432P401R.obj (.data:gpioCallbackFunctions)
                  20001a5c    00000010     rtsv7M4_T_le_v4SPD16_eabi.lib : defs.obj (.data)
                  20001a6c    0000000c                                   : exit.obj (.data:$O1$$)
                  20001a78    0000000c                                   : memory.obj (.data:$O1$$)
                  20001a84    0000000c     nortos_msp432p401x.aem4f : TimerPMSP432_nortos.oem4f (.data:TimerP_defaultParams)
                  20001a90    00000008     rtsv7M4_T_le_v4SPD16_eabi.lib : _lock.obj (.data:$O1$$)
                  20001a98    00000008     nortos_msp432p401x.aem4f : SemaphoreP_nortos.oem4f (.data:SemaphoreP_defaultParams)
                  20001aa0    00000008                              : ClockPTimer_nortos.oem4f (.data)
                  20001aa8    00000008                              : HwiPMSP432_nortos.oem4f (.data)
                  20001ab0    00000004     fatfs.a : ffcio.obj (.data)
                  20001ab4    00000004     main.obj (.data:fatfsPrefix)
                  20001ab8    00000004     rtsv7M4_T_le_v4SPD16_eabi.lib : errno.obj (.data)
                  20001abc    00000004                                   : fopen.obj (.data)
                  20001ac0    00000004                                   : stkdepth_vars.obj (.data)
                  20001ac4    00000004                                   : strtok.obj (.data)
                  20001ac8    00000003     nortos_msp432p401x.aem4f : SemaphoreP_nortos.oem4f (.data)
                  20001acb    00000002     drivers_msp432p401x.aem4f : GPIOMSP432.oem4f (.data)
                  20001acd    00000001                               : SD.oem4f (.data)
                  20001ace    00000001                               : SDFatFS.oem4f (.data)
                  20001acf    00000001                               : SPI.oem4f (.data)
                  20001ad0    00000001     nortos_msp432p401x.aem4f : SwiP_nortos.oem4f (.data)
                  20001ad1    00000001                              : TimerPMSP432_nortos.oem4f (.data)

.stack     0    2000fe00    00000200     UNINITIALIZED
                  2000fe00    00000200     --HOLE--

MODULE SUMMARY

       Module                        code    ro data   rw data
       ------                        ----    -------   -------
    ./
       main.obj                      2128    79        1896   
       system_msp432p401r.obj        120     0         0      
    +--+-----------------------------+-------+---------+---------+
       Total:                        2248    79        1896   
                                                              
    ./boardConfigs/
       MSP_EXP432P401R.obj           36      311       2394   
    +--+-----------------------------+-------+---------+---------+
       Total:                        36      311       2394   
                                                              
    ./ccs/
       startup_msp432p401r_ccs.obj   14      228       0      
    +--+-----------------------------+-------+---------+---------+
       Total:                        14      228       0      
                                                              
    ./utils/
       cmd.obj                       1372    308       216    
       printf.obj                    598     56        0      
       cmdline.obj                   172     0         72     
    +--+-----------------------------+-------+---------+---------+
       Total:                        2142    364       288    
                                                              
    /opt/ti/ccsv6/tools/compiler/arm_15.12.3.LTS/lib/rtsv7M4_T_le_v4SPD16_eabi.lib
       lowlev.obj                    780     0         416    
       memory.obj                    988     0         24     
       defs.obj                      0       0         832    
       trgdrv.obj                    804     0         16     
       trgmsg.obj                    104     0         576    
       ull_div_t2.obj                500     0         0      
       fopen.obj                     452     0         8      
       strtol.obj                    308     0         0      
       ctype.obj                     0       257       0      
       fread.obj                     236     0         0      
       setvbuf.obj                   220     0         0      
       fflush.obj                    200     0         0      
       _io_perm.obj                  172     0         0      
       _bufread.obj                  160     0         0      
       memcpy_t2.obj                 156     0         0      
       fclose.obj                    152     0         0      
       memset_t2.obj                 122     0         0      
       autoinit.obj                  112     0         0      
       copy_decompress_rle.obj       112     0         0      
       exit.obj                      84      0         24     
       fseek.obj                     100     0         0      
       boot.obj                      84      0         0      
       cpy_tbl.obj                   76      0         0      
       strtok.obj                    64      0         8      
       strncpy.obj                   48      0         0      
       strspn.obj                    42      0         0      
       _lock.obj                     20      0         16     
       strcspn.obj                   36      0         0      
       args_main.obj                 24      0         0      
       strcmp.obj                    24      0         0      
       strchr.obj                    22      0         0      
       strcpy.obj                    20      0         0      
       strlen.obj                    20      0         0      
       copy_decompress_none.obj      14      0         0      
       errno.obj                     0       0         8      
       rewind.obj                    8       0         0      
       stkdepth_vars.obj             0       0         8      
       pre_init.obj                  4       0         0      
       mpu_init.obj                  2       0         0      
       startup.obj                   2       0         0      
    +--+-----------------------------+-------+---------+---------+
       Total:                        6272    257       1936   
                                                              
    /opt/ti/simplelink_msp432p4_sdk_2_30_00_14/kernel/nortos/lib/nortos_msp432p401x.aem4f
       ClockPTimer_nortos.oem4f      796     0         360    
       HwiPMSP432_nortos.oem4f       296     0         656    
       SwiP_nortos.oem4f             630     16        148    
       TimerPMSP432_nortos.oem4f     644     0         90     
       SemaphoreP_nortos.oem4f       378     0         22     
       QueueP_nortos.oem4f           100     0         0      
       PowerMSP432_nortos.oem4f      76      0         0      
    +--+-----------------------------+-------+---------+---------+
       Total:                        2920    16        1276   
                                                              
    /opt/ti/simplelink_msp432p4_sdk_2_30_00_14/source/third_party/fatfs/lib/ccs/m4f/fatfs.a
       ff.obj                        5629    10        36     
       ffcio.obj                     352     0         88     
       diskio.obj                    248     0         160    
       ffsystem.obj                  54      0         0      
    +--+-----------------------------+-------+---------+---------+
       Total:                        6283    10        284    
                                                              
    /opt/ti/simplelink_msp432p4_sdk_2_30_00_14/source/ti/devices/msp432p4xx/driverlib/ccs/msp432p4xx_driverlib.lib
       interrupt.o                   686     112       464    
       cs.o                          1060    0         16     
       i2c.o                         504     0         0      
       uart.o                        454     0         0      
       spi.o                         328     0         0      
       dma.o                         240     0         0      
       gpio.o                        136     48        0      
       sysctl_a.o                    64      0         0      
       cpu.o                         24      0         0      
       sysctl.o                      16      0         0      
    +--+-----------------------------+-------+---------+---------+
       Total:                        3512    160       480    
                                                              
    /opt/ti/simplelink_msp432p4_sdk_2_30_00_14/source/ti/drivers/lib/drivers_msp432p401x.aem4f
       PowerMSP432.oem4f             2208    0         696    
       SPIMSP432DMA.oem4f            1902    32        0      
       SDSPI.oem4f                   1654    54        0      
       UDMAMSP432.oem4f              900     0         192    
       GPIOMSP432.oem4f              828     12        108    
       SDFatFS.oem4f                 532     0         34     
       SPI.oem4f                     168     32        2      
       SD.oem4f                      188     4         2      
       List.oem4f                    76      0         0      
    +--+-----------------------------+-------+---------+---------+
       Total:                        8456    134       1034   
                                                              
       Heap:                         0       0         4096   
       Stack:                        0       0         1024   
       Linker Generated:             0       584       0      
    +--+-----------------------------+-------+---------+---------+
       Grand Total:                  31883   2143      14708  


LINKER GENERATED COPY TABLES

__TI_cinit_table @ 000084fc records: 3, size/record: 8, table size: 24
	.data: load addr=000082c0, load size=00000214 bytes, run addr=200014e0, run size=000005f2 bytes, compression=rle
	.bss: load addr=000084d8, load size=0000000b bytes, run addr=20000100, run size=00000be0 bytes, compression=rle
	.vtable: load addr=000084e8, load size=00000009 bytes, run addr=20000000, run size=000000e8 bytes, compression=rle


LINKER GENERATED HANDLER TABLE

__TI_handler_table @ 000084f4 records: 2, size/record: 4, table size: 8
	index: 0, handler: __TI_decompress_rle24
	index: 1, handler: __TI_decompress_none


GLOBAL SYMBOLS: SORTED ALPHABETICALLY BY Name 

address   name                                      
-------   ----                                      
00001ddf  ADC14_IRQHandler                          
00001ddf  AES256_IRQHandler                         
00001ddf  BusFault_Handler                          
00006709  C$$EXIT                                   
00006177  C$$IO$$                                   
00005d8d  CMD_diagnose                              
00006805  CMD_getData                               
00005905  CMD_help                                  
00004191  CMD_mode                                  
000027b9  CMD_pwdn                                  
00002b49  CMD_pwup                                  
00004ac9  CMD_read                                  
00005161  CMD_setGain                               
00001ddf  COMP_E0_IRQHandler                        
00001ddf  COMP_E1_IRQHandler                        
00007c27  CPU_cpsid                                 
00007c33  CPU_cpsie                                 
00001ddf  CS_IRQHandler                             
000028e9  CS_initClockSignal                        
00007011  CS_setDCOCenteredFrequency                
00007581  CS_setExternalClockSourceFrequency        
00003649  CS_startHFXTWithTimeout                   
0000372d  CS_startLFXTWithTimeout                   
000075a1  ClockP_add                                
000077f5  ClockP_destruct                           
00007c41  ClockP_doTick                             
00007c4d  ClockP_getSystemTickPeriod                
00007241  ClockP_getSystemTicks                     
000073f5  ClockP_getTicks                           
00007d5d  ClockP_isActive                           
00007419  ClockP_scheduleNextTick                   
00005495  ClockP_start                              
000040dd  ClockP_startup                            
20001aa4  ClockP_tickPeriod                         
0000597d  ClockP_walkQueueDynamic                   
000042f1  ClockP_workFuncDynamic                    
0000439d  CmdLineProcess                            
00008268  DAQAddresses                              
00001ddf  DMA_ERR_IRQHandler                        
00001ddf  DMA_INT0_IRQHandler                       
00001ddf  DMA_INT1_IRQHandler                       
00001ddf  DMA_INT2_IRQHandler                       
00001ddf  DMA_INT3_IRQHandler                       
00003291  DMA_setChannelTransfer                    
00001ddf  DebugMon_Handler                          
00001ddf  Default_Handler                           
000048e9  EUSCIA0_IRQHandler                        
000048e9  EUSCIA0_IRQHandler                        
00001ddf  EUSCIA1_IRQHandler                        
00000de9  EUSCIA2_IRQHandler                        
00000de9  EUSCIA2_IRQHandler                        
00004449  EUSCIA3_IRQHandler                        
00004449  EUSCIA3_IRQHandler                        
00002f99  EUSCIB0_IRQHandler                        
00002f99  EUSCIB0_IRQHandler                        
00001ddf  EUSCIB1_IRQHandler                        
00001ddf  EUSCIB2_IRQHandler                        
00001ddf  EUSCIB3_IRQHandler                        
0000780d  EUSCI_A_SPI_getInterruptStatus            
00007825  EUSCI_B_SPI_getInterruptStatus            
00001ddf  FLCTL_IRQHandler                          
00001ddf  FPU_IRQHandler                            
000081e4  GPIOMSP432_config                         
00005fa9  GPIO_hwiIntFxn                            
000044f5  GPIO_init                                 
00005279  GPIO_setAsPeripheralModuleFunctionInputPin
00006455  GPIO_setCallback                          
00002111  GPIO_setConfig                            
00006341  GPIO_write                                
00000797  HOSTclock                                 
0000075f  HOSTclose                                 
00000721  HOSTgetenv                                
000006c5  HOSTlseek                                 
00000673  HOSTopen                                  
00000627  HOSTread                                  
000005c9  HOSTrename                                
0000058f  HOSTtime                                  
00000545  HOSTtime64                                
0000050d  HOSTunlink                                
000004c1  HOSTwrite                                 
00001ddf  HardFault_Handler                         
00007ad1  HwiP_Params_init                          
00007d61  HwiP_clearInterrupt                       
00005bcd  HwiP_construct                            
000071c1  HwiP_create                               
0000783d  HwiP_delete                               
00007b3d  HwiP_disable                              
00007d65  HwiP_disableInterrupt                     
0000743d  HwiP_dispatch                             
00007d69  HwiP_enableInterrupt                      
00007855  HwiP_inISR                                
20001aa8  HwiP_key                                  
00007d6d  HwiP_post                                 
00007d11  HwiP_restore                              
20001aac  HwiP_swiPIntNum                           
00007915  I2C_clearInterruptFlag                    
0000792b  I2C_enableInterrupt                       
00007941  I2C_enableModule                          
000062dd  I2C_initMaster                            
0000698d  I2C_masterSendMultiByteNextWithTimeout    
00006011  I2C_masterSendMultiByteStart              
00005ae5  I2C_masterSendMultiByteStartWithTimeout   
000076e1  I2C_setMode                               
00007a1d  I2C_setSlaveAddress                       
00005515  Interrupt_disableInterrupt                
00007b4d  Interrupt_disableMaster                   
00005595  Interrupt_enableInterrupt                 
00007b5d  Interrupt_enableMaster                    
00006079  Interrupt_pendInterrupt                   
0000639d  Interrupt_registerInterrupt               
0000660d  Interrupt_setPriority                     
000064ad  Interrupt_unpendInterrupt                 
000076fd  Interrupt_unregisterInterrupt             
00007381  List_put                                  
000073a7  List_remove                               
00007d19  MSP_EXP432P401R_initGeneral               
00001ddf  MemManage_Handler                         
00001ddf  NMI_Handler                               
00001ddf  PCM_IRQHandler                            
00001ddf  PORT1_IRQHandler                          
00001ddf  PORT2_IRQHandler                          
00001ddf  PORT3_IRQHandler                          
00001ddf  PORT4_IRQHandler                          
00001ddf  PORT5_IRQHandler                          
00001ddf  PORT6_IRQHandler                          
00001ddf  PSS_IRQHandler                            
00001ddf  PendSV_Handler                            
000080a4  PowerMSP432_config                        
000061b1  PowerMSP432_getFreqs                      
00007b6d  PowerMSP432_getNumPerfLevels              
00002683  PowerMSP432_initPolicy                    
200019fc  PowerMSP432_module                        
20001620  PowerMSP432_perfLevels                    
000069d5  PowerMSP432_sleepPolicy                   
000048e7  PowerMSP432_updateFreqs                   
00007b7d  Power_disablePolicy                       
00007b8d  Power_enablePolicy                        
00007c59  Power_getConstraintMask                   
00007c65  Power_getPerformanceLevel                 
00007a31  Power_idleFunc                            
00004b65  Power_init                                
00007269  Power_registerNotify                      
00006a1d  Power_releaseConstraint                   
00006f31  Power_setConstraint                       
00000af1  Power_sleep                               
000075c1  Power_unregisterNotify                    
00007bfd  QueueP_empty                              
000077c1  QueueP_get                                
00007d71  QueueP_head                               
00007d39  QueueP_init                               
00007d75  QueueP_next                               
000075e1  QueueP_put                                
00007c0b  QueueP_remove                             
00001ddf  RTC_C_IRQHandler                          
00007c71  Reset_Handler                             
00006f69  SDFatFS_close                             
000082b0  SDFatFS_config                            
00007fc1  SDFatFS_count                             
00006d8d  SDFatFS_diskIOctrl                        
00007461  SDFatFS_diskInitialize                    
0000713d  SDFatFS_diskRead                          
00007b9d  SDFatFS_diskStatus                        
00007169  SDFatFS_diskWrite                         
00006aad  SDFatFS_init                              
00003c4d  SDFatFS_open                              
00007485  SDSPI_close                               
00007d3f  SDSPI_control                             
00008164  SDSPI_fxnTable                            
0000464d  SDSPI_getNumSectors                       
00007d45  SDSPI_getSectorSize                       
00007c7d  SDSPI_init                                
00001de1  SDSPI_initialize                          
00005df9  SDSPI_open                                
00004c01  SDSPI_read                                
00003de5  SDSPI_write                               
00007cad  SD_close                                  
0000823c  SD_config                                 
00007fc2  SD_count                                  
000082b4  SD_defaultParams                          
00007cb7  SD_getNumSectors                          
00007cc1  SD_getSectorSize                          
00006af1  SD_init                                   
00007ccb  SD_initialize                             
00006dc9  SD_open                                   
00007cd5  SD_read                                   
00007cdf  SD_write                                  
UNDEFED   SHT$$INIT_ARRAY$$Base                     
UNDEFED   SHT$$INIT_ARRAY$$Limit                    
00006215  SPIMSP432DMA_close                        
00007d4b  SPIMSP432DMA_control                      
000081cc  SPIMSP432DMA_fxnTable                     
00007d79  SPIMSP432DMA_init                         
000010c1  SPIMSP432DMA_open                         
00002c69  SPIMSP432DMA_transfer                     
00002e95  SPIMSP432DMA_transferCancel               
00007a45  SPI_Params_init                           
00007ce9  SPI_close                                 
0000810c  SPI_config                                
00007fc3  SPI_count                                 
000081ac  SPI_defaultParams                         
00007291  SPI_getInterruptStatus                    
00006b35  SPI_init                                  
00004241  SPI_initMaster                            
00006e05  SPI_open                                  
00007cf3  SPI_transfer                              
00001ddf  SVC_Handler                               
00007bad  SemaphoreP_Params_init                    
00006855  SemaphoreP_construct                      
00007957  SemaphoreP_create                         
000077db  SemaphoreP_createBinary                   
20001a98  SemaphoreP_defaultParams                  
00007d7d  SemaphoreP_delete                         
00004989  SemaphoreP_pend                           
00006b79  SemaphoreP_post                           
00007bbd  SwiP_Params_init                          
00003aa1  SwiP_construct                            
00007719  SwiP_disable                              
00004c9d  SwiP_dispatch                             
000060e1  SwiP_post                                 
00006bbd  SwiP_restore                              
0000786d  SysCtl_A_disableNMISource                 
00007885  SysCtl_A_enableNMISource                  
00007bcd  SysCtl_A_getNMISourceStatus               
00007bdd  SysCtl_getNMISourceStatus                 
00001ddf  SysTick_Handler                           
000059f5  SystemInit                                
00001ddf  T32_INT1_IRQHandler                       
00001ddf  T32_INT2_IRQHandler                       
00001ddf  T32_INTC_IRQHandler                       
00001ddf  TA0_0_IRQHandler                          
00001ddf  TA0_N_IRQHandler                          
00004d39  TA1_0_IRQHandler                          
00004d39  TA1_0_IRQHandler                          
00001ddf  TA1_N_IRQHandler                          
00001ddf  TA2_0_IRQHandler                          
00001ddf  TA2_N_IRQHandler                          
00001ddf  TA3_0_IRQHandler                          
00001ddf  TA3_N_IRQHandler                          
00007bed  TimerP_Params_init                        
00003ea9  TimerP_construct                          
00006505  TimerP_dynamicStub                        
00005e65  TimerP_getCurrentTick                     
00007c89  TimerP_getFreq                            
00007c95  TimerP_getMaxTicks                        
00006e41  TimerP_initDevice                         
00006ccd  TimerP_setNextTick                        
00007d81  TimerP_setPeriod                          
00006c01  TimerP_start                              
0000796d  UART_clearInterruptFlag                   
000070ad  UART_enableInterrupt                      
00007983  UART_enableModule                         
000065b5  UART_getEnabledInterruptStatus            
0000789d  UART_getInterruptStatus                   
00003099  UART_initModule                           
00002285  UARTprintf                                
0000380d  UDMAMSP432_close                          
00008270  UDMAMSP432_config                         
00004fa5  UDMAMSP432_init                           
00005039  UDMAMSP432_open                           
00001ddf  UsageFault_Handler                        
4000480c  WDTCTL_SYM                                
00001ddf  WDT_A_IRQHandler                          
20000598  __CIOBUF_                                 
20010000  __STACK_END                               
00000200  __STACK_SIZE                              
00000800  __SYSMEM_SIZE                             
000084fc  __TI_CINIT_Base                           
00008514  __TI_CINIT_Limit                          
000084f4  __TI_Handler_Table_Base                   
000084fc  __TI_Handler_Table_Limit                  
00005cad  __TI_auto_init                            
00004a29  __TI_buff_read                            
00001b2d  __TI_cleanup                              
20001a6c  __TI_cleanup_ptr                          
00004f0d  __TI_closefile                            
00007c19  __TI_decompress_none                      
00007d51  __TI_decompress_rle24                     
00003d1d  __TI_doflush                              
20001a70  __TI_dtors_ptr                            
20001a74  __TI_enable_exit_profile_output           
20001a5c  __TI_ft_end                               
ffffffff  __TI_pprof_out_hndl                       
ffffffff  __TI_prof_data_size                       
ffffffff  __TI_prof_data_start                      
00004603  __TI_rd_ok                                
0000617b  __TI_readmsg                              
00000000  __TI_static_base__                        
200009a0  __TI_tmpnams                              
00006149  __TI_writemsg                             
000045a1  __TI_wrt_ok                               
00005889  __aeabi_memclr                            
00005889  __aeabi_memclr4                           
00005889  __aeabi_memclr8                           
00004e71  __aeabi_memcpy                            
00004e71  __aeabi_memcpy4                           
00004e71  __aeabi_memcpy8                           
0000588b  __aeabi_memset                            
0000588b  __aeabi_memset4                           
0000588b  __aeabi_memset8                           
20001a68  __aeabi_stderr                            
20001a60  __aeabi_stdin                             
20001a64  __aeabi_stdout                            
00001871  __aeabi_uldivmod                          
ffffffff  __binit__                                 
ffffffff  __c_args__                                
0000540f  __mpu_init                                
2000fe00  __stack                                   
000078e5  _args_main                                
000066b5  _c_int00                                  
00007ec0  _ctypes_                                  
20001750  _ftable                                   
20001a90  _lock                                     
00007aa3  _nop                                      
00007a9b  _register_lock                            
00007a95  _register_unlock                          
20000ce0  _sys_memory                               
00005903  _system_post_cinit                        
00007d89  _system_pre_init                          
20001a94  _unlock                                   
0000670d  abort                                     
00000a45  add_device                                
ffffffff  binit                                     
0000048d  calloc                                    
20001a34  check_format                              
0000515f  clkFxn                                    
000009f5  close                                     
20001a3a  comma_counter                             
20000c96  compare_value                             
00006e7d  configureConsoleUART                      
00006eb9  configureI2CBus                           
00005ed1  configureSDCard                           
00008188  consoleConfig                             
000068f5  copy_in                                   
20001a38  counter                                   
0000822c  daq1                                      
00007751  disk_initialize                           
000074a9  disk_ioctl                                
000074cd  disk_read                                 
00007195  disk_register                             
0000776d  disk_status                               
00007331  disk_unregister                           
00007601  disk_write                                
20001ab8  errno                                     
00006715  exit                                      
000073cd  f_close                                   
00002543  f_lseek                                   
00005715  f_mount                                   
00001c29  f_open                                    
000023ed  f_read                                    
00002d89  f_rename                                  
00004dd5  f_sync                                    
00004845  f_unlink                                  
00001f89  f_write                                   
20001ab4  fatfsPrefix                               
00007d29  fatfs_getFatTime                          
00004f73  fclose                                    
000078cd  ff_cre_syncobj                            
00007cfd  ff_del_syncobj                            
00006b79  ff_rel_grant                              
00007a81  ff_req_grant                              
00007621  ffcio_close                               
00007079  ffcio_lseek                               
000046f5  ffcio_open                                
00007641  ffcio_read                                
00007af5  ffcio_rename                              
00007b07  ffcio_unlink                              
00007661  ffcio_write                               
00003d69  fflush                                    
00001b83  fopen                                     
20000cbc  format                                    
0000355d  fread                                     
000001db  free                                      
00001b59  freopen                                   
00006279  fseek                                     
20000000  g_pfnRAMVectors                           
20001910  g_psCmdTable                              
00007d85  get_fattime                               
20001a4c  gpioCallbackFunctions                     
200019cc  gpioPinConfigs                            
20000b70  gps                                       
000081f8  i2cBusConfig                              
00005615  initializeSlaves                          
00000000  interruptVectors                          
000009d1  lseek                                     
00005791  main                                      
20001ac0  main_func_sp                              
00000173  malloc                                    
20001a29  masterToSlaveByteCtr                      
20001a28  masterToSlaveIndex                        
20000cd4  masterToSlavePacket                       
000003a9  memalign                                  
00004e71  memcpy                                    
00005891  memset                                    
000000e5  minit                                     
00000923  open                                      
0000479d  processCommand                            
00007b2b  putc                                      
000074f1  puts                                      
000008ff  read                                      
0000029d  realloc                                   
20001a36  record                                    
00000875  remove                                    
000008d7  remove_device                             
00000899  rename                                    
00007d31  rewind                                    
20000cd8  sdfatfsHandle                             
20000358  sdfatfsObjects                            
000082b8  sdspiHWAttrs                              
20000c98  sdspiObjects                              
20001a32  seconds                                   
00007681  sendByte                                  
000039c5  setvbuf                                   
00007fc4  spiMSP432DMAHWAttrs                       
200006b8  spiMSP432DMAObjects                       
20000cdc  src                                       
000079db  strchr                                    
000078fd  strcmp                                    
00007aa9  strcpy                                    
00007515  strcspn                                   
00007abd  strlen                                    
0000710d  strncpy                                   
00007215  strspn                                    
00006d4d  strtok                                    
00002685  strtol                                    
20001a30  timeout                                   
00008248  udmaMSP432HWAttrs                         
20000c95  udmaMSP432Object                          
00000875  unlink                                    
000007e5  write                                     


GLOBAL SYMBOLS: SORTED BY Symbol Address 

address   name                                      
-------   ----                                      
00000000  __TI_static_base__                        
00000000  interruptVectors                          
000000e5  minit                                     
00000173  malloc                                    
000001db  free                                      
00000200  __STACK_SIZE                              
0000029d  realloc                                   
000003a9  memalign                                  
0000048d  calloc                                    
000004c1  HOSTwrite                                 
0000050d  HOSTunlink                                
00000545  HOSTtime64                                
0000058f  HOSTtime                                  
000005c9  HOSTrename                                
00000627  HOSTread                                  
00000673  HOSTopen                                  
000006c5  HOSTlseek                                 
00000721  HOSTgetenv                                
0000075f  HOSTclose                                 
00000797  HOSTclock                                 
000007e5  write                                     
00000800  __SYSMEM_SIZE                             
00000875  remove                                    
00000875  unlink                                    
00000899  rename                                    
000008d7  remove_device                             
000008ff  read                                      
00000923  open                                      
000009d1  lseek                                     
000009f5  close                                     
00000a45  add_device                                
00000af1  Power_sleep                               
00000de9  EUSCIA2_IRQHandler                        
00000de9  EUSCIA2_IRQHandler                        
000010c1  SPIMSP432DMA_open                         
00001871  __aeabi_uldivmod                          
00001b2d  __TI_cleanup                              
00001b59  freopen                                   
00001b83  fopen                                     
00001c29  f_open                                    
00001ddf  ADC14_IRQHandler                          
00001ddf  AES256_IRQHandler                         
00001ddf  BusFault_Handler                          
00001ddf  COMP_E0_IRQHandler                        
00001ddf  COMP_E1_IRQHandler                        
00001ddf  CS_IRQHandler                             
00001ddf  DMA_ERR_IRQHandler                        
00001ddf  DMA_INT0_IRQHandler                       
00001ddf  DMA_INT1_IRQHandler                       
00001ddf  DMA_INT2_IRQHandler                       
00001ddf  DMA_INT3_IRQHandler                       
00001ddf  DebugMon_Handler                          
00001ddf  Default_Handler                           
00001ddf  EUSCIA1_IRQHandler                        
00001ddf  EUSCIB1_IRQHandler                        
00001ddf  EUSCIB2_IRQHandler                        
00001ddf  EUSCIB3_IRQHandler                        
00001ddf  FLCTL_IRQHandler                          
00001ddf  FPU_IRQHandler                            
00001ddf  HardFault_Handler                         
00001ddf  MemManage_Handler                         
00001ddf  NMI_Handler                               
00001ddf  PCM_IRQHandler                            
00001ddf  PORT1_IRQHandler                          
00001ddf  PORT2_IRQHandler                          
00001ddf  PORT3_IRQHandler                          
00001ddf  PORT4_IRQHandler                          
00001ddf  PORT5_IRQHandler                          
00001ddf  PORT6_IRQHandler                          
00001ddf  PSS_IRQHandler                            
00001ddf  PendSV_Handler                            
00001ddf  RTC_C_IRQHandler                          
00001ddf  SVC_Handler                               
00001ddf  SysTick_Handler                           
00001ddf  T32_INT1_IRQHandler                       
00001ddf  T32_INT2_IRQHandler                       
00001ddf  T32_INTC_IRQHandler                       
00001ddf  TA0_0_IRQHandler                          
00001ddf  TA0_N_IRQHandler                          
00001ddf  TA1_N_IRQHandler                          
00001ddf  TA2_0_IRQHandler                          
00001ddf  TA2_N_IRQHandler                          
00001ddf  TA3_0_IRQHandler                          
00001ddf  TA3_N_IRQHandler                          
00001ddf  UsageFault_Handler                        
00001ddf  WDT_A_IRQHandler                          
00001de1  SDSPI_initialize                          
00001f89  f_write                                   
00002111  GPIO_setConfig                            
00002285  UARTprintf                                
000023ed  f_read                                    
00002543  f_lseek                                   
00002683  PowerMSP432_initPolicy                    
00002685  strtol                                    
000027b9  CMD_pwdn                                  
000028e9  CS_initClockSignal                        
00002b49  CMD_pwup                                  
00002c69  SPIMSP432DMA_transfer                     
00002d89  f_rename                                  
00002e95  SPIMSP432DMA_transferCancel               
00002f99  EUSCIB0_IRQHandler                        
00002f99  EUSCIB0_IRQHandler                        
00003099  UART_initModule                           
00003291  DMA_setChannelTransfer                    
0000355d  fread                                     
00003649  CS_startHFXTWithTimeout                   
0000372d  CS_startLFXTWithTimeout                   
0000380d  UDMAMSP432_close                          
000039c5  setvbuf                                   
00003aa1  SwiP_construct                            
00003c4d  SDFatFS_open                              
00003d1d  __TI_doflush                              
00003d69  fflush                                    
00003de5  SDSPI_write                               
00003ea9  TimerP_construct                          
000040dd  ClockP_startup                            
00004191  CMD_mode                                  
00004241  SPI_initMaster                            
000042f1  ClockP_workFuncDynamic                    
0000439d  CmdLineProcess                            
00004449  EUSCIA3_IRQHandler                        
00004449  EUSCIA3_IRQHandler                        
000044f5  GPIO_init                                 
000045a1  __TI_wrt_ok                               
00004603  __TI_rd_ok                                
0000464d  SDSPI_getNumSectors                       
000046f5  ffcio_open                                
0000479d  processCommand                            
00004845  f_unlink                                  
000048e7  PowerMSP432_updateFreqs                   
000048e9  EUSCIA0_IRQHandler                        
000048e9  EUSCIA0_IRQHandler                        
00004989  SemaphoreP_pend                           
00004a29  __TI_buff_read                            
00004ac9  CMD_read                                  
00004b65  Power_init                                
00004c01  SDSPI_read                                
00004c9d  SwiP_dispatch                             
00004d39  TA1_0_IRQHandler                          
00004d39  TA1_0_IRQHandler                          
00004dd5  f_sync                                    
00004e71  __aeabi_memcpy                            
00004e71  __aeabi_memcpy4                           
00004e71  __aeabi_memcpy8                           
00004e71  memcpy                                    
00004f0d  __TI_closefile                            
00004f73  fclose                                    
00004fa5  UDMAMSP432_init                           
00005039  UDMAMSP432_open                           
0000515f  clkFxn                                    
00005161  CMD_setGain                               
00005279  GPIO_setAsPeripheralModuleFunctionInputPin
0000540f  __mpu_init                                
00005495  ClockP_start                              
00005515  Interrupt_disableInterrupt                
00005595  Interrupt_enableInterrupt                 
00005615  initializeSlaves                          
00005715  f_mount                                   
00005791  main                                      
00005889  __aeabi_memclr                            
00005889  __aeabi_memclr4                           
00005889  __aeabi_memclr8                           
0000588b  __aeabi_memset                            
0000588b  __aeabi_memset4                           
0000588b  __aeabi_memset8                           
00005891  memset                                    
00005903  _system_post_cinit                        
00005905  CMD_help                                  
0000597d  ClockP_walkQueueDynamic                   
000059f5  SystemInit                                
00005ae5  I2C_masterSendMultiByteStartWithTimeout   
00005bcd  HwiP_construct                            
00005cad  __TI_auto_init                            
00005d8d  CMD_diagnose                              
00005df9  SDSPI_open                                
00005e65  TimerP_getCurrentTick                     
00005ed1  configureSDCard                           
00005fa9  GPIO_hwiIntFxn                            
00006011  I2C_masterSendMultiByteStart              
00006079  Interrupt_pendInterrupt                   
000060e1  SwiP_post                                 
00006149  __TI_writemsg                             
00006177  C$$IO$$                                   
0000617b  __TI_readmsg                              
000061b1  PowerMSP432_getFreqs                      
00006215  SPIMSP432DMA_close                        
00006279  fseek                                     
000062dd  I2C_initMaster                            
00006341  GPIO_write                                
0000639d  Interrupt_registerInterrupt               
00006455  GPIO_setCallback                          
000064ad  Interrupt_unpendInterrupt                 
00006505  TimerP_dynamicStub                        
000065b5  UART_getEnabledInterruptStatus            
0000660d  Interrupt_setPriority                     
000066b5  _c_int00                                  
00006709  C$$EXIT                                   
0000670d  abort                                     
00006715  exit                                      
00006805  CMD_getData                               
00006855  SemaphoreP_construct                      
000068f5  copy_in                                   
0000698d  I2C_masterSendMultiByteNextWithTimeout    
000069d5  PowerMSP432_sleepPolicy                   
00006a1d  Power_releaseConstraint                   
00006aad  SDFatFS_init                              
00006af1  SD_init                                   
00006b35  SPI_init                                  
00006b79  SemaphoreP_post                           
00006b79  ff_rel_grant                              
00006bbd  SwiP_restore                              
00006c01  TimerP_start                              
00006ccd  TimerP_setNextTick                        
00006d4d  strtok                                    
00006d8d  SDFatFS_diskIOctrl                        
00006dc9  SD_open                                   
00006e05  SPI_open                                  
00006e41  TimerP_initDevice                         
00006e7d  configureConsoleUART                      
00006eb9  configureI2CBus                           
00006f31  Power_setConstraint                       
00006f69  SDFatFS_close                             
00007011  CS_setDCOCenteredFrequency                
00007079  ffcio_lseek                               
000070ad  UART_enableInterrupt                      
0000710d  strncpy                                   
0000713d  SDFatFS_diskRead                          
00007169  SDFatFS_diskWrite                         
00007195  disk_register                             
000071c1  HwiP_create                               
00007215  strspn                                    
00007241  ClockP_getSystemTicks                     
00007269  Power_registerNotify                      
00007291  SPI_getInterruptStatus                    
00007331  disk_unregister                           
00007381  List_put                                  
000073a7  List_remove                               
000073cd  f_close                                   
000073f5  ClockP_getTicks                           
00007419  ClockP_scheduleNextTick                   
0000743d  HwiP_dispatch                             
00007461  SDFatFS_diskInitialize                    
00007485  SDSPI_close                               
000074a9  disk_ioctl                                
000074cd  disk_read                                 
000074f1  puts                                      
00007515  strcspn                                   
00007581  CS_setExternalClockSourceFrequency        
000075a1  ClockP_add                                
000075c1  Power_unregisterNotify                    
000075e1  QueueP_put                                
00007601  disk_write                                
00007621  ffcio_close                               
00007641  ffcio_read                                
00007661  ffcio_write                               
00007681  sendByte                                  
000076e1  I2C_setMode                               
000076fd  Interrupt_unregisterInterrupt             
00007719  SwiP_disable                              
00007751  disk_initialize                           
0000776d  disk_status                               
000077c1  QueueP_get                                
000077db  SemaphoreP_createBinary                   
000077f5  ClockP_destruct                           
0000780d  EUSCI_A_SPI_getInterruptStatus            
00007825  EUSCI_B_SPI_getInterruptStatus            
0000783d  HwiP_delete                               
00007855  HwiP_inISR                                
0000786d  SysCtl_A_disableNMISource                 
00007885  SysCtl_A_enableNMISource                  
0000789d  UART_getInterruptStatus                   
000078cd  ff_cre_syncobj                            
000078e5  _args_main                                
000078fd  strcmp                                    
00007915  I2C_clearInterruptFlag                    
0000792b  I2C_enableInterrupt                       
00007941  I2C_enableModule                          
00007957  SemaphoreP_create                         
0000796d  UART_clearInterruptFlag                   
00007983  UART_enableModule                         
000079db  strchr                                    
00007a1d  I2C_setSlaveAddress                       
00007a31  Power_idleFunc                            
00007a45  SPI_Params_init                           
00007a81  ff_req_grant                              
00007a95  _register_unlock                          
00007a9b  _register_lock                            
00007aa3  _nop                                      
00007aa9  strcpy                                    
00007abd  strlen                                    
00007ad1  HwiP_Params_init                          
00007af5  ffcio_rename                              
00007b07  ffcio_unlink                              
00007b2b  putc                                      
00007b3d  HwiP_disable                              
00007b4d  Interrupt_disableMaster                   
00007b5d  Interrupt_enableMaster                    
00007b6d  PowerMSP432_getNumPerfLevels              
00007b7d  Power_disablePolicy                       
00007b8d  Power_enablePolicy                        
00007b9d  SDFatFS_diskStatus                        
00007bad  SemaphoreP_Params_init                    
00007bbd  SwiP_Params_init                          
00007bcd  SysCtl_A_getNMISourceStatus               
00007bdd  SysCtl_getNMISourceStatus                 
00007bed  TimerP_Params_init                        
00007bfd  QueueP_empty                              
00007c0b  QueueP_remove                             
00007c19  __TI_decompress_none                      
00007c27  CPU_cpsid                                 
00007c33  CPU_cpsie                                 
00007c41  ClockP_doTick                             
00007c4d  ClockP_getSystemTickPeriod                
00007c59  Power_getConstraintMask                   
00007c65  Power_getPerformanceLevel                 
00007c71  Reset_Handler                             
00007c7d  SDSPI_init                                
00007c89  TimerP_getFreq                            
00007c95  TimerP_getMaxTicks                        
00007cad  SD_close                                  
00007cb7  SD_getNumSectors                          
00007cc1  SD_getSectorSize                          
00007ccb  SD_initialize                             
00007cd5  SD_read                                   
00007cdf  SD_write                                  
00007ce9  SPI_close                                 
00007cf3  SPI_transfer                              
00007cfd  ff_del_syncobj                            
00007d11  HwiP_restore                              
00007d19  MSP_EXP432P401R_initGeneral               
00007d29  fatfs_getFatTime                          
00007d31  rewind                                    
00007d39  QueueP_init                               
00007d3f  SDSPI_control                             
00007d45  SDSPI_getSectorSize                       
00007d4b  SPIMSP432DMA_control                      
00007d51  __TI_decompress_rle24                     
00007d5d  ClockP_isActive                           
00007d61  HwiP_clearInterrupt                       
00007d65  HwiP_disableInterrupt                     
00007d69  HwiP_enableInterrupt                      
00007d6d  HwiP_post                                 
00007d71  QueueP_head                               
00007d75  QueueP_next                               
00007d79  SPIMSP432DMA_init                         
00007d7d  SemaphoreP_delete                         
00007d81  TimerP_setPeriod                          
00007d85  get_fattime                               
00007d89  _system_pre_init                          
00007ec0  _ctypes_                                  
00007fc1  SDFatFS_count                             
00007fc2  SD_count                                  
00007fc3  SPI_count                                 
00007fc4  spiMSP432DMAHWAttrs                       
000080a4  PowerMSP432_config                        
0000810c  SPI_config                                
00008164  SDSPI_fxnTable                            
00008188  consoleConfig                             
000081ac  SPI_defaultParams                         
000081cc  SPIMSP432DMA_fxnTable                     
000081e4  GPIOMSP432_config                         
000081f8  i2cBusConfig                              
0000822c  daq1                                      
0000823c  SD_config                                 
00008248  udmaMSP432HWAttrs                         
00008268  DAQAddresses                              
00008270  UDMAMSP432_config                         
000082b0  SDFatFS_config                            
000082b4  SD_defaultParams                          
000082b8  sdspiHWAttrs                              
000084f4  __TI_Handler_Table_Base                   
000084fc  __TI_CINIT_Base                           
000084fc  __TI_Handler_Table_Limit                  
00008514  __TI_CINIT_Limit                          
20000000  g_pfnRAMVectors                           
20000358  sdfatfsObjects                            
20000598  __CIOBUF_                                 
200006b8  spiMSP432DMAObjects                       
200009a0  __TI_tmpnams                              
20000b70  gps                                       
20000c95  udmaMSP432Object                          
20000c96  compare_value                             
20000c98  sdspiObjects                              
20000cbc  format                                    
20000cd4  masterToSlavePacket                       
20000cd8  sdfatfsHandle                             
20000cdc  src                                       
20000ce0  _sys_memory                               
20001620  PowerMSP432_perfLevels                    
20001750  _ftable                                   
20001910  g_psCmdTable                              
200019cc  gpioPinConfigs                            
200019fc  PowerMSP432_module                        
20001a28  masterToSlaveIndex                        
20001a29  masterToSlaveByteCtr                      
20001a30  timeout                                   
20001a32  seconds                                   
20001a34  check_format                              
20001a36  record                                    
20001a38  counter                                   
20001a3a  comma_counter                             
20001a4c  gpioCallbackFunctions                     
20001a5c  __TI_ft_end                               
20001a60  __aeabi_stdin                             
20001a64  __aeabi_stdout                            
20001a68  __aeabi_stderr                            
20001a6c  __TI_cleanup_ptr                          
20001a70  __TI_dtors_ptr                            
20001a74  __TI_enable_exit_profile_output           
20001a90  _lock                                     
20001a94  _unlock                                   
20001a98  SemaphoreP_defaultParams                  
20001aa4  ClockP_tickPeriod                         
20001aa8  HwiP_key                                  
20001aac  HwiP_swiPIntNum                           
20001ab4  fatfsPrefix                               
20001ab8  errno                                     
20001ac0  main_func_sp                              
2000fe00  __stack                                   
20010000  __STACK_END                               
4000480c  WDTCTL_SYM                                
ffffffff  __TI_pprof_out_hndl                       
ffffffff  __TI_prof_data_size                       
ffffffff  __TI_prof_data_start                      
ffffffff  __binit__                                 
ffffffff  __c_args__                                
ffffffff  binit                                     
UNDEFED   SHT$$INIT_ARRAY$$Base                     
UNDEFED   SHT$$INIT_ARRAY$$Limit                    

[429 symbols]
