******************************************************************************
                  TI ARM Linker Unix v15.12.3                  
******************************************************************************
>> Linked Tue Apr 30 23:47:39 2019

OUTPUT FILE NAME:   <NDT_Control_Module.out>
ENTRY POINT SYMBOL: "_c_int00"  address: 00008a5d


MEMORY CONFIGURATION

         name            origin    length      used     unused   attr    fill
----------------------  --------  ---------  --------  --------  ----  --------
  MAIN                  00000000   00040000  0000af5f  000350a1  R  X
  INFO                  00200000   00004000  00000000  00004000  R  X
  SRAM_CODE             01000000   00010000  00003333  0000cccd  RW X
  SRAM_DATA             20000000   00010000  00003333  0000cccd  RW  


SEGMENT ALLOCATION MAP

run origin  load origin   length   init length attrs members
----------  ----------- ---------- ----------- ----- -------
00000000    00000000    0000af64   0000af64    r-x
  00000000    00000000    000000e4   000000e4    r-- .intvecs
  000000e4    000000e4    0000a58c   0000a58c    r-x .text
  0000a670    0000a670    00000633   00000633    r-- .const
  0000aca8    0000aca8    000002bc   000002bc    r-- .cinit
20000000    20000000    000000e8   00000000    rw-
  20000000    20000000    000000e8   00000000    rw- .vtable
20000100    20000100    00003051   00000000    rw-
  20000100    20000100    000021ca   00000000    rw- .bss
  200022d0    200022d0    00000800   00000000    rw- .sysmem
  20002ad0    20002ad0    00000681   00000000    rw- .data
2000fe00    2000fe00    00000200   00000000    rw-
  2000fe00    2000fe00    00000200   00000000    rw- .stack


SECTION ALLOCATION MAP

 output                                  attributes/
section   page    origin      length       input sections
--------  ----  ----------  ----------   ----------------
.intvecs   0    00000000    000000e4     
                  00000000    000000e4     startup_msp432p401r_ccs.obj (.intvecs:retain)

.text      0    000000e4    0000a58c     
                  000000e4    00001110     rtsv7M4_T_le_v4SPD16_eabi.lib : _printfi.obj (.text)
                  000011f4    000005d4     main.obj (.text:decodeInstruction)
                  000017c8    000003dc     rtsv7M4_T_le_v4SPD16_eabi.lib : memory.obj (.text)
                  00001ba4    00000324                                   : trgdrv.obj (.text)
                  00001ec8    0000030c                                   : lowlev.obj (.text)
                  000021d4    000002f8     drivers_msp432p401x.aem4f : PowerMSP432.oem4f (.text:Power_sleep)
                  000024cc    000002a0                               : SPIMSP432DMA.oem4f (.text:SPIMSP432DMA_open)
                  0000276c    00000298     fatfs.a : ff.obj (.text:find_volume)
                  00002a04    00000278     drivers_msp432p401x.aem4f : PowerMSP432.oem4f (.text:initPerfControl)
                  00002c7c    00000230     main.obj (.text:EUSCIA2_IRQHandler)
                  00002eac    000001f4     rtsv7M4_T_le_v4SPD16_eabi.lib : ull_div_t2.obj (.text)
                  000030a0    000001c4                                   : fopen.obj (.text)
                  00003264    000001b6     fatfs.a : ff.obj (.text:f_open)
                  0000341a    000001b6     rtsv7M4_T_le_v4SPD16_eabi.lib : fd_add_t2.obj (.text)
                  000035d0    000001b0     main.obj (.text:main)
                  00003780    000001a8     drivers_msp432p401x.aem4f : SDSPI.oem4f (.text:SDSPI_initialize)
                  00003928    000001a4     main.obj (.text:initializeSlaves)
                  00003acc    00000186     fatfs.a : ff.obj (.text:f_write)
                  00003c52    00000002     startup_msp432p401r_ccs.obj (.text:Default_Handler)
                  00003c54    00000174     cmd.obj (.text:CMD_read)
                  00003dc8    00000174     drivers_msp432p401x.aem4f : GPIOMSP432.oem4f (.text:GPIO_setConfig)
                  00003f3c    0000016c     rtsv7M4_T_le_v4SPD16_eabi.lib : fwrite.obj (.text)
                  000040a8    00000168     printf.obj (.text:UARTprintf)
                  00004210    00000156     fatfs.a : ff.obj (.text:f_read)
                  00004366    00000140             : ff.obj (.text:f_lseek)
                  000044a6    00000136     rtsv7M4_T_le_v4SPD16_eabi.lib : fd_div_t2.obj (.text)
                  000045dc    00000130     msp432p4xx_driverlib.lib : cs.o (.text:CS_initClockSignal)
                  0000470c    00000130     drivers_msp432p401x.aem4f : UDMAMSP432.oem4f (.text:setupInterrupt)
                  0000483c    00000120                               : SPIMSP432DMA.oem4f (.text:SPIMSP432DMA_transfer)
                  0000495c    0000010c     fatfs.a : ff.obj (.text:f_rename)
                  00004a68    00000104     cmd.obj (.text:CMD_create)
                  00004b6c    00000104     drivers_msp432p401x.aem4f : SPIMSP432DMA.oem4f (.text:SPIMSP432DMA_transferCancel)
                  00004c70    000000fc     msp432p4xx_driverlib.lib : uart.o (.text:UART_initModule)
                  00004d6c    000000fc     drivers_msp432p401x.aem4f : SPIMSP432DMA.oem4f (.text:configDMA)
                  00004e68    000000fc     rtsv7M4_T_le_v4SPD16_eabi.lib : fd_mul_t2.obj (.text)
                  00004f64    000000fc                                   : s_scalbn.obj (.text)
                  00005060    000000f4     cmd.obj (.text:CMD_write)
                  00005154    000000f0     msp432p4xx_driverlib.lib : dma.o (.text:DMA_setChannelTransfer)
                  00005244    000000ee     fatfs.a : ff.obj (.text:create_chain)
                  00005332    000000ee             : ff.obj (.text:put_fat)
                  00005420    000000ec     main.obj (.text:EUSCIB2_IRQHandler)
                  0000550c    000000ec     rtsv7M4_T_le_v4SPD16_eabi.lib : fread.obj (.text)
                  000055f8    000000e4     msp432p4xx_driverlib.lib : cs.o (.text:CS_startHFXTWithTimeout)
                  000056dc    000000e0                              : cs.o (.text:CS_startLFXTWithTimeout)
                  000057bc    000000dc     drivers_msp432p401x.aem4f : UDMAMSP432.oem4f (.text:UDMAMSP432_close)
                  00005898    000000dc     msp432p4xx_driverlib.lib : cs.o (.text:_CSGetHFXTFrequency)
                  00005974    000000dc     rtsv7M4_T_le_v4SPD16_eabi.lib : setvbuf.obj (.text)
                  00005a50    000000d8     nortos_msp432p401x.aem4f : SwiP_nortos.oem4f (.text:SwiP_construct)
                  00005b28    000000d4     main.obj (.text:PORT6_IRQHandler)
                  00005bfc    000000d3     fatfs.a : ff.obj (.text:create_name)
                  00005ccf    00000001     --HOLE-- [fill = 0]
                  00005cd0    000000d0     drivers_msp432p401x.aem4f : SDFatFS.oem4f (.text:SDFatFS_open)
                  00005da0    000000c8     rtsv7M4_T_le_v4SPD16_eabi.lib : fflush.obj (.text)
                  00005e68    000000c4     drivers_msp432p401x.aem4f : SDSPI.oem4f (.text:SDSPI_write)
                  00005f2c    000000c0     nortos_msp432p401x.aem4f : TimerPMSP432_nortos.oem4f (.text:TimerP_construct)
                  00005fec    000000bc     main.obj (.text:configureI2CBus)
                  000060a8    000000bc     fatfs.a : ff.obj (.text:get_fat)
                  00006164    000000b8             : ff.obj (.text:dir_next)
                  0000621c    000000b4     nortos_msp432p401x.aem4f : ClockPTimer_nortos.oem4f (.text:ClockP_startup)
                  000062d0    000000b0     msp432p4xx_driverlib.lib : spi.o (.text:SPI_initMaster)
                  00006380    000000ac     nortos_msp432p401x.aem4f : ClockPTimer_nortos.oem4f (.text:ClockP_workFuncDynamic)
                  0000642c    000000ac     cmdline.obj (.text:CmdLineProcess)
                  000064d8    000000ac     drivers_msp432p401x.aem4f : GPIOMSP432.oem4f (.text:GPIO_init)
                  00006584    000000ac     rtsv7M4_T_le_v4SPD16_eabi.lib : _io_perm.obj (.text)
                  00006630    000000a8     drivers_msp432p401x.aem4f : SDSPI.oem4f (.text:SDSPI_getNumSectors)
                  000066d8    000000a8     fatfs.a : ffcio.obj (.text:ffcio_open)
                  00006780    000000a4     main.obj (.text:updateRTC)
                  00006824    000000a2     fatfs.a : ff.obj (.text:f_unlink)
                  000068c6    00000002     msp432p4xx_driverlib.lib : interrupt.o (.text:IntDefaultHandler)
                  000068c8    000000a0     main.obj (.text:EUSCIA0_IRQHandler)
                  00006968    000000a0     nortos_msp432p401x.aem4f : SemaphoreP_nortos.oem4f (.text:SemaphoreP_pend)
                  00006a08    000000a0     rtsv7M4_T_le_v4SPD16_eabi.lib : _bufread.obj (.text)
                  00006aa8    0000009c     drivers_msp432p401x.aem4f : PowerMSP432.oem4f (.text:Power_init)
                  00006b44    0000009c                               : SDSPI.oem4f (.text:SDSPI_read)
                  00006be0    0000009c     nortos_msp432p401x.aem4f : SwiP_nortos.oem4f (.text:SwiP_dispatch)
                  00006c7c    0000009c     main.obj (.text:TA1_0_IRQHandler)
                  00006d18    0000009c     fatfs.a : ff.obj (.text:f_sync)
                  00006db4    0000009c     rtsv7M4_T_le_v4SPD16_eabi.lib : memcpy_t2.obj (.text)
                  00006e50    00000098                                   : fclose.obj (.text)
                  00006ee8    00000098                                   : fputc.obj (.text)
                  00006f80    00000094     msp432p4xx_driverlib.lib : rtc_c.o (.text:RTC_C_initCalendar)
                  00007014    00000094     drivers_msp432p401x.aem4f : UDMAMSP432.oem4f (.text:UDMAMSP432_init)
                  000070a8    00000094                               : UDMAMSP432.oem4f (.text:UDMAMSP432_open)
                  0000713c    00000092                               : SDSPI.oem4f (.text:sendCmd)
                  000071ce    00000002     nortos_msp432p401x.aem4f : PowerMSP432_nortos.oem4f (.text:PowerMSP432_initPolicy)
                  000071d0    0000008c     fatfs.a : ff.obj (.text:sync_fs)
                  0000725c    00000088     msp432p4xx_driverlib.lib : gpio.o (.text:GPIO_setAsPeripheralModuleFunctionInputPin)
                  000072e4    00000088                              : gpio.o (.text:GPIO_setAsPeripheralModuleFunctionOutputPin)
                  0000736c    00000088     fatfs.a : ff.obj (.text:dir_sdi)
                  000073f4    00000086     rtsv7M4_T_le_v4SPD16_eabi.lib : fd_cmp_t2.obj (.text:__aeabi_cdcmple)
                  0000747a    00000086                                   : fd_cmp_t2.obj (.text:__aeabi_cdrcmple)
                  00007500    00000086     drivers_msp432p401x.aem4f : SPIMSP432DMA.oem4f (.text:initHw)
                  00007586    00000002     nortos_msp432p401x.aem4f : PowerMSP432_nortos.oem4f (.text:PowerMSP432_updateFreqs)
                  00007588    00000084     cmd.obj (.text:CMD_duration)
                  0000760c    00000084     drivers_msp432p401x.aem4f : PowerMSP432.oem4f (.text:restartHFXT)
                  00007690    00000080     nortos_msp432p401x.aem4f : ClockPTimer_nortos.oem4f (.text:ClockP_start)
                  00007710    00000080     msp432p4xx_driverlib.lib : interrupt.o (.text:Interrupt_disableInterrupt)
                  00007790    00000080                              : interrupt.o (.text:Interrupt_enableInterrupt)
                  00007810    00000080     drivers_msp432p401x.aem4f : SDSPI.oem4f (.text:recvDataBlock)
                  00007890    0000007c     msp432p4xx_driverlib.lib : rtc_c.o (.text:RTC_C_getCalendarTime)
                  0000790c    0000007c     fatfs.a : ff.obj (.text:f_mount)
                  00007988    0000007c     printf.obj (.text:xtoa)
                  00007a04    0000007a     rtsv7M4_T_le_v4SPD16_eabi.lib : memset_t2.obj (.text)
                  00007a7e    00000002     nortos_msp432p401x.aem4f : SemaphoreP_nortos.oem4f (.text:clkFxn)
                  00007a80    00000078     cmd.obj (.text:CMD_help)
                  00007af8    00000078     nortos_msp432p401x.aem4f : ClockPTimer_nortos.oem4f (.text:ClockP_walkQueueDynamic)
                  00007b70    00000078     system_msp432p401r.obj (.text:SystemInit)
                  00007be8    00000078     drivers_msp432p401x.aem4f : SDSPI.oem4f (.text:transmitDataBlock)
                  00007c60    00000074     fatfs.a : ff.obj (.text:follow_path)
                  00007cd4    00000074     main.obj (.text:processCommand)
                  00007d48    00000070     nortos_msp432p401x.aem4f : HwiPMSP432_nortos.oem4f (.text:HwiP_construct)
                  00007db8    00000070     fatfs.a : ff.obj (.text:remove_chain)
                  00007e28    00000070     rtsv7M4_T_le_v4SPD16_eabi.lib : autoinit.obj (.text)
                  00007e98    0000006e     fatfs.a : ff.obj (.text:check_fs)
                  00007f06    00000002     rtsv7M4_T_le_v4SPD16_eabi.lib : mpu_init.obj (.text)
                  00007f08    0000006c     main.obj (.text:EUSCIA1_IRQHandler)
                  00007f74    0000006c     drivers_msp432p401x.aem4f : SDSPI.oem4f (.text:SDSPI_open)
                  00007fe0    0000006c     nortos_msp432p401x.aem4f : TimerPMSP432_nortos.oem4f (.text:TimerP_getCurrentTick)
                  0000804c    0000006c     main.obj (.text:configureSDCard)
                  000080b8    0000006a     rtsv7M4_T_le_v4SPD16_eabi.lib : copy_decompress_rle.obj (.text)
                  00008122    00000002                                   : startup.obj (.text)
                  00008124    00000068     drivers_msp432p401x.aem4f : GPIOMSP432.oem4f (.text:GPIO_hwiIntFxn)
                  0000818c    00000068     msp432p4xx_driverlib.lib : i2c.o (.text:I2C_masterSendMultiByteStart)
                  000081f4    00000068                              : interrupt.o (.text:Interrupt_pendInterrupt)
                  0000825c    00000068     nortos_msp432p401x.aem4f : SwiP_nortos.oem4f (.text:SwiP_post)
                  000082c4    00000068     rtsv7M4_T_le_v4SPD16_eabi.lib : trgmsg.obj (.text)
                  0000832c    00000064     drivers_msp432p401x.aem4f : PowerMSP432.oem4f (.text:PowerMSP432_getFreqs)
                  00008390    00000064     msp432p4xx_driverlib.lib : rtc_c.o (.text:RTC_C_enableInterrupt)
                  000083f4    00000064     drivers_msp432p401x.aem4f : SPIMSP432DMA.oem4f (.text:SPIMSP432DMA_close)
                  00008458    00000064     rtsv7M4_T_le_v4SPD16_eabi.lib : fseek.obj (.text)
                  000084bc    00000064                                   : s_frexp.obj (.text)
                  00008520    00000062     msp432p4xx_driverlib.lib : i2c.o (.text:I2C_initMaster)
                  00008582    00000002     --HOLE-- [fill = 0]
                  00008584    00000060     rtsv7M4_T_le_v4SPD16_eabi.lib : sprintf.obj (.text)
                  000085e4    0000005c     drivers_msp432p401x.aem4f : GPIOMSP432.oem4f (.text:GPIO_write)
                  00008640    0000005c     msp432p4xx_driverlib.lib : interrupt.o (.text:Interrupt_registerInterrupt)
                  0000869c    0000005a     fatfs.a : ff.obj (.text:dir_read)
                  000086f6    00000002     --HOLE-- [fill = 0]
                  000086f8    00000058     msp432p4xx_driverlib.lib : gpio.o (.text:GPIO_setAsInputPinWithPullDownResistor)
                  00008750    00000058     drivers_msp432p401x.aem4f : GPIOMSP432.oem4f (.text:GPIO_setCallback)
                  000087a8    00000058     msp432p4xx_driverlib.lib : interrupt.o (.text:Interrupt_unpendInterrupt)
                  00008800    00000058                              : rtc_c.o (.text:RTC_C_clearInterruptFlag)
                  00008858    00000058     nortos_msp432p401x.aem4f : TimerPMSP432_nortos.oem4f (.text:TimerP_dynamicStub)
                  000088b0    00000058     drivers_msp432p401x.aem4f : SPIMSP432DMA.oem4f (.text:spiHwiFxn)
                  00008908    00000056     msp432p4xx_driverlib.lib : uart.o (.text:UART_getEnabledInterruptStatus)
                  0000895e    00000056     rtsv7M4_T_le_v4SPD16_eabi.lib : ltoa.obj (.text)
                  000089b4    00000054     msp432p4xx_driverlib.lib : interrupt.o (.text:Interrupt_setPriority)
                  00008a08    00000054     fatfs.a : ff.obj (.text:dir_find)
                  00008a5c    00000054     rtsv7M4_T_le_v4SPD16_eabi.lib : boot.obj (.text)
                  00008ab0    00000054                                   : exit.obj (.text)
                  00008b04    00000054     drivers_msp432p401x.aem4f : SDSPI.oem4f (.text:waitUntilReady)
                  00008b58    00000052     fatfs.a : ff.obj (.text:dir_clear)
                  00008baa    00000002     --HOLE-- [fill = 0]
                  00008bac    00000050     cmd.obj (.text:CMD_diagnose)
                  00008bfc    00000050     cmd.obj (.text:CMD_setCutoffFreq)
                  00008c4c    00000050     cmd.obj (.text:CMD_setGain)
                  00008c9c    00000050     cmd.obj (.text:CMD_setSamplingFreq)
                  00008cec    00000050     nortos_msp432p401x.aem4f : SemaphoreP_nortos.oem4f (.text:SemaphoreP_construct)
                  00008d3c    00000050     drivers_msp432p401x.aem4f : UDMAMSP432.oem4f (.text:UDMAMSP432_hwiFxn)
                  00008d8c    0000004c     main.obj (.text:configureGPSUART)
                  00008dd8    0000004c     rtsv7M4_T_le_v4SPD16_eabi.lib : atoi.obj (.text)
                  00008e24    0000004c                                   : cpy_tbl.obj (.text)
                  00008e70    0000004a     fatfs.a : ff.obj (.text:validate)
                  00008eba    00000002     --HOLE-- [fill = 0]
                  00008ebc    00000048     nortos_msp432p401x.aem4f : PowerMSP432_nortos.oem4f (.text:PowerMSP432_sleepPolicy)
                  00008f04    00000048     drivers_msp432p401x.aem4f : PowerMSP432.oem4f (.text:Power_releaseConstraint)
                  00008f4c    00000048     rtsv7M4_T_le_v4SPD16_eabi.lib : fd_toi_t2.obj (.text)
                  00008f94    00000046     fatfs.a : ff.obj (.text:dir_alloc)
                  00008fda    00000002     --HOLE-- [fill = 0]
                  00008fdc    00000044     drivers_msp432p401x.aem4f : SDFatFS.oem4f (.text:SDFatFS_init)
                  00009020    00000044                               : SD.oem4f (.text:SD_init)
                  00009064    00000044                               : SPI.oem4f (.text:SPI_init)
                  000090a8    00000044     nortos_msp432p401x.aem4f : SemaphoreP_nortos.oem4f (.text:SemaphoreP_post)
                  000090ec    00000044                              : SwiP_nortos.oem4f (.text:SwiP_restore)
                  00009130    00000044                              : TimerPMSP432_nortos.oem4f (.text:TimerP_start)
                  00009174    00000044     fatfs.a : ff.obj (.text:get_ldnumber)
                  000091b8    00000044             : ff.obj (.text:sync_window)
                  000091fc    00000040     msp432p4xx_driverlib.lib : gpio.o (.text:GPIO_setAsOutputPin)
                  0000923c    00000040     nortos_msp432p401x.aem4f : TimerPMSP432_nortos.oem4f (.text:TimerP_setNextTick)
                  0000927c    00000040     main.obj (.text:configureRTC)
                  000092bc    00000040     msp432p4xx_driverlib.lib : spi.o (.text:is_A_Module)
                  000092fc    00000040     rtsv7M4_T_le_v4SPD16_eabi.lib : strtok.obj (.text)
                  0000933c    0000003c     drivers_msp432p401x.aem4f : SDFatFS.oem4f (.text:SDFatFS_diskIOctrl)
                  00009378    0000003c                               : SD.oem4f (.text:SD_open)
                  000093b4    0000003c                               : SPI.oem4f (.text:SPI_open)
                  000093f0    0000003c     nortos_msp432p401x.aem4f : TimerPMSP432_nortos.oem4f (.text:TimerP_initDevice)
                  0000942c    0000003c     main.obj (.text:configureConsoleUART)
                  00009468    0000003c     main.obj (.text:configureFTDIUART)
                  000094a4    0000003c     main.obj (.text:sendUARTString)
                  000094e0    0000003c     main.obj (.text:transmitByteData)
                  0000951c    0000003a     fatfs.a : ff.obj (.text:dir_register)
                  00009556    00000038     cmd.obj (.text:CMD_reset)
                  0000958e    00000002     --HOLE-- [fill = 0]
                  00009590    00000038     cmd.obj (.text:CMD_start)
                  000095c8    00000038     drivers_msp432p401x.aem4f : PowerMSP432.oem4f (.text:Power_setConstraint)
                  00009600    00000038                               : SDFatFS.oem4f (.text:SDFatFS_close)
                  00009638    00000038                               : PowerMSP432.oem4f (.text:notify)
                  00009670    00000036     fatfs.a : ff.obj (.text:move_window)
                  000096a6    00000002     --HOLE-- [fill = 0]
                  000096a8    00000034     cmd.obj (.text:CMD_getData)
                  000096dc    00000034     msp432p4xx_driverlib.lib : cs.o (.text:CS_setDCOCenteredFrequency)
                  00009710    00000034                              : uart.o (.text:UART_transmitData)
                  00009744    00000034     fatfs.a : ff.obj (.text:dbc_2nd)
                  00009778    00000034             : ffcio.obj (.text:ffcio_lseek)
                  000097ac    00000030     msp432p4xx_driverlib.lib : uart.o (.text:UART_enableInterrupt)
                  000097dc    00000030     drivers_msp432p401x.aem4f : SPIMSP432DMA.oem4f (.text:mapPin)
                  0000980c    00000030     rtsv7M4_T_le_v4SPD16_eabi.lib : strncpy.obj (.text)
                  0000983c    0000002e                                   : i_tofd_t2.obj (.text)
                  0000986a    00000002     --HOLE-- [fill = 0]
                  0000986c    0000002c     msp432p4xx_driverlib.lib : rtc_c.o (.text:RTC_C_startClock)
                  00009898    0000002c     drivers_msp432p401x.aem4f : SDFatFS.oem4f (.text:SDFatFS_diskRead)
                  000098c4    0000002c                               : SDFatFS.oem4f (.text:SDFatFS_diskWrite)
                  000098f0    0000002c     fatfs.a : diskio.obj (.text:disk_register)
                  0000991c    0000002a     nortos_msp432p401x.aem4f : HwiPMSP432_nortos.oem4f (.text:HwiP_create)
                  00009946    0000002a     drivers_msp432p401x.aem4f : SPIMSP432DMA.oem4f (.text:perfChangeNotifyFxn)
                  00009970    0000002a     rtsv7M4_T_le_v4SPD16_eabi.lib : strspn.obj (.text)
                  0000999a    00000002     --HOLE-- [fill = 0]
                  0000999c    00000028     nortos_msp432p401x.aem4f : ClockPTimer_nortos.oem4f (.text:ClockP_getSystemTicks)
                  000099c4    00000028     msp432p4xx_driverlib.lib : gpio.o (.text:GPIO_clearInterruptFlag)
                  000099ec    00000028                              : gpio.o (.text:GPIO_enableInterrupt)
                  00009a14    00000028                              : gpio.o (.text:GPIO_setOutputHighOnPin)
                  00009a3c    00000028                              : gpio.o (.text:GPIO_setOutputLowOnPin)
                  00009a64    00000028     drivers_msp432p401x.aem4f : PowerMSP432.oem4f (.text:Power_registerNotify)
                  00009a8c    00000028     msp432p4xx_driverlib.lib : spi.o (.text:SPI_getInterruptStatus)
                  00009ab4    00000028     fatfs.a : ff.obj (.text:dbc_1st)
                  00009adc    00000028     drivers_msp432p401x.aem4f : PowerMSP432.oem4f (.text:disableFaultCounter)
                  00009b04    00000028                               : PowerMSP432.oem4f (.text:disableHFXT)
                  00009b2c    00000028     fatfs.a : diskio.obj (.text:disk_unregister)
                  00009b54    00000028             : ff.obj (.text:ld_clust)
                  00009b7c    00000026     drivers_msp432p401x.aem4f : List.oem4f (.text:List_put)
                  00009ba2    00000026                               : List.oem4f (.text:List_remove)
                  00009bc8    00000026     fatfs.a : ff.obj (.text:f_close)
                  00009bee    00000002     --HOLE-- [fill = 0]
                  00009bf0    00000024     nortos_msp432p401x.aem4f : ClockPTimer_nortos.oem4f (.text:ClockP_getTicks)
                  00009c14    00000024                              : ClockPTimer_nortos.oem4f (.text:ClockP_scheduleNextTick)
                  00009c38    00000024                              : HwiPMSP432_nortos.oem4f (.text:HwiP_dispatch)
                  00009c5c    00000024     drivers_msp432p401x.aem4f : SDFatFS.oem4f (.text:SDFatFS_diskInitialize)
                  00009c80    00000024                               : SDSPI.oem4f (.text:SDSPI_close)
                  00009ca4    00000024     printf.obj (.text:UARTputs)
                  00009cc8    00000024     fatfs.a : diskio.obj (.text:disk_ioctl)
                  00009cec    00000024             : diskio.obj (.text:disk_read)
                  00009d10    00000024     rtsv7M4_T_le_v4SPD16_eabi.lib : strcspn.obj (.text)
                  00009d34    00000024     fatfs.a : ff.obj (.text:st_clust)
                  00009d58    00000022     main.obj (.text:configureDataReadyPort)
                  00009d7a    00000022     fatfs.a : ff.obj (.text:mem_cmp)
                  00009d9c    00000020     msp432p4xx_driverlib.lib : cs.o (.text:CS_setExternalClockSourceFrequency)
                  00009dbc    00000020     nortos_msp432p401x.aem4f : ClockPTimer_nortos.oem4f (.text:ClockP_add)
                  00009ddc    00000020     drivers_msp432p401x.aem4f : PowerMSP432.oem4f (.text:Power_unregisterNotify)
                  00009dfc    00000020     nortos_msp432p401x.aem4f : QueueP_nortos.oem4f (.text:QueueP_put)
                  00009e1c    00000020     fatfs.a : diskio.obj (.text:disk_write)
                  00009e3c    00000020             : ffcio.obj (.text:ffcio_close)
                  00009e5c    00000020             : ffcio.obj (.text:ffcio_read)
                  00009e7c    00000020             : ffcio.obj (.text:ffcio_write)
                  00009e9c    00000020     rtsv7M4_T_le_v4SPD16_eabi.lib : memchr.obj (.text)
                  00009ebc    00000020     printf.obj (.text:sendByte)
                  00009edc    00000020     drivers_msp432p401x.aem4f : SDSPI.oem4f (.text:sendInitialClockTrain)
                  00009efc    00000020                               : SDSPI.oem4f (.text:spiTransfer)
                  00009f1c    00000020     main.obj (.text:transmitNByteData)
                  00009f3c    0000001c     msp432p4xx_driverlib.lib : i2c.o (.text:I2C_setMode)
                  00009f58    0000001c                              : interrupt.o (.text:Interrupt_unregisterInterrupt)
                  00009f74    0000001c     nortos_msp432p401x.aem4f : SwiP_nortos.oem4f (.text:SwiP_disable)
                  00009f90    0000001c     fatfs.a : ff.obj (.text:dir_remove)
                  00009fac    0000001c             : diskio.obj (.text:disk_initialize)
                  00009fc8    0000001c             : diskio.obj (.text:disk_status)
                  00009fe4    0000001c     MSP_EXP432P401R.obj (.text:dmaErrorHwi)
                  0000a000    0000001c     printf.obj (.text:puth)
                  0000a01c    0000001c     rtsv7M4_T_le_v4SPD16_eabi.lib : memccpy.obj (.text)
                  0000a038    0000001a     nortos_msp432p401x.aem4f : QueueP_nortos.oem4f (.text:QueueP_get)
                  0000a052    0000001a                              : SemaphoreP_nortos.oem4f (.text:SemaphoreP_createBinary)
                  0000a06c    00000018                              : ClockPTimer_nortos.oem4f (.text:ClockP_destruct)
                  0000a084    00000018     msp432p4xx_driverlib.lib : spi.o (.text:EUSCI_A_SPI_getInterruptStatus)
                  0000a09c    00000018                              : spi.o (.text:EUSCI_B_SPI_getInterruptStatus)
                  0000a0b4    00000018     nortos_msp432p401x.aem4f : HwiPMSP432_nortos.oem4f (.text:HwiP_delete)
                  0000a0cc    00000018                              : HwiPMSP432_nortos.oem4f (.text:HwiP_inISR)
                  0000a0e4    00000018     msp432p4xx_driverlib.lib : sysctl_a.o (.text:SysCtl_A_disableNMISource)
                  0000a0fc    00000018                              : sysctl_a.o (.text:SysCtl_A_enableNMISource)
                  0000a114    00000018                              : uart.o (.text:UART_getInterruptStatus)
                  0000a12c    00000018     fatfs.a : ff.obj (.text:clst2sect)
                  0000a144    00000018             : ffsystem.obj (.text:ff_cre_syncobj)
                  0000a15c    00000018     rtsv7M4_T_le_v4SPD16_eabi.lib : args_main.obj (.text)
                  0000a174    00000018                                   : strcmp.obj (.text)
                  0000a18c    00000016     msp432p4xx_driverlib.lib : i2c.o (.text:I2C_clearInterruptFlag)
                  0000a1a2    00000016                              : i2c.o (.text:I2C_enableModule)
                  0000a1b8    00000016     nortos_msp432p401x.aem4f : SemaphoreP_nortos.oem4f (.text:SemaphoreP_create)
                  0000a1ce    00000016     msp432p4xx_driverlib.lib : timer_a.o (.text:Timer_A_startCounter)
                  0000a1e4    00000016                              : uart.o (.text:UART_clearInterruptFlag)
                  0000a1fa    00000016                              : uart.o (.text:UART_enableModule)
                  0000a210    00000016     fatfs.a : ff.obj (.text:ld_dword)
                  0000a226    00000016     nortos_msp432p401x.aem4f : SwiP_nortos.oem4f (.text:maxbit)
                  0000a23c    00000016     fatfs.a : ff.obj (.text:mem_cpy)
                  0000a252    00000016     rtsv7M4_T_le_v4SPD16_eabi.lib : strchr.obj (.text)
                  0000a268    00000016     fatfs.a : ff.obj (.text:st_dword)
                  0000a27e    00000016             : ff.obj (.text:unlock_fs)
                  0000a294    00000014     msp432p4xx_driverlib.lib : i2c.o (.text:I2C_setSlaveAddress)
                  0000a2a8    00000014     drivers_msp432p401x.aem4f : PowerMSP432.oem4f (.text:Power_idleFunc)
                  0000a2bc    00000014                               : SPI.oem4f (.text:SPI_Params_init)
                  0000a2d0    00000014     nortos_msp432p401x.aem4f : SwiP_nortos.oem4f (.text:SwiP_handleHwi)
                  0000a2e4    00000014                              : TimerPMSP432_nortos.oem4f (.text:TimerP_getCount)
                  0000a2f8    00000014     msp432p4xx_driverlib.lib : uart.o (.text:UART_queryStatusFlags)
                  0000a30c    00000014     main.obj (.text:configureDAQReset)
                  0000a320    00000014     main.obj (.text:configureSolenoid)
                  0000a334    00000014     fatfs.a : ffsystem.obj (.text:ff_req_grant)
                  0000a348    00000014     rtsv7M4_T_le_v4SPD16_eabi.lib : _lock.obj (.text)
                  0000a35c    00000014                                   : s_copysign.obj (.text)
                  0000a370    00000014                                   : strcpy.obj (.text)
                  0000a384    00000014                                   : strlen.obj (.text)
                  0000a398    00000012     nortos_msp432p401x.aem4f : HwiPMSP432_nortos.oem4f (.text:HwiP_Params_init)
                  0000a3aa    00000012     printf.obj (.text:UARTputc)
                  0000a3bc    00000012     fatfs.a : ff.obj (.text:chk_chr)
                  0000a3ce    00000012             : ffcio.obj (.text:ffcio_rename)
                  0000a3e0    00000012             : ffcio.obj (.text:ffcio_unlink)
                  0000a3f2    00000012             : ff.obj (.text:mem_set)
                  0000a404    00000010     nortos_msp432p401x.aem4f : HwiPMSP432_nortos.oem4f (.text:HwiP_disable)
                  0000a414    00000010     msp432p4xx_driverlib.lib : interrupt.o (.text:Interrupt_disableMaster)
                  0000a424    00000010                              : interrupt.o (.text:Interrupt_enableMaster)
                  0000a434    00000010     drivers_msp432p401x.aem4f : PowerMSP432.oem4f (.text:PowerMSP432_getNumPerfLevels)
                  0000a444    00000010                               : PowerMSP432.oem4f (.text:Power_disablePolicy)
                  0000a454    00000010                               : PowerMSP432.oem4f (.text:Power_enablePolicy)
                  0000a464    00000010                               : SDFatFS.oem4f (.text:SDFatFS_diskStatus)
                  0000a474    00000010     nortos_msp432p401x.aem4f : SemaphoreP_nortos.oem4f (.text:SemaphoreP_Params_init)
                  0000a484    00000010                              : SwiP_nortos.oem4f (.text:SwiP_Params_init)
                  0000a494    00000010     msp432p4xx_driverlib.lib : sysctl_a.o (.text:SysCtl_A_getNMISourceStatus)
                  0000a4a4    00000010                              : sysctl.o (.text:SysCtl_getNMISourceStatus)
                  0000a4b4    00000010     nortos_msp432p401x.aem4f : TimerPMSP432_nortos.oem4f (.text:TimerP_Params_init)
                  0000a4c4    0000000e     cmd.obj (.text:CMD_initCard)
                  0000a4d2    0000000e     msp432p4xx_driverlib.lib : cs.o (.text:CS_startLFXT)
                  0000a4e0    0000000e     nortos_msp432p401x.aem4f : QueueP_nortos.oem4f (.text:QueueP_empty)
                  0000a4ee    0000000e                              : QueueP_nortos.oem4f (.text:QueueP_remove)
                  0000a4fc    0000000e     rtsv7M4_T_le_v4SPD16_eabi.lib : copy_decompress_none.obj (.text:decompress:none)
                  0000a50a    0000000c     msp432p4xx_driverlib.lib : cpu.o (.text:CPU_cpsid)
                  0000a516    0000000c                              : cpu.o (.text:CPU_cpsie)
                  0000a522    00000002     --HOLE-- [fill = 0]
                  0000a524    0000000c     nortos_msp432p401x.aem4f : ClockPTimer_nortos.oem4f (.text:ClockP_doTick)
                  0000a530    0000000c                              : ClockPTimer_nortos.oem4f (.text:ClockP_getSystemTickPeriod)
                  0000a53c    0000000c     drivers_msp432p401x.aem4f : PowerMSP432.oem4f (.text:Power_getConstraintMask)
                  0000a548    0000000c                               : PowerMSP432.oem4f (.text:Power_getPerformanceLevel)
                  0000a554    0000000c     startup_msp432p401r_ccs.obj (.text:Reset_Handler)
                  0000a560    0000000c     drivers_msp432p401x.aem4f : SDSPI.oem4f (.text:SDSPI_init)
                  0000a56c    0000000c     nortos_msp432p401x.aem4f : TimerPMSP432_nortos.oem4f (.text:TimerP_getFreq)
                  0000a578    0000000c                              : TimerPMSP432_nortos.oem4f (.text:TimerP_getMaxTicks)
                  0000a584    0000000c     fatfs.a : ff.obj (.text:ld_word)
                  0000a590    0000000a     drivers_msp432p401x.aem4f : SD.oem4f (.text:SD_close)
                  0000a59a    0000000a                               : SD.oem4f (.text:SD_getNumSectors)
                  0000a5a4    0000000a                               : SD.oem4f (.text:SD_getSectorSize)
                  0000a5ae    0000000a                               : SD.oem4f (.text:SD_initialize)
                  0000a5b8    0000000a                               : SD.oem4f (.text:SD_read)
                  0000a5c2    0000000a                               : SD.oem4f (.text:SD_write)
                  0000a5cc    0000000a                               : SPI.oem4f (.text:SPI_close)
                  0000a5d6    0000000a                               : SPI.oem4f (.text:SPI_transfer)
                  0000a5e0    0000000a     fatfs.a : ffsystem.obj (.text:ff_del_syncobj)
                  0000a5ea    0000000a             : ff.obj (.text:st_word)
                  0000a5f4    00000008     nortos_msp432p401x.aem4f : HwiPMSP432_nortos.oem4f (.text:HwiP_restore)
                  0000a5fc    00000008     MSP_EXP432P401R.obj (.text:MSP_EXP432P401R_initGeneral)
                  0000a604    00000008     drivers_msp432p401x.aem4f : SPIMSP432DMA.oem4f (.text:blockingTransferCallback)
                  0000a60c    00000008     main.obj (.text:fatfs_getFatTime)
                  0000a614    00000008     rtsv7M4_T_le_v4SPD16_eabi.lib : rewind.obj (.text)
                  0000a61c    00000006     nortos_msp432p401x.aem4f : QueueP_nortos.oem4f (.text:QueueP_init)
                  0000a622    00000006     drivers_msp432p401x.aem4f : SDSPI.oem4f (.text:SDSPI_control)
                  0000a628    00000006                               : SDSPI.oem4f (.text:SDSPI_getSectorSize)
                  0000a62e    00000006                               : SPIMSP432DMA.oem4f (.text:SPIMSP432DMA_control)
                  0000a634    00000006     rtsv7M4_T_le_v4SPD16_eabi.lib : copy_decompress_rle.obj (.text:decompress:rle24)
                  0000a63a    00000006     fatfs.a : ff.obj (.text:lock_fs)
                  0000a640    00000004     nortos_msp432p401x.aem4f : ClockPTimer_nortos.oem4f (.text:ClockP_isActive)
                  0000a644    00000004                              : HwiPMSP432_nortos.oem4f (.text:HwiP_clearInterrupt)
                  0000a648    00000004                              : HwiPMSP432_nortos.oem4f (.text:HwiP_disableInterrupt)
                  0000a64c    00000004                              : HwiPMSP432_nortos.oem4f (.text:HwiP_enableInterrupt)
                  0000a650    00000004                              : HwiPMSP432_nortos.oem4f (.text:HwiP_post)
                  0000a654    00000004                              : QueueP_nortos.oem4f (.text:QueueP_head)
                  0000a658    00000004                              : QueueP_nortos.oem4f (.text:QueueP_next)
                  0000a65c    00000004     drivers_msp432p401x.aem4f : SPIMSP432DMA.oem4f (.text:SPIMSP432DMA_init)
                  0000a660    00000004     nortos_msp432p401x.aem4f : SemaphoreP_nortos.oem4f (.text:SemaphoreP_delete)
                  0000a664    00000004                              : TimerPMSP432_nortos.oem4f (.text:TimerP_setPeriod)
                  0000a668    00000004     fatfs.a : diskio.obj (.text:get_fattime)
                  0000a66c    00000004     rtsv7M4_T_le_v4SPD16_eabi.lib : pre_init.obj (.text)

.const     0    0000a670    00000633     
                  0000a670    0000019e     cmd.obj (.const:.string)
                  0000a80e    00000101     rtsv7M4_T_le_v4SPD16_eabi.lib : ctype.obj (.const:.string:_ctypes_)
                  0000a90f    00000001     --HOLE-- [fill = 0]
                  0000a910    00000090     MSP_EXP432P401R.obj (.const:spiMSP432DMAHWAttrs)
                  0000a9a0    00000050     msp432p4xx_driverlib.lib : interrupt.o (.const:g_pulRegs)
                  0000a9f0    00000038     MSP_EXP432P401R.obj (.const:PowerMSP432_config)
                  0000aa28    00000030     msp432p4xx_driverlib.lib : gpio.o (.const:GPIO_PORT_TO_BASE)
                  0000aa58    00000030     MSP_EXP432P401R.obj (.const:SPI_config)
                  0000aa88    00000028     printf.obj (.const:dv)
                  0000aab0    00000024     drivers_msp432p401x.aem4f : SDSPI.oem4f (.const:SDSPI_fxnTable)
                  0000aad4    00000024     main.obj (.const:consoleConfig)
                  0000aaf8    00000024     main.obj (.const:ftdiConfig)
                  0000ab1c    00000024     main.obj (.const:gpsConfig)
                  0000ab40    00000020     drivers_msp432p401x.aem4f : SPI.oem4f (.const:SPI_defaultParams)
                  0000ab60    0000001e     main.obj (.const:samplingRates)
                  0000ab7e    00000002     drivers_msp432p401x.aem4f : SDSPI.oem4f (.const:.string:$P$T1$2)
                  0000ab80    0000001c     main.obj (.const:defaultTime)
                  0000ab9c    00000018     drivers_msp432p401x.aem4f : SPIMSP432DMA.oem4f (.const:SPIMSP432DMA_fxnTable)
                  0000abb4    00000014     MSP_EXP432P401R.obj (.const:GPIOMSP432_config)
                  0000abc8    00000014     main.obj (.const:i2cBusConfig)
                  0000abdc    00000010     printf.obj (.const:.string:hex$1)
                  0000abec    00000010     nortos_msp432p401x.aem4f : SwiP_nortos.oem4f (.const:SwiP_defaultParams)
                  0000abfc    0000000f     main.obj (.const:.string:daq1)
                  0000ac0b    0000000f     main.obj (.const:.string:daq2)
                  0000ac1a    00000002     drivers_msp432p401x.aem4f : SDSPI.oem4f (.const:.string:$P$T3$4)
                  0000ac1c    0000000c     MSP_EXP432P401R.obj (.const:SD_config)
                  0000ac28    0000000c     MSP_EXP432P401R.obj (.const:udmaMSP432HWAttrs)
                  0000ac34    0000000a     drivers_msp432p401x.aem4f : SDSPI.oem4f (.const:.string:$P$T2$3)
                  0000ac3e    0000000a     fatfs.a : ff.obj (.const:.string:DbcTbl)
                  0000ac48    0000000a     main.obj (.const:.string)
                  0000ac52    00000002     --HOLE-- [fill = 0]
                  0000ac54    00000008     MSP_EXP432P401R.obj (.const:UDMAMSP432_config)
                  0000ac5c    00000008     drivers_msp432p401x.aem4f : SPIMSP432DMA.oem4f (.const:frameFormat)
                  0000ac64    00000008     msp432p4xx_driverlib.lib : interrupt.o (.const:g_pulDisRegs)
                  0000ac6c    00000008                              : interrupt.o (.const:g_pulEnRegs)
                  0000ac74    00000008                              : interrupt.o (.const:g_pulPendRegs)
                  0000ac7c    00000008                              : interrupt.o (.const:g_pulUnpendRegs)
                  0000ac84    00000006     drivers_msp432p401x.aem4f : GPIOMSP432.oem4f (.const:.string:interruptType)
                  0000ac8a    00000006                               : GPIOMSP432.oem4f (.const:.string:portInterruptIds)
                  0000ac90    00000004                               : SDSPI.oem4f (.const:.string:$P$T0$1)
                  0000ac94    00000004     MSP_EXP432P401R.obj (.const:SDFatFS_config)
                  0000ac98    00000004     drivers_msp432p401x.aem4f : SD.oem4f (.const:SD_defaultParams)
                  0000ac9c    00000004     MSP_EXP432P401R.obj (.const:sdspiHWAttrs)
                  0000aca0    00000003     MSP_EXP432P401R.obj (.const)

.cinit     0    0000aca8    000002bc     
                  0000aca8    0000027b     (.cinit..data.load) [load image, compression = rle]
                  0000af23    00000005     --HOLE-- [fill = 0]
                  0000af28    0000000b     (.cinit..bss.load) [load image, compression = rle]
                  0000af33    00000005     --HOLE-- [fill = 0]
                  0000af38    00000009     (.cinit..vtable.load) [load image, compression = rle]
                  0000af41    00000003     --HOLE-- [fill = 0]
                  0000af44    00000008     (__TI_handler_table)
                  0000af4c    00000018     (__TI_cinit_table)

.init_array 
*          0    00000000    00000000     UNINITIALIZED

.binit     0    00000000    00000000     

.vtable    0    20000000    000000e8     UNINITIALIZED
                  20000000    000000e8     msp432p4xx_driverlib.lib : interrupt.o (.vtable)

.bss       0    20000100    000021ca     UNINITIALIZED
                  20000100    00001194     (.common:configuration)
                  20001294    000003e8     (.common:rxdata)
                  2000167c    00000258     main.obj (.bss:ADCData)
                  200018d4    00000240     (.common:sdfatfsObjects)
                  20001b14    00000120     rtsv7M4_T_le_v4SPD16_eabi.lib : trgmsg.obj (.bss:_CIOBUF_)
                  20001c34    00000120     (.common:spiMSP432DMAObjects)
                  20001d54    00000004     drivers_msp432p401x.aem4f : GPIOMSP432.oem4f (.bss)
                  20001d58    000000a0     nortos_msp432p401x.aem4f : ClockPTimer_nortos.oem4f (.bss:ClockP_module)
                  20001df8    00000008     msp432p4xx_driverlib.lib : cs.o (.bss)
                  20001e00    00000100     MSP_EXP432P401R.obj (.bss:dmaControlTable)
                  20001f00    000000a0     (.common:__TI_tmpnams)
                  20001fa0    00000080     main.obj (.bss:COMMAND)
                  20002020    00000080     main.obj (.bss:consoleInput)
                  200020a0    0000004e     (.common:gps)
                  200020ee    00000030     drivers_msp432p401x.aem4f : GPIOMSP432.oem4f (.bss:gpioCallbackInfo)
                  2000211e    00000002     fatfs.a : ff.obj (.bss)
                  20002120    00000028             : ffcio.obj (.bss:filTable)
                  20002148    00000024     cmdline.obj (.bss:g_ppcArgv)
                  2000216c    00000020     nortos_msp432p401x.aem4f : SwiP_nortos.oem4f (.bss:SwiP_readyList)
                  2000218c    00000020     drivers_msp432p401x.aem4f : UDMAMSP432.oem4f (.bss:hwiFxnArgs)
                  200021ac    00000020                               : UDMAMSP432.oem4f (.bss:hwiFxnHandlers)
                  200021cc    00000020     (.common:sensors_enabled)
                  200021ec    0000001c     nortos_msp432p401x.aem4f : SwiP_nortos.oem4f (.bss:SwiP_hwiStruct)
                  20002208    0000001c                              : TimerPMSP432_nortos.oem4f (.bss:TimerP_hwiStruct)
                  20002224    00000014     (.common:experiment_name)
                  20002238    00000014     (.common:localization_name)
                  2000224c    00000010     fatfs.a : ff.obj (.bss:FatFs)
                  2000225c    00000010     drivers_msp432p401x.aem4f : UDMAMSP432.oem4f (.bss:hwiHandles)
                  2000226c    00000010                               : SDFatFS.oem4f (.bss:sdFatFSHandles)
                  2000227c    0000000d     nortos_msp432p401x.aem4f : SwiP_nortos.oem4f (.bss)
                  20002289    00000001     (.common:cutoff)
                  2000228a    00000002     (.common:compare_value)
                  2000228c    0000000c     (.common:sdspiObjects)
                  20002298    00000008     rtsv7M4_T_le_v4SPD16_eabi.lib : trgdrv.obj (.bss:parmbuf)
                  200022a0    00000008     nortos_msp432p401x.aem4f : ClockPTimer_nortos.oem4f (.bss:timerFreq)
                  200022a8    00000008     (.common:format)
                  200022b0    00000004                              : ClockPTimer_nortos.oem4f (.bss)
                  200022b4    00000004                              : TimerPMSP432_nortos.oem4f (.bss)
                  200022b8    00000004     (.common:received_byte)
                  200022bc    00000004     (.common:sdfatfsHandle)
                  200022c0    00000004     (.common:src)
                  200022c4    00000002     (.common:duration)
                  200022c6    00000001     (.common:gain)
                  200022c7    00000001     (.common:sample_rate)
                  200022c8    00000001     (.common:start_delay)
                  200022c9    00000001     (.common:udmaMSP432Object)

.sysmem    0    200022d0    00000800     UNINITIALIZED
                  200022d0    00000008     rtsv7M4_T_le_v4SPD16_eabi.lib : memory.obj (.sysmem)
                  200022d8    000007f8     --HOLE--

.data      0    20002ad0    00000681     UNINITIALIZED
                  20002ad0    00000140     nortos_msp432p401x.aem4f : HwiPMSP432_nortos.oem4f (.data:HwiP_dispatchTable)
                  20002c10    00000130     drivers_msp432p401x.aem4f : PowerMSP432.oem4f (.data:PowerMSP432_perfLevels)
                  20002d40    000000f0     rtsv7M4_T_le_v4SPD16_eabi.lib : defs.obj (.data:_ftable)
                  20002e30    000000d0                                   : lowlev.obj (.data:$O1$$)
                  20002f00    000000a8     cmd.obj (.data:g_psCmdTable)
                  20002fa8    00000050     fatfs.a : diskio.obj (.data:drive_fxn_table)
                  20002ff8    00000047     main.obj (.data)
                  2000303f    00000001     drivers_msp432p401x.aem4f : SD.oem4f (.data)
                  20003040    00000030     MSP_EXP432P401R.obj (.data:gpioPinConfigs)
                  20003070    0000002c     drivers_msp432p401x.aem4f : PowerMSP432.oem4f (.data:PowerMSP432_module)
                  2000309c    00000010                               : UDMAMSP432.oem4f (.data)
                  200030ac    00000010     MSP_EXP432P401R.obj (.data:gpioCallbackFunctions)
                  200030bc    00000010     rtsv7M4_T_le_v4SPD16_eabi.lib : defs.obj (.data)
                  200030cc    0000000c                                   : exit.obj (.data:$O1$$)
                  200030d8    0000000c                                   : memory.obj (.data:$O1$$)
                  200030e4    0000000c     nortos_msp432p401x.aem4f : TimerPMSP432_nortos.oem4f (.data:TimerP_defaultParams)
                  200030f0    0000000c     main.obj (.data:live1)
                  200030fc    0000000c     main.obj (.data:live2)
                  20003108    00000008     rtsv7M4_T_le_v4SPD16_eabi.lib : _lock.obj (.data:$O1$$)
                  20003110    00000008     nortos_msp432p401x.aem4f : SemaphoreP_nortos.oem4f (.data:SemaphoreP_defaultParams)
                  20003118    00000008     main.obj (.data:modules_connected_code)
                  20003120    00000008     nortos_msp432p401x.aem4f : ClockPTimer_nortos.oem4f (.data)
                  20003128    00000008                              : HwiPMSP432_nortos.oem4f (.data)
                  20003130    00000004     fatfs.a : ffcio.obj (.data)
                  20003134    00000004     main.obj (.data:fatfsPrefix)
                  20003138    00000004     rtsv7M4_T_le_v4SPD16_eabi.lib : errno.obj (.data)
                  2000313c    00000004                                   : fopen.obj (.data)
                  20003140    00000004                                   : stkdepth_vars.obj (.data)
                  20003144    00000004                                   : strtok.obj (.data)
                  20003148    00000003     nortos_msp432p401x.aem4f : SemaphoreP_nortos.oem4f (.data)
                  2000314b    00000002     drivers_msp432p401x.aem4f : GPIOMSP432.oem4f (.data)
                  2000314d    00000001                               : SDFatFS.oem4f (.data)
                  2000314e    00000001                               : SPI.oem4f (.data)
                  2000314f    00000001     nortos_msp432p401x.aem4f : SwiP_nortos.oem4f (.data)
                  20003150    00000001                              : TimerPMSP432_nortos.oem4f (.data)

.stack     0    2000fe00    00000200     UNINITIALIZED
                  2000fe00    00000200     --HOLE--

MODULE SUMMARY

       Module                        code    ro data   rw data
       ------                        ----    -------   -------
    ./
       main.obj                      4846    226       13282  
       system_msp432p401r.obj        120     0         0      
    +--+-----------------------------+-------+---------+---------+
       Total:                        4966    226       13282  
                                                              
    ./boardConfigs/
       MSP_EXP432P401R.obj           36      311       2394   
    +--+-----------------------------+-------+---------+---------+
       Total:                        36      311       2394   
                                                              
    ./ccs/
       startup_msp432p401r_ccs.obj   14      228       0      
    +--+-----------------------------+-------+---------+---------+
       Total:                        14      228       0      
                                                              
    ./utils/
       cmd.obj                       1626    414       336    
       printf.obj                    598     56        0      
       cmdline.obj                   172     0         72     
    +--+-----------------------------+-------+---------+---------+
       Total:                        2396    470       408    
                                                              
    /opt/ti/ccsv6/tools/compiler/arm_15.12.3.LTS/lib/rtsv7M4_T_le_v4SPD16_eabi.lib
       _printfi.obj                  4368    0         0      
       lowlev.obj                    780     0         416    
       memory.obj                    988     0         24     
       defs.obj                      0       0         832    
       trgdrv.obj                    804     0         16     
       trgmsg.obj                    104     0         576    
       ull_div_t2.obj                500     0         0      
       fopen.obj                     452     0         8      
       fd_add_t2.obj                 438     0         0      
       fwrite.obj                    364     0         0      
       fd_div_t2.obj                 310     0         0      
       fd_cmp_t2.obj                 268     0         0      
       ctype.obj                     0       257       0      
       fd_mul_t2.obj                 252     0         0      
       s_scalbn.obj                  252     0         0      
       fread.obj                     236     0         0      
       setvbuf.obj                   220     0         0      
       fflush.obj                    200     0         0      
       _io_perm.obj                  172     0         0      
       _bufread.obj                  160     0         0      
       memcpy_t2.obj                 156     0         0      
       fclose.obj                    152     0         0      
       fputc.obj                     152     0         0      
       memset_t2.obj                 122     0         0      
       autoinit.obj                  112     0         0      
       copy_decompress_rle.obj       112     0         0      
       exit.obj                      84      0         24     
       fseek.obj                     100     0         0      
       s_frexp.obj                   100     0         0      
       sprintf.obj                   96      0         0      
       ltoa.obj                      86      0         0      
       boot.obj                      84      0         0      
       atoi.obj                      76      0         0      
       cpy_tbl.obj                   76      0         0      
       fd_toi_t2.obj                 72      0         0      
       strtok.obj                    64      0         8      
       strncpy.obj                   48      0         0      
       i_tofd_t2.obj                 46      0         0      
       strspn.obj                    42      0         0      
       _lock.obj                     20      0         16     
       strcspn.obj                   36      0         0      
       memchr.obj                    32      0         0      
       memccpy.obj                   28      0         0      
       args_main.obj                 24      0         0      
       strcmp.obj                    24      0         0      
       strchr.obj                    22      0         0      
       s_copysign.obj                20      0         0      
       strcpy.obj                    20      0         0      
       strlen.obj                    20      0         0      
       copy_decompress_none.obj      14      0         0      
       errno.obj                     0       0         8      
       rewind.obj                    8       0         0      
       stkdepth_vars.obj             0       0         8      
       pre_init.obj                  4       0         0      
       mpu_init.obj                  2       0         0      
       startup.obj                   2       0         0      
    +--+-----------------------------+-------+---------+---------+
       Total:                        12924   257       1936   
                                                              
    /opt/ti/simplelink_msp432p4_sdk_2_30_00_14/kernel/nortos/lib/nortos_msp432p401x.aem4f
       ClockPTimer_nortos.oem4f      796     0         360    
       HwiPMSP432_nortos.oem4f       296     0         656    
       SwiP_nortos.oem4f             630     16        148    
       TimerPMSP432_nortos.oem4f     644     0         90     
       SemaphoreP_nortos.oem4f       378     0         22     
       QueueP_nortos.oem4f           100     0         0      
       PowerMSP432_nortos.oem4f      76      0         0      
    +--+-----------------------------+-------+---------+---------+
       Total:                        2920    16        1276   
                                                              
    /opt/ti/simplelink_msp432p4_sdk_2_30_00_14/source/third_party/fatfs/lib/ccs/m4f/fatfs.a
       ff.obj                        5629    10        36     
       ffcio.obj                     352     0         88     
       diskio.obj                    248     0         160    
       ffsystem.obj                  54      0         0      
    +--+-----------------------------+-------+---------+---------+
       Total:                        6283    10        284    
                                                              
    /opt/ti/simplelink_msp432p4_sdk_2_30_00_14/source/ti/devices/msp432p4xx/driverlib/ccs/msp432p4xx_driverlib.lib
       interrupt.o                   686     112       464    
       cs.o                          1074    0         16     
       gpio.o                        584     48        0      
       uart.o                        526     0         0      
       rtc_c.o                       504     0         0      
       spi.o                         328     0         0      
       i2c.o                         294     0         0      
       dma.o                         240     0         0      
       sysctl_a.o                    64      0         0      
       cpu.o                         24      0         0      
       timer_a.o                     22      0         0      
       sysctl.o                      16      0         0      
    +--+-----------------------------+-------+---------+---------+
       Total:                        4362    160       480    
                                                              
    /opt/ti/simplelink_msp432p4_sdk_2_30_00_14/source/ti/drivers/lib/drivers_msp432p401x.aem4f
       PowerMSP432.oem4f             2208    0         696    
       SPIMSP432DMA.oem4f            1902    32        0      
       SDSPI.oem4f                   1654    54        0      
       UDMAMSP432.oem4f              900     0         192    
       GPIOMSP432.oem4f              828     12        108    
       SDFatFS.oem4f                 532     0         34     
       SPI.oem4f                     168     32        2      
       SD.oem4f                      188     4         2      
       List.oem4f                    76      0         0      
    +--+-----------------------------+-------+---------+---------+
       Total:                        8456    134       1034   
                                                              
       Heap:                         0       0         4096   
       Stack:                        0       0         1024   
       Linker Generated:             0       687       0      
    +--+-----------------------------+-------+---------+---------+
       Grand Total:                  42357   2499      26214  


LINKER GENERATED COPY TABLES

__TI_cinit_table @ 0000af4c records: 3, size/record: 8, table size: 24
	.data: load addr=0000aca8, load size=0000027b bytes, run addr=20002ad0, run size=00000681 bytes, compression=rle
	.bss: load addr=0000af28, load size=0000000b bytes, run addr=20000100, run size=000021ca bytes, compression=rle
	.vtable: load addr=0000af38, load size=00000009 bytes, run addr=20000000, run size=000000e8 bytes, compression=rle


LINKER GENERATED HANDLER TABLE

__TI_handler_table @ 0000af44 records: 2, size/record: 4, table size: 8
	index: 0, handler: __TI_decompress_rle24
	index: 1, handler: __TI_decompress_none


GLOBAL SYMBOLS: SORTED ALPHABETICALLY BY Name 

address   name                                       
-------   ----                                       
00003c53  ADC14_IRQHandler                           
00003c53  AES256_IRQHandler                          
00003c53  BusFault_Handler                           
00008ab1  C$$EXIT                                    
000082f3  C$$IO$$                                    
00004a69  CMD_create                                 
00008bad  CMD_diagnose                               
00007589  CMD_duration                               
000096a9  CMD_getData                                
00007a81  CMD_help                                   
0000a4c5  CMD_initCard                               
00003c55  CMD_read                                   
00009557  CMD_reset                                  
00008bfd  CMD_setCutoffFreq                          
00008c4d  CMD_setGain                                
00008c9d  CMD_setSamplingFreq                        
00009591  CMD_start                                  
00005061  CMD_write                                  
00003c53  COMP_E0_IRQHandler                         
00003c53  COMP_E1_IRQHandler                         
0000a50b  CPU_cpsid                                  
0000a517  CPU_cpsie                                  
00003c53  CS_IRQHandler                              
000045dd  CS_initClockSignal                         
000096dd  CS_setDCOCenteredFrequency                 
00009d9d  CS_setExternalClockSourceFrequency         
000055f9  CS_startHFXTWithTimeout                    
0000a4d3  CS_startLFXT                               
000056dd  CS_startLFXTWithTimeout                    
00009dbd  ClockP_add                                 
0000a06d  ClockP_destruct                            
0000a525  ClockP_doTick                              
0000a531  ClockP_getSystemTickPeriod                 
0000999d  ClockP_getSystemTicks                      
00009bf1  ClockP_getTicks                            
0000a641  ClockP_isActive                            
00009c15  ClockP_scheduleNextTick                    
00007691  ClockP_start                               
0000621d  ClockP_startup                             
20003124  ClockP_tickPeriod                          
00007af9  ClockP_walkQueueDynamic                    
00006381  ClockP_workFuncDynamic                     
0000642d  CmdLineProcess                             
00003c53  DMA_ERR_IRQHandler                         
00003c53  DMA_INT0_IRQHandler                        
00003c53  DMA_INT1_IRQHandler                        
00003c53  DMA_INT2_IRQHandler                        
00003c53  DMA_INT3_IRQHandler                        
00005155  DMA_setChannelTransfer                     
00003c53  DebugMon_Handler                           
00003c53  Default_Handler                            
000068c9  EUSCIA0_IRQHandler                         
000068c9  EUSCIA0_IRQHandler                         
00007f09  EUSCIA1_IRQHandler                         
00007f09  EUSCIA1_IRQHandler                         
00002c7d  EUSCIA2_IRQHandler                         
00002c7d  EUSCIA2_IRQHandler                         
00003c53  EUSCIA3_IRQHandler                         
00003c53  EUSCIB0_IRQHandler                         
00003c53  EUSCIB1_IRQHandler                         
00005421  EUSCIB2_IRQHandler                         
00005421  EUSCIB2_IRQHandler                         
00003c53  EUSCIB3_IRQHandler                         
0000a085  EUSCI_A_SPI_getInterruptStatus             
0000a09d  EUSCI_B_SPI_getInterruptStatus             
00003c53  FLCTL_IRQHandler                           
00003c53  FPU_IRQHandler                             
0000abb4  GPIOMSP432_config                          
000099c5  GPIO_clearInterruptFlag                    
000099ed  GPIO_enableInterrupt                       
00008125  GPIO_hwiIntFxn                             
000064d9  GPIO_init                                  
000086f9  GPIO_setAsInputPinWithPullDownResistor     
000091fd  GPIO_setAsOutputPin                        
0000725d  GPIO_setAsPeripheralModuleFunctionInputPin 
000072e5  GPIO_setAsPeripheralModuleFunctionOutputPin
00008751  GPIO_setCallback                           
00003dc9  GPIO_setConfig                             
00009a15  GPIO_setOutputHighOnPin                    
00009a3d  GPIO_setOutputLowOnPin                     
000085e5  GPIO_write                                 
00001e7b  HOSTclock                                  
00001e43  HOSTclose                                  
00001e05  HOSTgetenv                                 
00001da9  HOSTlseek                                  
00001d57  HOSTopen                                   
00001d0b  HOSTread                                   
00001cad  HOSTrename                                 
00001c73  HOSTtime                                   
00001c29  HOSTtime64                                 
00001bf1  HOSTunlink                                 
00001ba5  HOSTwrite                                  
00003c53  HardFault_Handler                          
0000a399  HwiP_Params_init                           
0000a645  HwiP_clearInterrupt                        
00007d49  HwiP_construct                             
0000991d  HwiP_create                                
0000a0b5  HwiP_delete                                
0000a405  HwiP_disable                               
0000a649  HwiP_disableInterrupt                      
00009c39  HwiP_dispatch                              
0000a64d  HwiP_enableInterrupt                       
0000a0cd  HwiP_inISR                                 
20003128  HwiP_key                                   
0000a651  HwiP_post                                  
0000a5f5  HwiP_restore                               
2000312c  HwiP_swiPIntNum                            
0000a18d  I2C_clearInterruptFlag                     
0000a1a3  I2C_enableModule                           
00008521  I2C_initMaster                             
0000818d  I2C_masterSendMultiByteStart               
00009f3d  I2C_setMode                                
0000a295  I2C_setSlaveAddress                        
00007711  Interrupt_disableInterrupt                 
0000a415  Interrupt_disableMaster                    
00007791  Interrupt_enableInterrupt                  
0000a425  Interrupt_enableMaster                     
000081f5  Interrupt_pendInterrupt                    
00008641  Interrupt_registerInterrupt                
000089b5  Interrupt_setPriority                      
000087a9  Interrupt_unpendInterrupt                  
00009f59  Interrupt_unregisterInterrupt              
00009b7d  List_put                                   
00009ba3  List_remove                                
0000a5fd  MSP_EXP432P401R_initGeneral                
00003c53  MemManage_Handler                          
00003c53  NMI_Handler                                
00003c53  PCM_IRQHandler                             
00003c53  PORT1_IRQHandler                           
00003c53  PORT2_IRQHandler                           
00003c53  PORT3_IRQHandler                           
00003c53  PORT4_IRQHandler                           
00003c53  PORT5_IRQHandler                           
00005b29  PORT6_IRQHandler                           
00005b29  PORT6_IRQHandler                           
00003c53  PSS_IRQHandler                             
00003c53  PendSV_Handler                             
0000a9f0  PowerMSP432_config                         
0000832d  PowerMSP432_getFreqs                       
0000a435  PowerMSP432_getNumPerfLevels               
000071cf  PowerMSP432_initPolicy                     
20003070  PowerMSP432_module                         
20002c10  PowerMSP432_perfLevels                     
00008ebd  PowerMSP432_sleepPolicy                    
00007587  PowerMSP432_updateFreqs                    
0000a445  Power_disablePolicy                        
0000a455  Power_enablePolicy                         
0000a53d  Power_getConstraintMask                    
0000a549  Power_getPerformanceLevel                  
0000a2a9  Power_idleFunc                             
00006aa9  Power_init                                 
00009a65  Power_registerNotify                       
00008f05  Power_releaseConstraint                    
000095c9  Power_setConstraint                        
000021d5  Power_sleep                                
00009ddd  Power_unregisterNotify                     
0000a4e1  QueueP_empty                               
0000a039  QueueP_get                                 
0000a655  QueueP_head                                
0000a61d  QueueP_init                                
0000a659  QueueP_next                                
00009dfd  QueueP_put                                 
0000a4ef  QueueP_remove                              
00003c53  RTC_C_IRQHandler                           
00008801  RTC_C_clearInterruptFlag                   
00008391  RTC_C_enableInterrupt                      
00007891  RTC_C_getCalendarTime                      
00006f81  RTC_C_initCalendar                         
0000986d  RTC_C_startClock                           
0000a555  Reset_Handler                              
00009601  SDFatFS_close                              
0000ac94  SDFatFS_config                             
0000aca0  SDFatFS_count                              
0000933d  SDFatFS_diskIOctrl                         
00009c5d  SDFatFS_diskInitialize                     
00009899  SDFatFS_diskRead                           
0000a465  SDFatFS_diskStatus                         
000098c5  SDFatFS_diskWrite                          
00008fdd  SDFatFS_init                               
00005cd1  SDFatFS_open                               
00009c81  SDSPI_close                                
0000a623  SDSPI_control                              
0000aab0  SDSPI_fxnTable                             
00006631  SDSPI_getNumSectors                        
0000a629  SDSPI_getSectorSize                        
0000a561  SDSPI_init                                 
00003781  SDSPI_initialize                           
00007f75  SDSPI_open                                 
00006b45  SDSPI_read                                 
00005e69  SDSPI_write                                
0000a591  SD_close                                   
0000ac1c  SD_config                                  
0000aca1  SD_count                                   
0000ac98  SD_defaultParams                           
0000a59b  SD_getNumSectors                           
0000a5a5  SD_getSectorSize                           
00009021  SD_init                                    
0000a5af  SD_initialize                              
00009379  SD_open                                    
0000a5b9  SD_read                                    
0000a5c3  SD_write                                   
UNDEFED   SHT$$INIT_ARRAY$$Base                      
UNDEFED   SHT$$INIT_ARRAY$$Limit                     
000083f5  SPIMSP432DMA_close                         
0000a62f  SPIMSP432DMA_control                       
0000ab9c  SPIMSP432DMA_fxnTable                      
0000a65d  SPIMSP432DMA_init                          
000024cd  SPIMSP432DMA_open                          
0000483d  SPIMSP432DMA_transfer                      
00004b6d  SPIMSP432DMA_transferCancel                
0000a2bd  SPI_Params_init                            
0000a5cd  SPI_close                                  
0000aa58  SPI_config                                 
0000aca2  SPI_count                                  
0000ab40  SPI_defaultParams                          
00009a8d  SPI_getInterruptStatus                     
00009065  SPI_init                                   
000062d1  SPI_initMaster                             
000093b5  SPI_open                                   
0000a5d7  SPI_transfer                               
00003c53  SVC_Handler                                
0000a475  SemaphoreP_Params_init                     
00008ced  SemaphoreP_construct                       
0000a1b9  SemaphoreP_create                          
0000a053  SemaphoreP_createBinary                    
20003110  SemaphoreP_defaultParams                   
0000a661  SemaphoreP_delete                          
00006969  SemaphoreP_pend                            
000090a9  SemaphoreP_post                            
0000a485  SwiP_Params_init                           
00005a51  SwiP_construct                             
00009f75  SwiP_disable                               
00006be1  SwiP_dispatch                              
0000825d  SwiP_post                                  
000090ed  SwiP_restore                               
0000a0e5  SysCtl_A_disableNMISource                  
0000a0fd  SysCtl_A_enableNMISource                   
0000a495  SysCtl_A_getNMISourceStatus                
0000a4a5  SysCtl_getNMISourceStatus                  
00003c53  SysTick_Handler                            
00007b71  SystemInit                                 
00003c53  T32_INT1_IRQHandler                        
00003c53  T32_INT2_IRQHandler                        
00003c53  T32_INTC_IRQHandler                        
00003c53  TA0_0_IRQHandler                           
00003c53  TA0_N_IRQHandler                           
00006c7d  TA1_0_IRQHandler                           
00006c7d  TA1_0_IRQHandler                           
00003c53  TA1_N_IRQHandler                           
00003c53  TA2_0_IRQHandler                           
00003c53  TA2_N_IRQHandler                           
00003c53  TA3_0_IRQHandler                           
00003c53  TA3_N_IRQHandler                           
0000a4b5  TimerP_Params_init                         
00005f2d  TimerP_construct                           
00008859  TimerP_dynamicStub                         
00007fe1  TimerP_getCurrentTick                      
0000a56d  TimerP_getFreq                             
0000a579  TimerP_getMaxTicks                         
000093f1  TimerP_initDevice                          
0000923d  TimerP_setNextTick                         
0000a665  TimerP_setPeriod                           
00009131  TimerP_start                               
0000a1cf  Timer_A_startCounter                       
0000a1e5  UART_clearInterruptFlag                    
000097ad  UART_enableInterrupt                       
0000a1fb  UART_enableModule                          
00008909  UART_getEnabledInterruptStatus             
0000a115  UART_getInterruptStatus                    
00004c71  UART_initModule                            
0000a2f9  UART_queryStatusFlags                      
00009711  UART_transmitData                          
000040a9  UARTprintf                                 
0000a3ab  UARTputc                                   
00009ca5  UARTputs                                   
000057bd  UDMAMSP432_close                           
0000ac54  UDMAMSP432_config                          
00007015  UDMAMSP432_init                            
000070a9  UDMAMSP432_open                            
00003c53  UsageFault_Handler                         
4000480c  WDTCTL_SYM                                 
00003c53  WDT_A_IRQHandler                           
20001b14  __CIOBUF_                                  
20010000  __STACK_END                                
00000200  __STACK_SIZE                               
00000800  __SYSMEM_SIZE                              
0000af4c  __TI_CINIT_Base                            
0000af64  __TI_CINIT_Limit                           
0000af44  __TI_Handler_Table_Base                    
0000af4c  __TI_Handler_Table_Limit                   
00007e29  __TI_auto_init                             
00006a09  __TI_buff_read                             
00003169  __TI_cleanup                               
200030cc  __TI_cleanup_ptr                           
00006e51  __TI_closefile                             
0000a4fd  __TI_decompress_none                       
0000a635  __TI_decompress_rle24                      
00005da1  __TI_doflush                               
200030d0  __TI_dtors_ptr                             
200030d4  __TI_enable_exit_profile_output            
200030bc  __TI_ft_end                                
ffffffff  __TI_pprof_out_hndl                        
00000eef  __TI_printfi                               
ffffffff  __TI_prof_data_size                        
ffffffff  __TI_prof_data_start                       
000065e7  __TI_rd_ok                                 
000082f7  __TI_readmsg                               
00000000  __TI_static_base__                         
20001f00  __TI_tmpnams                               
000082c5  __TI_writemsg                              
00006585  __TI_wrt_ok                                
000073f5  __aeabi_cdcmpeq                            
000073f5  __aeabi_cdcmple                            
0000747b  __aeabi_cdrcmple                           
00008f4d  __aeabi_d2iz                               
00003425  __aeabi_dadd                               
000044a7  __aeabi_ddiv                               
00004e69  __aeabi_dmul                               
0000341b  __aeabi_dsub                               
0000983d  __aeabi_i2d                                
00007a05  __aeabi_memclr                             
00007a05  __aeabi_memclr4                            
00007a05  __aeabi_memclr8                            
00006db5  __aeabi_memcpy                             
00006db5  __aeabi_memcpy4                            
00006db5  __aeabi_memcpy8                            
00007a07  __aeabi_memset                             
00007a07  __aeabi_memset4                            
00007a07  __aeabi_memset8                            
200030c8  __aeabi_stderr                             
200030c0  __aeabi_stdin                              
200030c4  __aeabi_stdout                             
00002ead  __aeabi_uldivmod                           
ffffffff  __binit__                                  
ffffffff  __c_args__                                 
00007f07  __mpu_init                                 
2000fe00  __stack                                    
0000a15d  _args_main                                 
00008a5d  _c_int00                                   
0000a80e  _ctypes_                                   
20002d40  _ftable                                    
20003108  _lock                                      
0000a357  _nop                                       
0000a34f  _register_lock                             
0000a349  _register_unlock                           
200022d0  _sys_memory                                
00008123  _system_post_cinit                         
0000a66d  _system_pre_init                           
2000310c  _unlock                                    
00008ab5  abort                                      
00002129  add_device                                 
00008dd9  atoi                                       
ffffffff  binit                                      
20003000  bytesToRec                                 
00001b71  calloc                                     
20003012  check_format                               
00007a7f  clkFxn                                     
000020d9  close                                      
[...]
00006aa9  Power_init                                 
00006b45  SDSPI_read                                 
00006be1  SwiP_dispatch                              
00006c7d  TA1_0_IRQHandler                           
00006c7d  TA1_0_IRQHandler                           
00006d19  f_sync                                     
00006db5  __aeabi_memcpy                             
00006db5  __aeabi_memcpy4                            
00006db5  __aeabi_memcpy8                            
00006db5  memcpy                                     
00006e51  __TI_closefile                             
00006eb7  fclose                                     
00006ee9  fputc                                      
00006ee9  putc                                       
00006f6d  putchar                                    
00006f81  RTC_C_initCalendar                         
00007015  UDMAMSP432_init                            
000070a9  UDMAMSP432_open                            
000071cf  PowerMSP432_initPolicy                     
0000725d  GPIO_setAsPeripheralModuleFunctionInputPin 
000072e5  GPIO_setAsPeripheralModuleFunctionOutputPin
000073f5  __aeabi_cdcmpeq                            
000073f5  __aeabi_cdcmple                            
0000747b  __aeabi_cdrcmple                           
00007587  PowerMSP432_updateFreqs                    
00007589  CMD_duration                               
00007691  ClockP_start                               
00007711  Interrupt_disableInterrupt                 
00007791  Interrupt_enableInterrupt                  
00007891  RTC_C_getCalendarTime                      
0000790d  f_mount                                    
00007a05  __aeabi_memclr                             
00007a05  __aeabi_memclr4                            
00007a05  __aeabi_memclr8                            
00007a07  __aeabi_memset                             
00007a07  __aeabi_memset4                            
00007a07  __aeabi_memset8                            
00007a0d  memset                                     
00007a7f  clkFxn                                     
00007a81  CMD_help                                   
00007af9  ClockP_walkQueueDynamic                    
00007b71  SystemInit                                 
00007cd5  processCommand                             
00007d49  HwiP_construct                             
00007e29  __TI_auto_init                             
00007f07  __mpu_init                                 
00007f09  EUSCIA1_IRQHandler                         
00007f09  EUSCIA1_IRQHandler                         
00007f75  SDSPI_open                                 
00007fe1  TimerP_getCurrentTick                      
0000804d  configureSDCard                            
00008123  _system_post_cinit                         
00008125  GPIO_hwiIntFxn                             
0000818d  I2C_masterSendMultiByteStart               
000081f5  Interrupt_pendInterrupt                    
0000825d  SwiP_post                                  
000082c5  __TI_writemsg                              
000082f3  C$$IO$$                                    
000082f7  __TI_readmsg                               
0000832d  PowerMSP432_getFreqs                       
00008391  RTC_C_enableInterrupt                      
000083f5  SPIMSP432DMA_close                         
00008459  fseek                                      
000084bd  frexp                                      
000084bd  frexpl                                     
00008521  I2C_initMaster                             
00008585  sprintf                                    
000085e5  GPIO_write                                 
00008641  Interrupt_registerInterrupt                
000086f9  GPIO_setAsInputPinWithPullDownResistor     
00008751  GPIO_setCallback                           
000087a9  Interrupt_unpendInterrupt                  
00008801  RTC_C_clearInterruptFlag                   
00008859  TimerP_dynamicStub                         
00008909  UART_getEnabledInterruptStatus             
0000895f  ltoa                                       
000089b5  Interrupt_setPriority                      
00008a5d  _c_int00                                   
00008ab1  C$$EXIT                                    
00008ab5  abort                                      
00008abd  exit                                       
00008bad  CMD_diagnose                               
00008bfd  CMD_setCutoffFreq                          
00008c4d  CMD_setGain                                
00008c9d  CMD_setSamplingFreq                        
00008ced  SemaphoreP_construct                       
00008d8d  configureGPSUART                           
00008dd9  atoi                                       
00008e25  copy_in                                    
00008ebd  PowerMSP432_sleepPolicy                    
00008f05  Power_releaseConstraint                    
00008f4d  __aeabi_d2iz                               
00008fdd  SDFatFS_init                               
00009021  SD_init                                    
00009065  SPI_init                                   
000090a9  SemaphoreP_post                            
000090a9  ff_rel_grant                               
000090ed  SwiP_restore                               
00009131  TimerP_start                               
000091fd  GPIO_setAsOutputPin                        
0000923d  TimerP_setNextTick                         
0000927d  configureRTC                               
000092fd  strtok                                     
0000933d  SDFatFS_diskIOctrl                         
00009379  SD_open                                    
000093b5  SPI_open                                   
000093f1  TimerP_initDevice                          
0000942d  configureConsoleUART                       
00009469  configureFTDIUART                          
000094a5  sendUARTString                             
000094e1  transmitByteData                           
00009557  CMD_reset                                  
00009591  CMD_start                                  
000095c9  Power_setConstraint                        
00009601  SDFatFS_close                              
000096a9  CMD_getData                                
000096dd  CS_setDCOCenteredFrequency                 
00009711  UART_transmitData                          
00009779  ffcio_lseek                                
000097ad  UART_enableInterrupt                       
0000980d  strncpy                                    
0000983d  __aeabi_i2d                                
0000986d  RTC_C_startClock                           
00009899  SDFatFS_diskRead                           
000098c5  SDFatFS_diskWrite                          
000098f1  disk_register                              
0000991d  HwiP_create                                
00009971  strspn                                     
0000999d  ClockP_getSystemTicks                      
000099c5  GPIO_clearInterruptFlag                    
000099ed  GPIO_enableInterrupt                       
00009a15  GPIO_setOutputHighOnPin                    
00009a3d  GPIO_setOutputLowOnPin                     
00009a65  Power_registerNotify                       
00009a8d  SPI_getInterruptStatus                     
00009b2d  disk_unregister                            
00009b7d  List_put                                   
00009ba3  List_remove                                
00009bc9  f_close                                    
00009bf1  ClockP_getTicks                            
00009c15  ClockP_scheduleNextTick                    
00009c39  HwiP_dispatch                              
00009c5d  SDFatFS_diskInitialize                     
00009c81  SDSPI_close                                
00009ca5  UARTputs                                   
00009cc9  disk_ioctl                                 
00009ced  disk_read                                  
00009d11  strcspn                                    
00009d59  configureDataReadyPort                     
00009d9d  CS_setExternalClockSourceFrequency         
00009dbd  ClockP_add                                 
00009ddd  Power_unregisterNotify                     
00009dfd  QueueP_put                                 
00009e1d  disk_write                                 
00009e3d  ffcio_close                                
00009e5d  ffcio_read                                 
00009e7d  ffcio_write                                
00009e9d  memchr                                     
00009ebd  sendByte                                   
00009f1d  transmitNByteData                          
00009f3d  I2C_setMode                                
00009f59  Interrupt_unregisterInterrupt              
00009f75  SwiP_disable                               
00009fad  disk_initialize                            
00009fc9  disk_status                                
0000a01d  memccpy                                    
0000a039  QueueP_get                                 
0000a053  SemaphoreP_createBinary                    
0000a06d  ClockP_destruct                            
0000a085  EUSCI_A_SPI_getInterruptStatus             
0000a09d  EUSCI_B_SPI_getInterruptStatus             
0000a0b5  HwiP_delete                                
0000a0cd  HwiP_inISR                                 
0000a0e5  SysCtl_A_disableNMISource                  
0000a0fd  SysCtl_A_enableNMISource                   
0000a115  UART_getInterruptStatus                    
0000a145  ff_cre_syncobj                             
0000a15d  _args_main                                 
0000a175  strcmp                                     
0000a18d  I2C_clearInterruptFlag                     
0000a1a3  I2C_enableModule                           
0000a1b9  SemaphoreP_create                          
0000a1cf  Timer_A_startCounter                       
0000a1e5  UART_clearInterruptFlag                    
0000a1fb  UART_enableModule                          
0000a253  strchr                                     
0000a295  I2C_setSlaveAddress                        
0000a2a9  Power_idleFunc                             
0000a2bd  SPI_Params_init                            
0000a2f9  UART_queryStatusFlags                      
0000a30d  configureDAQReset                          
0000a321  configureSolenoid                          
0000a335  ff_req_grant                               
0000a349  _register_unlock                           
0000a34f  _register_lock                             
0000a357  _nop                                       
0000a35d  copysign                                   
0000a35d  copysignl                                  
0000a371  strcpy                                     
0000a385  strlen                                     
0000a399  HwiP_Params_init                           
0000a3ab  UARTputc                                   
0000a3cf  ffcio_rename                               
0000a3e1  ffcio_unlink                               
0000a405  HwiP_disable                               
0000a415  Interrupt_disableMaster                    
0000a425  Interrupt_enableMaster                     
0000a435  PowerMSP432_getNumPerfLevels               
0000a445  Power_disablePolicy                        
0000a455  Power_enablePolicy                         
0000a465  SDFatFS_diskStatus                         
0000a475  SemaphoreP_Params_init                     
0000a485  SwiP_Params_init                           
0000a495  SysCtl_A_getNMISourceStatus                
0000a4a5  SysCtl_getNMISourceStatus                  
0000a4b5  TimerP_Params_init                         
0000a4c5  CMD_initCard                               
0000a4d3  CS_startLFXT                               
0000a4e1  QueueP_empty                               
0000a4ef  QueueP_remove                              
0000a4fd  __TI_decompress_none                       
0000a50b  CPU_cpsid                                  
0000a517  CPU_cpsie                                  
0000a525  ClockP_doTick                              
0000a531  ClockP_getSystemTickPeriod                 
0000a53d  Power_getConstraintMask                    
0000a549  Power_getPerformanceLevel                  
0000a555  Reset_Handler                              
0000a561  SDSPI_init                                 
0000a56d  TimerP_getFreq                             
0000a579  TimerP_getMaxTicks                         
0000a591  SD_close                                   
0000a59b  SD_getNumSectors                           
0000a5a5  SD_getSectorSize                           
0000a5af  SD_initialize                              
0000a5b9  SD_read                                    
0000a5c3  SD_write                                   
0000a5cd  SPI_close                                  
0000a5d7  SPI_transfer                               
0000a5e1  ff_del_syncobj                             
0000a5f5  HwiP_restore                               
0000a5fd  MSP_EXP432P401R_initGeneral                
0000a60d  fatfs_getFatTime                           
0000a615  rewind                                     
0000a61d  QueueP_init                                
0000a623  SDSPI_control                              
0000a629  SDSPI_getSectorSize                        
0000a62f  SPIMSP432DMA_control                       
0000a635  __TI_decompress_rle24                      
0000a641  ClockP_isActive                            
0000a645  HwiP_clearInterrupt                        
0000a649  HwiP_disableInterrupt                      
0000a64d  HwiP_enableInterrupt                       
0000a651  HwiP_post                                  
0000a655  QueueP_head                                
0000a659  QueueP_next                                
0000a65d  SPIMSP432DMA_init                          
0000a661  SemaphoreP_delete                          
0000a665  TimerP_setPeriod                           
0000a669  get_fattime                                
0000a66d  _system_pre_init                           
0000a80e  _ctypes_                                   
0000a910  spiMSP432DMAHWAttrs                        
0000a9f0  PowerMSP432_config                         
0000aa58  SPI_config                                 
0000aab0  SDSPI_fxnTable                             
0000aad4  consoleConfig                              
0000aaf8  ftdiConfig                                 
0000ab1c  gpsConfig                                  
0000ab40  SPI_defaultParams                          
0000ab60  samplingRates                              
0000ab80  defaultTime                                
0000ab9c  SPIMSP432DMA_fxnTable                      
0000abb4  GPIOMSP432_config                          
0000abc8  i2cBusConfig                               
0000abfc  daq1                                       
0000ac0b  daq2                                       
0000ac1c  SD_config                                  
0000ac28  udmaMSP432HWAttrs                          
0000ac54  UDMAMSP432_config                          
0000ac94  SDFatFS_config                             
0000ac98  SD_defaultParams                           
0000ac9c  sdspiHWAttrs                               
0000aca0  SDFatFS_count                              
0000aca1  SD_count                                   
0000aca2  SPI_count                                  
0000af44  __TI_Handler_Table_Base                    
0000af4c  __TI_CINIT_Base                            
0000af4c  __TI_Handler_Table_Limit                   
0000af64  __TI_CINIT_Limit                           
20000000  g_pfnRAMVectors                            
20000100  configuration                              
20001294  rxdata                                     
200018d4  sdfatfsObjects                             
20001b14  __CIOBUF_                                  
20001c34  spiMSP432DMAObjects                        
20001f00  __TI_tmpnams                               
200020a0  gps                                        
200021cc  sensors_enabled                            
20002224  experiment_name                            
20002238  localization_name                          
20002289  cutoff                                     
2000228a  compare_value                              
2000228c  sdspiObjects                               
200022a8  format                                     
200022b8  received_byte                              
200022bc  sdfatfsHandle                              
200022c0  src                                        
200022c4  duration                                   
200022c6  gain                                       
200022c7  sample_rate                                
200022c8  start_delay                                
200022c9  udmaMSP432Object                           
200022d0  _sys_memory                                
20002c10  PowerMSP432_perfLevels                     
20002d40  _ftable                                    
20002f00  g_psCmdTable                               
20003000  bytesToRec                                 
2000300e  timeout                                    
20003010  seconds                                    
20003012  check_format                               
20003014  record                                     
20003016  counter                                    
20003018  comma_counter                              
2000301a  timeout_timeout                            
2000301c  rcount                                     
20003020  conf_place                                 
20003024  gps_data                                   
20003028  valid_conf                                 
20003029  diagnosis                                  
2000302c  store_enable                               
20003030  vis_sens1                                  
20003034  vis_mod2                                   
20003038  vis_sens2                                  
2000303c  recorded                                   
2000303d  stored                                     
2000303e  gps_synched                                
20003040  gpioPinConfigs                             
20003070  PowerMSP432_module                         
200030ac  gpioCallbackFunctions                      
200030bc  __TI_ft_end                                
200030c0  __aeabi_stdin                              
200030c4  __aeabi_stdout                             
200030c8  __aeabi_stderr                             
200030cc  __TI_cleanup_ptr                           
200030d0  __TI_dtors_ptr                             
200030d4  __TI_enable_exit_profile_output            
200030f0  live1                                      
200030fc  live2                                      
20003108  _lock                                      
2000310c  _unlock                                    
20003110  SemaphoreP_defaultParams                   
20003118  modules_connected_code                     
20003124  ClockP_tickPeriod                          
20003128  HwiP_key                                   
2000312c  HwiP_swiPIntNum                            
20003134  fatfsPrefix                                
20003138  errno                                      
20003140  main_func_sp                               
2000fe00  __stack                                    
20010000  __STACK_END                                
4000480c  WDTCTL_SYM                                 
ffffffff  __TI_pprof_out_hndl                        
ffffffff  __TI_prof_data_size                        
ffffffff  __TI_prof_data_start                       
ffffffff  __binit__                                  
ffffffff  __c_args__                                 
ffffffff  binit                                      
UNDEFED   SHT$$INIT_ARRAY$$Base                      
UNDEFED   SHT$$INIT_ARRAY$$Limit                     

[514 symbols]
