******************************************************************************
                  TI ARM Linker PC v18.1.5                     
******************************************************************************
>> Linked Fri May  3 16:20:13 2019

OUTPUT FILE NAME:   <something_working2.out>
ENTRY POINT SYMBOL: "_c_int00_noargs"  address: 000090b1


MEMORY CONFIGURATION

         name            origin    length      used     unused   attr    fill
----------------------  --------  ---------  --------  --------  ----  --------
  MAIN                  00000000   00040000  0000abd5  0003542b  R  X
  INFO                  00200000   00004000  00000000  00004000  R  X
  SRAM_CODE             01000000   00010000  00003587  0000ca79  RW X
  SRAM_DATA             20000000   00010000  00003587  0000ca79  RW  


SEGMENT ALLOCATION MAP

run origin  load origin   length   init length attrs members
----------  ----------- ---------- ----------- ----- -------
00000000    00000000    0000abd8   0000abd8    r-x
  00000000    00000000    000000e4   000000e4    r-- .intvecs
  000000e4    000000e4    0000a226   0000a226    r-x .text
  0000a30c    0000a30c    000006db   000006db    r-- .const
  0000a9e8    0000a9e8    000001f0   000001f0    r-- .cinit
20000000    20000000    000000e8   00000000    rw-
  20000000    20000000    000000e8   00000000    rw- .vtable
20000100    20000100    000032a5   00000000    rw-
  20000100    20000100    00002422   00000000    rw- .bss
  20002528    20002528    00000800   00000000    rw- .sysmem
  20002d28    20002d28    0000067d   00000000    rw- .data
2000fe00    2000fe00    00000200   00000000    rw-
  2000fe00    2000fe00    00000200   00000000    rw- .stack


SECTION ALLOCATION MAP

 output                                  attributes/
section   page    origin      length       input sections
--------  ----  ----------  ----------   ----------------
.intvecs   0    00000000    000000e4     
                  00000000    000000e4     startup_msp432p401r_ccs.obj (.intvecs:retain)

.text      0    000000e4    0000a226     
                  000000e4    00000a5e     rtsv7M4_T_le_v4SPD16_eabi.lib : _printfi.c.obj (.text:__TI_printfi)
                  00000b42    00000002     startup_msp432p401r_ccs.obj (.text:Default_Handler)
                  00000b44    000005e4     main.obj (.text:decodeInstruction)
                  00001128    000002f8     drivers_msp432p401x.aem4f : PowerMSP432.oem4f (.text:Power_sleep)
                  00001420    000002a0                               : SPIMSP432DMA.oem4f (.text:SPIMSP432DMA_open)
                  000016c0    00000298     fatfs.a : ff.obj (.text:find_volume)
                  00001958    00000278     drivers_msp432p401x.aem4f : PowerMSP432.oem4f (.text:initPerfControl)
                  00001bd0    00000270     rtsv7M4_T_le_v4SPD16_eabi.lib : _printfi.c.obj (.text:_pconv_a)
                  00001e40    00000230     main.obj (.text:EUSCIA2_IRQHandler)
                  00002070    000001d0     rtsv7M4_T_le_v4SPD16_eabi.lib : _printfi.c.obj (.text:_pconv_g)
                  00002240    000001b6     fatfs.a : ff.obj (.text:f_open)
                  000023f6    000001b6     rtsv7M4_T_le_v4SPD16_eabi.lib : fd_add_t2.asm.obj (.text)
                  000025ac    000001a8     drivers_msp432p401x.aem4f : SDSPI.oem4f (.text:SDSPI_initialize)
                  00002754    000001a4     main.obj (.text:initializeSlaves)
                  000028f8    000001a4     main.obj (.text:main)
                  00002a9c    00000186     fatfs.a : ff.obj (.text:f_write)
                  00002c22    00000002     msp432p4xx_driverlib.lib : interrupt.o (.text:IntDefaultHandler)
                  00002c24    00000180     rtsv7M4_T_le_v4SPD16_eabi.lib : fwrite.c.obj (.text:fwrite)
                  00002da4    00000174     drivers_msp432p401x.aem4f : GPIOMSP432.oem4f (.text:GPIO_setConfig)
                  00002f18    00000168     cmd.obj (.text:CMD_read)
                  00003080    00000168     printf.obj (.text:UARTprintf)
                  000031e8    00000156     fatfs.a : ff.obj (.text:f_read)
                  0000333e    00000140             : ff.obj (.text:f_lseek)
                  0000347e    00000002     nortos_msp432p401x.aem4f : PowerMSP432_nortos.oem4f (.text:PowerMSP432_initPolicy)
                  00003480    0000013c     rtsv7M4_T_le_v4SPD16_eabi.lib : _printfi.c.obj (.text:_pconv_e)
                  000035bc    00000136                                   : fd_div_t2.asm.obj (.text)
                  000036f2    00000002     nortos_msp432p401x.aem4f : PowerMSP432_nortos.oem4f (.text:PowerMSP432_updateFreqs)
                  000036f4    00000130     msp432p4xx_driverlib.lib : cs.o (.text:CS_initClockSignal)
                  00003824    00000130     drivers_msp432p401x.aem4f : UDMAMSP432.oem4f (.text:setupInterrupt)
                  00003954    00000124     rtsv7M4_T_le_v4SPD16_eabi.lib : _printfi.c.obj (.text:fcvt)
                  00003a78    00000120     drivers_msp432p401x.aem4f : SPIMSP432DMA.oem4f (.text:SPIMSP432DMA_transfer)
                  00003b98    00000110     rtsv7M4_T_le_v4SPD16_eabi.lib : s_scalbn.c.obj (.text:scalbn)
                  00003ca8    0000010c     fatfs.a : ff.obj (.text:f_rename)
                  00003db4    00000104     cmd.obj (.text:CMD_create)
                  00003eb8    00000104     drivers_msp432p401x.aem4f : SPIMSP432DMA.oem4f (.text:SPIMSP432DMA_transferCancel)
                  00003fbc    000000fc     msp432p4xx_driverlib.lib : uart.o (.text:UART_initModule)
                  000040b8    000000fc     drivers_msp432p401x.aem4f : SPIMSP432DMA.oem4f (.text:configDMA)
                  000041b4    000000fc     rtsv7M4_T_le_v4SPD16_eabi.lib : fd_mul_t2.asm.obj (.text)
                  000042b0    000000f8                                   : fread.c.obj (.text:fread)
                  000043a8    000000f4     cmd.obj (.text:CMD_write)
                  0000449c    000000f0     msp432p4xx_driverlib.lib : dma.o (.text:DMA_setChannelTransfer)
                  0000458c    000000ee     fatfs.a : ff.obj (.text:create_chain)
                  0000467a    000000ee             : ff.obj (.text:put_fat)
                  00004768    000000e4     msp432p4xx_driverlib.lib : cs.o (.text:CS_startHFXTWithTimeout)
                  0000484c    000000e0                              : cs.o (.text:CS_startLFXTWithTimeout)
                  0000492c    000000dc     main.obj (.text:EUSCIB2_IRQHandler)
                  00004a08    000000dc     drivers_msp432p401x.aem4f : UDMAMSP432.oem4f (.text:UDMAMSP432_close)
                  00004ae4    000000dc     msp432p4xx_driverlib.lib : cs.o (.text:_CSGetHFXTFrequency)
                  00004bc0    000000dc     rtsv7M4_T_le_v4SPD16_eabi.lib : setvbuf.c.obj (.text:setvbuf)
                  00004c9c    000000d8     nortos_msp432p401x.aem4f : SwiP_nortos.oem4f (.text:SwiP_construct)
                  00004d74    000000d8     rtsv7M4_T_le_v4SPD16_eabi.lib : memory.c.obj (.text:free)
                  00004e4c    000000d4     main.obj (.text:PORT6_IRQHandler)
                  00004f20    000000d3     fatfs.a : ff.obj (.text:create_name)
                  00004ff3    00000001     --HOLE-- [fill = 0]
                  00004ff4    000000d0     drivers_msp432p401x.aem4f : SDFatFS.oem4f (.text:SDFatFS_open)
                  000050c4    000000d0     rtsv7M4_T_le_v4SPD16_eabi.lib : fopen.c.obj (.text:_openfile)
                  00005194    000000c4     drivers_msp432p401x.aem4f : SDSPI.oem4f (.text:SDSPI_write)
                  00005258    000000c0     nortos_msp432p401x.aem4f : TimerPMSP432_nortos.oem4f (.text:TimerP_construct)
                  00005318    000000bc     main.obj (.text:configureI2CBus)
                  000053d4    000000bc     fatfs.a : ff.obj (.text:get_fat)
                  00005490    000000bc     rtsv7M4_T_le_v4SPD16_eabi.lib : open.c.obj (.text:open)
                  0000554c    000000b8                                   : add_device.c.obj (.text:add_device)
                  00005604    000000b8     fatfs.a : ff.obj (.text:dir_next)
                  000056bc    000000b4     nortos_msp432p401x.aem4f : ClockPTimer_nortos.oem4f (.text:ClockP_startup)
                  00005770    000000b1     rtsv7M4_T_le_v4SPD16_eabi.lib : _printfi.c.obj (.text:_ltostr)
                  00005821    00000001     --HOLE-- [fill = 0]
                  00005822    000000b0     msp432p4xx_driverlib.lib : spi.o (.text:SPI_initMaster)
                  000058d2    00000002     rtsv7M4_T_le_v4SPD16_eabi.lib : _lock.c.obj (.text:_nop)
                  000058d4    000000ac     nortos_msp432p401x.aem4f : ClockPTimer_nortos.oem4f (.text:ClockP_workFuncDynamic)
                  00005980    000000ac     cmdline.obj (.text:CmdLineProcess)
                  00005a2c    000000ac     drivers_msp432p401x.aem4f : GPIOMSP432.oem4f (.text:GPIO_init)
                  00005ad8    000000a8                               : SDSPI.oem4f (.text:SDSPI_getNumSectors)
                  00005b80    000000a8     fatfs.a : ffcio.obj (.text:ffcio_open)
                  00005c28    000000a4     main.obj (.text:updateRTC)
                  00005ccc    000000a2     fatfs.a : ff.obj (.text:f_unlink)
                  00005d6e    00000002     nortos_msp432p401x.aem4f : SemaphoreP_nortos.oem4f (.text:clkFxn)
                  00005d70    000000a0     main.obj (.text:EUSCIA0_IRQHandler)
                  00005e10    000000a0     nortos_msp432p401x.aem4f : SemaphoreP_nortos.oem4f (.text:SemaphoreP_pend)
                  00005eb0    0000009c     drivers_msp432p401x.aem4f : PowerMSP432.oem4f (.text:Power_init)
                  00005f4c    0000009c                               : SDSPI.oem4f (.text:SDSPI_read)
                  00005fe8    0000009c     nortos_msp432p401x.aem4f : SwiP_nortos.oem4f (.text:SwiP_dispatch)
                  00006084    0000009c     main.obj (.text:TA1_0_IRQHandler)
                  00006120    0000009c     rtsv7M4_T_le_v4SPD16_eabi.lib : _bufread.c.obj (.text:__TI_buff_read)
                  000061bc    0000009c     fatfs.a : ff.obj (.text:f_sync)
                  00006258    0000009c     rtsv7M4_T_le_v4SPD16_eabi.lib : fopen.c.obj (.text:fopen)
                  000062f4    0000009c                                   : memcpy_t2.asm.obj (.text)
                  00006390    00000096                                   : ull_div_t2.asm.obj (.text)
                  00006426    00000002                                   : div0.asm.obj (.text)
                  00006428    00000094     msp432p4xx_driverlib.lib : rtc_c.o (.text:RTC_C_initCalendar)
                  000064bc    00000094     drivers_msp432p401x.aem4f : UDMAMSP432.oem4f (.text:UDMAMSP432_init)
                  00006550    00000094                               : UDMAMSP432.oem4f (.text:UDMAMSP432_open)
                  000065e4    00000092                               : SDSPI.oem4f (.text:sendCmd)
                  00006676    00000002     --HOLE-- [fill = 0]
                  00006678    0000008c     rtsv7M4_T_le_v4SPD16_eabi.lib : fputc.c.obj (.text:fputc)
                  00006704    0000008c     fatfs.a : ff.obj (.text:sync_fs)
                  00006790    00000088     msp432p4xx_driverlib.lib : gpio.o (.text:GPIO_setAsPeripheralModuleFunctionInputPin)
                  00006818    00000088                              : gpio.o (.text:GPIO_setAsPeripheralModuleFunctionOutputPin)
                  000068a0    00000088     fatfs.a : ff.obj (.text:dir_sdi)
                  00006928    00000086     rtsv7M4_T_le_v4SPD16_eabi.lib : fd_cmp_t2.asm.obj (.text:__aeabi_cdcmple)
                  000069ae    00000086                                   : fd_cmp_t2.asm.obj (.text:__aeabi_cdrcmple)
                  00006a34    00000086     drivers_msp432p401x.aem4f : SPIMSP432DMA.oem4f (.text:initHw)
                  00006aba    00000002     --HOLE-- [fill = 0]
                  00006abc    00000084                               : PowerMSP432.oem4f (.text:restartHFXT)
                  00006b40    00000080     nortos_msp432p401x.aem4f : ClockPTimer_nortos.oem4f (.text:ClockP_start)
                  00006bc0    00000080     msp432p4xx_driverlib.lib : interrupt.o (.text:Interrupt_disableInterrupt)
                  00006c40    00000080                              : interrupt.o (.text:Interrupt_enableInterrupt)
                  00006cc0    00000080     drivers_msp432p401x.aem4f : SDSPI.oem4f (.text:recvDataBlock)
                  00006d40    0000007c     msp432p4xx_driverlib.lib : rtc_c.o (.text:RTC_C_getCalendarTime)
                  00006dbc    0000007c     fatfs.a : ff.obj (.text:f_mount)
                  00006e38    0000007c     printf.obj (.text:xtoa)
                  00006eb4    0000007a     rtsv7M4_T_le_v4SPD16_eabi.lib : memset_t2.asm.obj (.text)
                  00006f2e    00000002     --HOLE-- [fill = 0]
                  00006f30    00000078     cmd.obj (.text:CMD_help)
                  00006fa8    00000078     nortos_msp432p401x.aem4f : ClockPTimer_nortos.oem4f (.text:ClockP_walkQueueDynamic)
                  00007020    00000078     system_msp432p401r.obj (.text:SystemInit)
                  00007098    00000078     rtsv7M4_T_le_v4SPD16_eabi.lib : memory.c.obj (.text:malloc)
                  00007110    00000078     drivers_msp432p401x.aem4f : SDSPI.oem4f (.text:transmitDataBlock)
                  00007188    00000074     cmd.obj (.text:CMD_duration)
                  000071fc    00000074     rtsv7M4_T_le_v4SPD16_eabi.lib : fclose.c.obj (.text:__TI_closefile)
                  00007270    00000074     fatfs.a : ff.obj (.text:follow_path)
                  000072e4    00000070     nortos_msp432p401x.aem4f : HwiPMSP432_nortos.oem4f (.text:HwiP_construct)
                  00007354    00000070     main.obj (.text:processCommand)
                  000073c4    00000070     fatfs.a : ff.obj (.text:remove_chain)
                  00007434    0000006e     rtsv7M4_T_le_v4SPD16_eabi.lib : _printfi.c.obj (.text:_mcpy)
                  000074a2    00000002     --HOLE-- [fill = 0]
                  000074a4    0000006e     fatfs.a : ff.obj (.text:check_fs)
                  00007512    00000002     --HOLE-- [fill = 0]
                  00007514    0000006c     main.obj (.text:EUSCIA1_IRQHandler)
                  00007580    0000006c     drivers_msp432p401x.aem4f : SDSPI.oem4f (.text:SDSPI_open)
                  000075ec    0000006c     nortos_msp432p401x.aem4f : TimerPMSP432_nortos.oem4f (.text:TimerP_getCurrentTick)
                  00007658    0000006c     main.obj (.text:configureSDCard)
                  000076c4    00000068     drivers_msp432p401x.aem4f : GPIOMSP432.oem4f (.text:GPIO_hwiIntFxn)
                  0000772c    00000068     rtsv7M4_T_le_v4SPD16_eabi.lib : hostlseek.c.obj (.text:HOSTlseek)
                  00007794    00000068                                   : hostrename.c.obj (.text:HOSTrename)
                  000077fc    00000068     msp432p4xx_driverlib.lib : i2c.o (.text:I2C_masterSendMultiByteStart)
                  00007864    00000068                              : interrupt.o (.text:Interrupt_pendInterrupt)
                  000078cc    00000068     nortos_msp432p401x.aem4f : SwiP_nortos.oem4f (.text:SwiP_post)
                  00007934    00000068     rtsv7M4_T_le_v4SPD16_eabi.lib : copy_decompress_lzss.c.obj (.text:decompress:lzss:__TI_decompress_lzss)
                  0000799c    00000064     drivers_msp432p401x.aem4f : PowerMSP432.oem4f (.text:PowerMSP432_getFreqs)
                  00007a00    00000064     msp432p4xx_driverlib.lib : rtc_c.o (.text:RTC_C_enableInterrupt)
                  00007a64    00000064     drivers_msp432p401x.aem4f : SPIMSP432DMA.oem4f (.text:SPIMSP432DMA_close)
                  00007ac8    00000064     rtsv7M4_T_le_v4SPD16_eabi.lib : s_frexp.c.obj (.text:frexp)
                  00007b2c    00000064                                   : fseek.c.obj (.text:fseek)
                  00007b90    00000062     msp432p4xx_driverlib.lib : i2c.o (.text:I2C_initMaster)
                  00007bf2    00000062     rtsv7M4_T_le_v4SPD16_eabi.lib : _io_perm.c.obj (.text:__TI_wrt_ok)
                  00007c54    00000060                                   : hostopen.c.obj (.text:HOSTopen)
                  00007cb4    0000005c     drivers_msp432p401x.aem4f : GPIOMSP432.oem4f (.text:GPIO_write)
                  00007d10    0000005c     msp432p4xx_driverlib.lib : interrupt.o (.text:Interrupt_registerInterrupt)
                  00007d6c    0000005c     rtsv7M4_T_le_v4SPD16_eabi.lib : close.c.obj (.text:close)
                  00007dc8    0000005a     fatfs.a : ff.obj (.text:dir_read)
                  00007e22    00000002     --HOLE-- [fill = 0]
                  00007e24    00000058     msp432p4xx_driverlib.lib : gpio.o (.text:GPIO_setAsInputPinWithPullDownResistor)
                  00007e7c    00000058     drivers_msp432p401x.aem4f : GPIOMSP432.oem4f (.text:GPIO_setCallback)
                  00007ed4    00000058     rtsv7M4_T_le_v4SPD16_eabi.lib : hostread.c.obj (.text:HOSTread)
                  00007f2c    00000058                                   : hostwrite.c.obj (.text:HOSTwrite)
                  00007f84    00000058     msp432p4xx_driverlib.lib : interrupt.o (.text:Interrupt_unpendInterrupt)
                  00007fdc    00000058                              : rtc_c.o (.text:RTC_C_clearInterruptFlag)
                  00008034    00000058     nortos_msp432p401x.aem4f : TimerPMSP432_nortos.oem4f (.text:TimerP_dynamicStub)
                  0000808c    00000058     drivers_msp432p401x.aem4f : SPIMSP432DMA.oem4f (.text:spiHwiFxn)
                  000080e4    00000056     msp432p4xx_driverlib.lib : uart.o (.text:UART_getEnabledInterruptStatus)
                  0000813a    00000056     rtsv7M4_T_le_v4SPD16_eabi.lib : _printfi.c.obj (.text:_pconv_f)
                  00008190    00000054     msp432p4xx_driverlib.lib : interrupt.o (.text:Interrupt_setPriority)
                  000081e4    00000054     fatfs.a : ff.obj (.text:dir_find)
                  00008238    00000054     rtsv7M4_T_le_v4SPD16_eabi.lib : ltoa.c.obj (.text:ltoa)
                  0000828c    00000054     drivers_msp432p401x.aem4f : SDSPI.oem4f (.text:waitUntilReady)
                  000082e0    00000052     rtsv7M4_T_le_v4SPD16_eabi.lib : _printfi.c.obj (.text:_ecpy)
                  00008332    00000052     fatfs.a : ff.obj (.text:dir_clear)
                  00008384    00000050     cmd.obj (.text:CMD_diagnose)
                  000083d4    00000050     cmd.obj (.text:CMD_setCutoffFreq)
                  00008424    00000050     cmd.obj (.text:CMD_setGain)
                  00008474    00000050     cmd.obj (.text:CMD_setSamplingFreq)
                  000084c4    00000050     nortos_msp432p401x.aem4f : SemaphoreP_nortos.oem4f (.text:SemaphoreP_construct)
                  00008514    00000050     drivers_msp432p401x.aem4f : UDMAMSP432.oem4f (.text:UDMAMSP432_hwiFxn)
                  00008564    0000004c     rtsv7M4_T_le_v4SPD16_eabi.lib : fflush.c.obj (.text:__TI_doflush)
                  000085b0    0000004c                                   : atoi.c.obj (.text:atoi)
                  000085fc    0000004c     main.obj (.text:configureGPSUART)
                  00008648    0000004a     rtsv7M4_T_le_v4SPD16_eabi.lib : _io_perm.c.obj (.text:__TI_rd_ok)
                  00008692    0000004a     fatfs.a : ff.obj (.text:validate)
                  000086dc    00000048     nortos_msp432p401x.aem4f : PowerMSP432_nortos.oem4f (.text:PowerMSP432_sleepPolicy)
                  00008724    00000048     drivers_msp432p401x.aem4f : PowerMSP432.oem4f (.text:Power_releaseConstraint)
                  0000876c    00000048     rtsv7M4_T_le_v4SPD16_eabi.lib : exit.c.obj (.text:exit)
                  000087b4    00000048                                   : fd_toi_t2.asm.obj (.text)
                  000087fc    00000046     fatfs.a : ff.obj (.text:dir_alloc)
                  00008842    00000002     --HOLE-- [fill = 0]
                  00008844    00000044     cmd.obj (.text:CMD_start)
                  00008888    00000044     rtsv7M4_T_le_v4SPD16_eabi.lib : hostclose.c.obj (.text:HOSTclose)
                  000088cc    00000044                                   : hostunlink.c.obj (.text:HOSTunlink)
                  00008910    00000044     drivers_msp432p401x.aem4f : SDFatFS.oem4f (.text:SDFatFS_init)
                  00008954    00000044                               : SD.oem4f (.text:SD_init)
                  00008998    00000044                               : SPI.oem4f (.text:SPI_init)
                  000089dc    00000044     nortos_msp432p401x.aem4f : SemaphoreP_nortos.oem4f (.text:SemaphoreP_post)
                  00008a20    00000044                              : SwiP_nortos.oem4f (.text:SwiP_restore)
                  00008a64    00000044                              : TimerPMSP432_nortos.oem4f (.text:TimerP_start)
                  00008aa8    00000044     rtsv7M4_T_le_v4SPD16_eabi.lib : autoinit.c.obj (.text:__TI_auto_init_nobinit_nopinit:__TI_auto_init_nobinit_nopinit)
                  00008aec    00000044     fatfs.a : ff.obj (.text:get_ldnumber)
                  00008b30    00000044     rtsv7M4_T_le_v4SPD16_eabi.lib : getdevice.c.obj (.text:getdevice)
                  00008b74    00000044     fatfs.a : ff.obj (.text:sync_window)
                  00008bb8    00000040     msp432p4xx_driverlib.lib : gpio.o (.text:GPIO_setAsOutputPin)
                  00008bf8    00000040     nortos_msp432p401x.aem4f : TimerPMSP432_nortos.oem4f (.text:TimerP_setNextTick)
                  00008c38    00000040     main.obj (.text:configureRTC)
                  00008c78    00000040     msp432p4xx_driverlib.lib : spi.o (.text:is_A_Module)
                  00008cb8    00000040     rtsv7M4_T_le_v4SPD16_eabi.lib : sprintf.c.obj (.text:sprintf)
                  00008cf8    00000040                                   : strtok.c.obj (.text:strtok)
                  00008d38    0000003e                                   : _printfi.c.obj (.text:_fcpy)
                  00008d76    00000002     --HOLE-- [fill = 0]
                  00008d78    0000003c     drivers_msp432p401x.aem4f : SDFatFS.oem4f (.text:SDFatFS_diskIOctrl)
                  00008db4    0000003c                               : SD.oem4f (.text:SD_open)
                  00008df0    0000003c                               : SPI.oem4f (.text:SPI_open)
                  00008e2c    0000003c     nortos_msp432p401x.aem4f : TimerPMSP432_nortos.oem4f (.text:TimerP_initDevice)
                  00008e68    0000003c     main.obj (.text:configureConsoleUART)
                  00008ea4    0000003c     main.obj (.text:configureFTDIUART)
                  00008ee0    0000003c     rtsv7M4_T_le_v4SPD16_eabi.lib : memory.c.obj (.text:minsert)
                  00008f1c    0000003c     main.obj (.text:sendUARTString)
                  00008f58    0000003c     main.obj (.text:transmitByteData)
                  00008f94    0000003a     fatfs.a : ff.obj (.text:dir_register)
                  00008fce    00000038     cmd.obj (.text:CMD_reset)
                  00009006    00000002     --HOLE-- [fill = 0]
                  00009008    00000038     drivers_msp432p401x.aem4f : PowerMSP432.oem4f (.text:Power_setConstraint)
                  00009040    00000038                               : SDFatFS.oem4f (.text:SDFatFS_close)
                  00009078    00000038     rtsv7M4_T_le_v4SPD16_eabi.lib : trgmsg.c.obj (.text:__TI_writemsg)
                  000090b0    00000038                                   : boot_cortex_m.c.obj (.text:_c_int00_noargs:_c_int00_noargs)
                  000090e8    00000038                                   : memory.c.obj (.text:minit)
                  00009120    00000038     drivers_msp432p401x.aem4f : PowerMSP432.oem4f (.text:notify)
                  00009158    00000036     fatfs.a : ff.obj (.text:move_window)
                  0000918e    00000036     rtsv7M4_T_le_v4SPD16_eabi.lib : strncpy.c.obj (.text:strncpy)
                  000091c4    00000034     cmd.obj (.text:CMD_getData)
                  000091f8    00000034     msp432p4xx_driverlib.lib : cs.o (.text:CS_setDCOCenteredFrequency)
                  0000922c    00000034                              : uart.o (.text:UART_transmitData)
                  00009260    00000034     rtsv7M4_T_le_v4SPD16_eabi.lib : fopen.c.obj (.text:__TI_cleanup)
                  00009294    00000034                                   : trgmsg.c.obj (.text:__TI_readmsg)
                  000092c8    00000034     fatfs.a : ff.obj (.text:dbc_2nd)
                  000092fc    00000034             : ffcio.obj (.text:ffcio_lseek)
                  00009330    00000030     msp432p4xx_driverlib.lib : uart.o (.text:UART_enableInterrupt)
                  00009360    00000030     rtsv7M4_T_le_v4SPD16_eabi.lib : getdevice.c.obj (.text:finddevice)
                  00009390    00000030     drivers_msp432p401x.aem4f : SPIMSP432DMA.oem4f (.text:mapPin)
                  000093c0    0000002e     rtsv7M4_T_le_v4SPD16_eabi.lib : i_tofd_t2.asm.obj (.text)
                  000093ee    00000002     --HOLE-- [fill = 0]
                  000093f0    0000002c     msp432p4xx_driverlib.lib : rtc_c.o (.text:RTC_C_startClock)
                  0000941c    0000002c     drivers_msp432p401x.aem4f : SDFatFS.oem4f (.text:SDFatFS_diskRead)
                  00009448    0000002c                               : SDFatFS.oem4f (.text:SDFatFS_diskWrite)
                  00009474    0000002c     fatfs.a : diskio.obj (.text:disk_register)
                  000094a0    0000002c     rtsv7M4_T_le_v4SPD16_eabi.lib : fclose.c.obj (.text:fclose)
                  000094cc    0000002c                                   : unlink.c.obj (.text:unlink)
                  000094f8    0000002a     nortos_msp432p401x.aem4f : HwiPMSP432_nortos.oem4f (.text:HwiP_create)
                  00009522    0000002a     drivers_msp432p401x.aem4f : SPIMSP432DMA.oem4f (.text:perfChangeNotifyFxn)
                  0000954c    0000002a     rtsv7M4_T_le_v4SPD16_eabi.lib : strspn.c.obj (.text:strspn)
                  00009576    00000002     --HOLE-- [fill = 0]
                  00009578    00000028     nortos_msp432p401x.aem4f : ClockPTimer_nortos.oem4f (.text:ClockP_getSystemTicks)
                  000095a0    00000028     msp432p4xx_driverlib.lib : gpio.o (.text:GPIO_clearInterruptFlag)
                  000095c8    00000028                              : gpio.o (.text:GPIO_enableInterrupt)
                  000095f0    00000028                              : gpio.o (.text:GPIO_setOutputHighOnPin)
                  00009618    00000028                              : gpio.o (.text:GPIO_setOutputLowOnPin)
                  00009640    00000028     drivers_msp432p401x.aem4f : PowerMSP432.oem4f (.text:Power_registerNotify)
                  00009668    00000028     msp432p4xx_driverlib.lib : spi.o (.text:SPI_getInterruptStatus)
                  00009690    00000028     fatfs.a : ff.obj (.text:dbc_1st)
                  000096b8    00000028     drivers_msp432p401x.aem4f : PowerMSP432.oem4f (.text:disableFaultCounter)
                  000096e0    00000028                               : PowerMSP432.oem4f (.text:disableHFXT)
                  00009708    00000028     fatfs.a : diskio.obj (.text:disk_unregister)
                  00009730    00000028             : ff.obj (.text:ld_clust)
                  00009758    00000028     rtsv7M4_T_le_v4SPD16_eabi.lib : lseek.c.obj (.text:lseek)
                  00009780    00000028                                   : memory.c.obj (.text:mremove)
                  000097a8    00000028                                   : read.c.obj (.text:read)
                  000097d0    00000028                                   : write.c.obj (.text:write)
                  000097f8    00000026     drivers_msp432p401x.aem4f : List.oem4f (.text:List_put)
                  0000981e    00000026                               : List.oem4f (.text:List_remove)
                  00009844    00000026     fatfs.a : ff.obj (.text:f_close)
                  0000986a    00000002     --HOLE-- [fill = 0]
                  0000986c    00000024     nortos_msp432p401x.aem4f : ClockPTimer_nortos.oem4f (.text:ClockP_getTicks)
                  00009890    00000024                              : ClockPTimer_nortos.oem4f (.text:ClockP_scheduleNextTick)
                  000098b4    00000024                              : HwiPMSP432_nortos.oem4f (.text:HwiP_dispatch)
                  000098d8    00000024     drivers_msp432p401x.aem4f : SDFatFS.oem4f (.text:SDFatFS_diskInitialize)
                  000098fc    00000024                               : SDSPI.oem4f (.text:SDSPI_close)
                  00009920    00000024     printf.obj (.text:UARTputs)
                  00009944    00000024     fatfs.a : diskio.obj (.text:disk_ioctl)
                  00009968    00000024             : diskio.obj (.text:disk_read)
                  0000998c    00000024             : ff.obj (.text:st_clust)
                  000099b0    00000024     rtsv7M4_T_le_v4SPD16_eabi.lib : strcspn.c.obj (.text:strcspn)
                  000099d4    00000022     main.obj (.text:configureDataReadyPort)
                  000099f6    00000022     fatfs.a : ff.obj (.text:mem_cmp)
                  00009a18    00000020     msp432p4xx_driverlib.lib : cs.o (.text:CS_setExternalClockSourceFrequency)
                  00009a38    00000020     nortos_msp432p401x.aem4f : ClockPTimer_nortos.oem4f (.text:ClockP_add)
                  00009a58    00000020     drivers_msp432p401x.aem4f : PowerMSP432.oem4f (.text:Power_unregisterNotify)
                  00009a78    00000020     nortos_msp432p401x.aem4f : QueueP_nortos.oem4f (.text:QueueP_put)
                  00009a98    00000020     fatfs.a : diskio.obj (.text:disk_write)
                  00009ab8    00000020             : ffcio.obj (.text:ffcio_close)
                  00009ad8    00000020             : ffcio.obj (.text:ffcio_read)
                  00009af8    00000020             : ffcio.obj (.text:ffcio_write)
                  00009b18    00000020     rtsv7M4_T_le_v4SPD16_eabi.lib : memchr.c.obj (.text:memchr)
                  00009b38    00000020     printf.obj (.text:sendByte)
                  00009b58    00000020     drivers_msp432p401x.aem4f : SDSPI.oem4f (.text:sendInitialClockTrain)
                  00009b78    00000020                               : SDSPI.oem4f (.text:spiTransfer)
                  00009b98    00000020     main.obj (.text:transmitNByteData)
                  00009bb8    0000001c     msp432p4xx_driverlib.lib : i2c.o (.text:I2C_setMode)
                  00009bd4    0000001c                              : interrupt.o (.text:Interrupt_unregisterInterrupt)
                  00009bf0    0000001c     nortos_msp432p401x.aem4f : SwiP_nortos.oem4f (.text:SwiP_disable)
                  00009c0c    0000001c     fatfs.a : ff.obj (.text:dir_remove)
                  00009c28    0000001c             : diskio.obj (.text:disk_initialize)
                  00009c44    0000001c             : diskio.obj (.text:disk_status)
                  00009c60    0000001c     MSP_EXP432P401R.obj (.text:dmaErrorHwi)
                  00009c7c    0000001c     rtsv7M4_T_le_v4SPD16_eabi.lib : memccpy.c.obj (.text:memccpy)
                  00009c98    0000001c     printf.obj (.text:puth)
                  00009cb4    0000001a     nortos_msp432p401x.aem4f : QueueP_nortos.oem4f (.text:QueueP_get)
                  00009cce    0000001a                              : SemaphoreP_nortos.oem4f (.text:SemaphoreP_createBinary)
                  00009ce8    00000018                              : ClockPTimer_nortos.oem4f (.text:ClockP_destruct)
                  00009d00    00000018     msp432p4xx_driverlib.lib : spi.o (.text:EUSCI_A_SPI_getInterruptStatus)
                  00009d18    00000018                              : spi.o (.text:EUSCI_B_SPI_getInterruptStatus)
                  00009d30    00000018     nortos_msp432p401x.aem4f : HwiPMSP432_nortos.oem4f (.text:HwiP_delete)
                  00009d48    00000018                              : HwiPMSP432_nortos.oem4f (.text:HwiP_inISR)
                  00009d60    00000018     msp432p4xx_driverlib.lib : sysctl_a.o (.text:SysCtl_A_disableNMISource)
                  00009d78    00000018                              : sysctl_a.o (.text:SysCtl_A_enableNMISource)
                  00009d90    00000018                              : uart.o (.text:UART_getInterruptStatus)
                  00009da8    00000018     rtsv7M4_T_le_v4SPD16_eabi.lib : sprintf.c.obj (.text:_outs)
                  00009dc0    00000018     fatfs.a : ff.obj (.text:clst2sect)
                  00009dd8    00000018             : ffsystem.obj (.text:ff_cre_syncobj)
                  00009df0    00000018     rtsv7M4_T_le_v4SPD16_eabi.lib : strcmp.c.obj (.text:strcmp)
                  00009e08    00000016     msp432p4xx_driverlib.lib : i2c.o (.text:I2C_clearInterruptFlag)
                  00009e1e    00000016                              : i2c.o (.text:I2C_enableModule)
                  00009e34    00000016     nortos_msp432p401x.aem4f : SemaphoreP_nortos.oem4f (.text:SemaphoreP_create)
                  00009e4a    00000016     msp432p4xx_driverlib.lib : timer_a.o (.text:Timer_A_startCounter)
                  00009e60    00000016                              : uart.o (.text:UART_clearInterruptFlag)
                  00009e76    00000016                              : uart.o (.text:UART_enableModule)
                  00009e8c    00000016     fatfs.a : ff.obj (.text:ld_dword)
                  00009ea2    00000016     nortos_msp432p401x.aem4f : SwiP_nortos.oem4f (.text:maxbit)
                  00009eb8    00000016     fatfs.a : ff.obj (.text:mem_cpy)
                  00009ece    00000016             : ff.obj (.text:st_dword)
                  00009ee4    00000016     rtsv7M4_T_le_v4SPD16_eabi.lib : strchr.c.obj (.text:strchr)
                  00009efa    00000016     fatfs.a : ff.obj (.text:unlock_fs)
                  00009f10    00000014     msp432p4xx_driverlib.lib : i2c.o (.text:I2C_setSlaveAddress)
                  00009f24    00000014     drivers_msp432p401x.aem4f : PowerMSP432.oem4f (.text:Power_idleFunc)
                  00009f38    00000014                               : SPI.oem4f (.text:SPI_Params_init)
                  00009f4c    00000014     nortos_msp432p401x.aem4f : SwiP_nortos.oem4f (.text:SwiP_handleHwi)
                  00009f60    00000014                              : TimerPMSP432_nortos.oem4f (.text:TimerP_getCount)
                  00009f74    00000014     msp432p4xx_driverlib.lib : uart.o (.text:UART_queryStatusFlags)
                  00009f88    00000014     main.obj (.text:configureDAQReset)
                  00009f9c    00000014     main.obj (.text:configureSolenoid)
                  00009fb0    00000014     rtsv7M4_T_le_v4SPD16_eabi.lib : s_copysign.c.obj (.text:copysign)
                  00009fc4    00000014     fatfs.a : ffsystem.obj (.text:ff_req_grant)
                  00009fd8    00000014     rtsv7M4_T_le_v4SPD16_eabi.lib : strcpy.c.obj (.text:strcpy)
                  00009fec    00000014                                   : strlen.c.obj (.text:strlen)
                  0000a000    00000012     nortos_msp432p401x.aem4f : HwiPMSP432_nortos.oem4f (.text:HwiP_Params_init)
                  0000a012    00000012     printf.obj (.text:UARTputc)
                  0000a024    00000012     fatfs.a : ff.obj (.text:chk_chr)
                  0000a036    00000012             : ffcio.obj (.text:ffcio_rename)
                  0000a048    00000012             : ffcio.obj (.text:ffcio_unlink)
                  0000a05a    00000012             : ff.obj (.text:mem_set)
                  0000a06c    00000012     rtsv7M4_T_le_v4SPD16_eabi.lib : wcslen.c.obj (.text:wcslen)
                  0000a07e    00000010     nortos_msp432p401x.aem4f : HwiPMSP432_nortos.oem4f (.text:HwiP_disable)
                  0000a08e    00000010     msp432p4xx_driverlib.lib : interrupt.o (.text:Interrupt_disableMaster)
                  0000a09e    00000010                              : interrupt.o (.text:Interrupt_enableMaster)
                  0000a0ae    00000002     --HOLE-- [fill = 0]
                  0000a0b0    00000010     drivers_msp432p401x.aem4f : PowerMSP432.oem4f (.text:PowerMSP432_getNumPerfLevels)
                  0000a0c0    00000010                               : PowerMSP432.oem4f (.text:Power_disablePolicy)
                  0000a0d0    00000010                               : PowerMSP432.oem4f (.text:Power_enablePolicy)
                  0000a0e0    00000010                               : SDFatFS.oem4f (.text:SDFatFS_diskStatus)
                  0000a0f0    00000010     nortos_msp432p401x.aem4f : SemaphoreP_nortos.oem4f (.text:SemaphoreP_Params_init)
                  0000a100    00000010                              : SwiP_nortos.oem4f (.text:SwiP_Params_init)
                  0000a110    00000010     msp432p4xx_driverlib.lib : sysctl_a.o (.text:SysCtl_A_getNMISourceStatus)
                  0000a120    00000010                              : sysctl.o (.text:SysCtl_getNMISourceStatus)
                  0000a130    00000010     nortos_msp432p401x.aem4f : TimerPMSP432_nortos.oem4f (.text:TimerP_Params_init)
                  0000a140    0000000e     cmd.obj (.text:CMD_initCard)
                  0000a14e    0000000e     msp432p4xx_driverlib.lib : cs.o (.text:CS_startLFXT)
                  0000a15c    0000000e     nortos_msp432p401x.aem4f : QueueP_nortos.oem4f (.text:QueueP_empty)
                  0000a16a    0000000e                              : QueueP_nortos.oem4f (.text:QueueP_remove)
                  0000a178    0000000e     rtsv7M4_T_le_v4SPD16_eabi.lib : copy_decompress_none.c.obj (.text:decompress:none:__TI_decompress_none)
                  0000a186    0000000c     msp432p4xx_driverlib.lib : cpu.o (.text:CPU_cpsid)
                  0000a192    0000000c                              : cpu.o (.text:CPU_cpsie)
                  0000a19e    00000002     --HOLE-- [fill = 0]
                  0000a1a0    0000000c     nortos_msp432p401x.aem4f : ClockPTimer_nortos.oem4f (.text:ClockP_doTick)
                  0000a1ac    0000000c                              : ClockPTimer_nortos.oem4f (.text:ClockP_getSystemTickPeriod)
                  0000a1b8    0000000c     drivers_msp432p401x.aem4f : PowerMSP432.oem4f (.text:Power_getConstraintMask)
                  0000a1c4    0000000c                               : PowerMSP432.oem4f (.text:Power_getPerformanceLevel)
                  0000a1d0    0000000c     startup_msp432p401r_ccs.obj (.text:Reset_Handler)
                  0000a1dc    0000000c     drivers_msp432p401x.aem4f : SDSPI.oem4f (.text:SDSPI_init)
                  0000a1e8    0000000c     nortos_msp432p401x.aem4f : TimerPMSP432_nortos.oem4f (.text:TimerP_getFreq)
                  0000a1f4    0000000c                              : TimerPMSP432_nortos.oem4f (.text:TimerP_getMaxTicks)
                  0000a200    0000000c     rtsv7M4_T_le_v4SPD16_eabi.lib : copy_zero_init.c.obj (.text:decompress:ZI:__TI_zero_init)
                  0000a20c    0000000c     fatfs.a : ff.obj (.text:ld_word)
                  0000a218    0000000a     drivers_msp432p401x.aem4f : SD.oem4f (.text:SD_close)
                  0000a222    0000000a                               : SD.oem4f (.text:SD_getNumSectors)
                  0000a22c    0000000a                               : SD.oem4f (.text:SD_getSectorSize)
                  0000a236    0000000a                               : SD.oem4f (.text:SD_initialize)
                  0000a240    0000000a                               : SD.oem4f (.text:SD_read)
                  0000a24a    0000000a                               : SD.oem4f (.text:SD_write)
                  0000a254    0000000a                               : SPI.oem4f (.text:SPI_close)
                  0000a25e    0000000a                               : SPI.oem4f (.text:SPI_transfer)
                  0000a268    0000000a     rtsv7M4_T_le_v4SPD16_eabi.lib : sprintf.c.obj (.text:_outc)
                  0000a272    0000000a     fatfs.a : ffsystem.obj (.text:ff_del_syncobj)
                  0000a27c    0000000a             : ff.obj (.text:st_word)
                  0000a286    00000008     nortos_msp432p401x.aem4f : HwiPMSP432_nortos.oem4f (.text:HwiP_restore)
                  0000a28e    00000008     MSP_EXP432P401R.obj (.text:MSP_EXP432P401R_initGeneral)
                  0000a296    00000002     --HOLE-- [fill = 0]
                  0000a298    00000008     rtsv7M4_T_le_v4SPD16_eabi.lib : errno.c.obj (.text:__aeabi_errno_addr)
                  0000a2a0    00000008     drivers_msp432p401x.aem4f : SPIMSP432DMA.oem4f (.text:blockingTransferCallback)
                  0000a2a8    00000008     main.obj (.text:fatfs_getFatTime)
                  0000a2b0    00000008     rtsv7M4_T_le_v4SPD16_eabi.lib : rewind.c.obj (.text:rewind)
                  0000a2b8    00000006     nortos_msp432p401x.aem4f : QueueP_nortos.oem4f (.text:QueueP_init)
                  0000a2be    00000006     drivers_msp432p401x.aem4f : SDSPI.oem4f (.text:SDSPI_control)
                  0000a2c4    00000006                               : SDSPI.oem4f (.text:SDSPI_getSectorSize)
                  0000a2ca    00000006                               : SPIMSP432DMA.oem4f (.text:SPIMSP432DMA_control)
                  0000a2d0    00000006     fatfs.a : ff.obj (.text:lock_fs)
                  0000a2d6    00000004     nortos_msp432p401x.aem4f : ClockPTimer_nortos.oem4f (.text:ClockP_isActive)
                  0000a2da    00000004                              : HwiPMSP432_nortos.oem4f (.text:HwiP_clearInterrupt)
                  0000a2de    00000004                              : HwiPMSP432_nortos.oem4f (.text:HwiP_disableInterrupt)
                  0000a2e2    00000004                              : HwiPMSP432_nortos.oem4f (.text:HwiP_enableInterrupt)
                  0000a2e6    00000004                              : HwiPMSP432_nortos.oem4f (.text:HwiP_post)
                  0000a2ea    00000004                              : QueueP_nortos.oem4f (.text:QueueP_head)
                  0000a2ee    00000004                              : QueueP_nortos.oem4f (.text:QueueP_next)
                  0000a2f2    00000004     drivers_msp432p401x.aem4f : SPIMSP432DMA.oem4f (.text:SPIMSP432DMA_init)
                  0000a2f6    00000004     nortos_msp432p401x.aem4f : SemaphoreP_nortos.oem4f (.text:SemaphoreP_delete)
                  0000a2fa    00000004                              : TimerPMSP432_nortos.oem4f (.text:TimerP_setPeriod)
                  0000a2fe    00000004     rtsv7M4_T_le_v4SPD16_eabi.lib : pre_init.c.obj (.text:_system_pre_init)
                  0000a302    00000004                                   : exit.c.obj (.text:abort:abort)
                  0000a306    00000004     fatfs.a : diskio.obj (.text:get_fattime)

.const     0    0000a30c    000006db     
                  0000a30c    00000246     cmd.obj (.const:.string)
                  0000a552    00000101     rtsv7M4_T_le_v4SPD16_eabi.lib : ctype.c.obj (.const:.string:_ctypes_)
                  0000a653    00000001     --HOLE-- [fill = 0]
                  0000a654    00000090     MSP_EXP432P401R.obj (.const:spiMSP432DMAHWAttrs)
                  0000a6e4    00000050     msp432p4xx_driverlib.lib : interrupt.o (.const:g_pulRegs)
                  0000a734    00000038     MSP_EXP432P401R.obj (.const:PowerMSP432_config)
                  0000a76c    00000030     msp432p4xx_driverlib.lib : gpio.o (.const:GPIO_PORT_TO_BASE)
                  0000a79c    00000030     MSP_EXP432P401R.obj (.const:SPI_config)
                  0000a7cc    00000028     printf.obj (.const:dv)
                  0000a7f4    00000024     drivers_msp432p401x.aem4f : SDSPI.oem4f (.const:SDSPI_fxnTable)
                  0000a818    00000024     main.obj (.const:consoleConfig)
                  0000a83c    00000024     main.obj (.const:ftdiConfig)
                  0000a860    00000024     main.obj (.const:gpsConfig)
                  0000a884    00000020     drivers_msp432p401x.aem4f : SPI.oem4f (.const:SPI_defaultParams)
                  0000a8a4    0000001e     main.obj (.const:samplingRates)
                  0000a8c2    00000002     drivers_msp432p401x.aem4f : SDSPI.oem4f (.const:.string:$P$T1$2)
                  0000a8c4    0000001c     main.obj (.const:defaultTime)
                  0000a8e0    00000018     drivers_msp432p401x.aem4f : SPIMSP432DMA.oem4f (.const:SPIMSP432DMA_fxnTable)
                  0000a8f8    00000014     MSP_EXP432P401R.obj (.const:GPIOMSP432_config)
                  0000a90c    00000014     main.obj (.const:i2cBusConfig)
                  0000a920    00000010     printf.obj (.const:.string:hex$1)
                  0000a930    00000010     nortos_msp432p401x.aem4f : SwiP_nortos.oem4f (.const:SwiP_defaultParams)
                  0000a940    0000000f     main.obj (.const:.string:daq1)
                  0000a94f    0000000f     main.obj (.const:.string:daq2)
                  0000a95e    00000002     drivers_msp432p401x.aem4f : SDSPI.oem4f (.const:.string:$P$T3$4)
                  0000a960    0000000c     MSP_EXP432P401R.obj (.const:SD_config)
                  0000a96c    0000000c     MSP_EXP432P401R.obj (.const:udmaMSP432HWAttrs)
                  0000a978    0000000a     drivers_msp432p401x.aem4f : SDSPI.oem4f (.const:.string:$P$T2$3)
                  0000a982    0000000a     fatfs.a : ff.obj (.const:.string:DbcTbl)
                  0000a98c    0000000a     main.obj (.const:.string)
                  0000a996    00000002     --HOLE-- [fill = 0]
                  0000a998    00000008     MSP_EXP432P401R.obj (.const:UDMAMSP432_config)
                  0000a9a0    00000008     drivers_msp432p401x.aem4f : SPIMSP432DMA.oem4f (.const:frameFormat)
                  0000a9a8    00000008     msp432p4xx_driverlib.lib : interrupt.o (.const:g_pulDisRegs)
                  0000a9b0    00000008                              : interrupt.o (.const:g_pulEnRegs)
                  0000a9b8    00000008                              : interrupt.o (.const:g_pulPendRegs)
                  0000a9c0    00000008                              : interrupt.o (.const:g_pulUnpendRegs)
                  0000a9c8    00000006     drivers_msp432p401x.aem4f : GPIOMSP432.oem4f (.const:.string:interruptType)
                  0000a9ce    00000006                               : GPIOMSP432.oem4f (.const:.string:portInterruptIds)
                  0000a9d4    00000004                               : SDSPI.oem4f (.const:.string:$P$T0$1)
                  0000a9d8    00000004     MSP_EXP432P401R.obj (.const:SDFatFS_config)
                  0000a9dc    00000004     drivers_msp432p401x.aem4f : SD.oem4f (.const:SD_defaultParams)
                  0000a9e0    00000004     MSP_EXP432P401R.obj (.const:sdspiHWAttrs)
                  0000a9e4    00000003     MSP_EXP432P401R.obj (.const)

.cinit     0    0000a9e8    000001f0     
                  0000a9e8    000001bc     (.cinit..data.load) [load image, compression = lzss]
                  0000aba4    0000000c     (__TI_handler_table)
                  0000abb0    00000008     (.cinit..bss.load) [load image, compression = zero_init]
                  0000abb8    00000008     (.cinit..vtable.load) [load image, compression = zero_init]
                  0000abc0    00000018     (__TI_cinit_table)

.init_array 
*          0    00000000    00000000     UNINITIALIZED

.binit     0    00000000    00000000     

.vtable    0    20000000    000000e8     UNINITIALIZED
                  20000000    000000e8     msp432p4xx_driverlib.lib : interrupt.o (.vtable)

.bss       0    20000100    00002422     UNINITIALIZED
                  20000100    00001194     (.common:configuration)
                  20001294    000004b0     main.obj (.bss:ADCData)
                  20001744    000003e8     (.common:rxdata)
                  20001b2c    00000240     (.common:sdfatfsObjects)
                  20001d6c    00000120     rtsv7M4_T_le_v4SPD16_eabi.lib : trgmsg.c.obj (.bss:_CIOBUF_)
                  20001e8c    00000120     (.common:spiMSP432DMAObjects)
                  20001fac    0000004e     (.common:gps)
                  20001ffa    00000002     fatfs.a : ff.obj (.bss)
                  20001ffc    00000004     drivers_msp432p401x.aem4f : GPIOMSP432.oem4f (.bss)
                  20002000    00000100     MSP_EXP432P401R.obj (.bss:dmaControlTable)
                  20002100    000000a0     nortos_msp432p401x.aem4f : ClockPTimer_nortos.oem4f (.bss:ClockP_module)
                  200021a0    000000a0     (.common:__TI_tmpnams)
                  20002240    00000080     main.obj (.bss:COMMAND)
                  200022c0    00000080     main.obj (.bss:consoleInput)
                  20002340    00000030     drivers_msp432p401x.aem4f : GPIOMSP432.oem4f (.bss:gpioCallbackInfo)
                  20002370    00000028     fatfs.a : ffcio.obj (.bss:filTable)
                  20002398    00000024     cmdline.obj (.bss:g_ppcArgv)
                  200023bc    00000020     nortos_msp432p401x.aem4f : SwiP_nortos.oem4f (.bss:SwiP_readyList)
                  200023dc    00000020     drivers_msp432p401x.aem4f : UDMAMSP432.oem4f (.bss:hwiFxnArgs)
                  200023fc    00000020                               : UDMAMSP432.oem4f (.bss:hwiFxnHandlers)
                  2000241c    00000020     (.common:sensors_enabled)
                  2000243c    0000001c     nortos_msp432p401x.aem4f : SwiP_nortos.oem4f (.bss:SwiP_hwiStruct)
                  20002458    0000001c                              : TimerPMSP432_nortos.oem4f (.bss:TimerP_hwiStruct)
                  20002474    00000014     (.common:experiment_name)
                  20002488    00000014     (.common:localization_name)
                  2000249c    00000010     fatfs.a : ff.obj (.bss:FatFs)
                  200024ac    00000010     drivers_msp432p401x.aem4f : UDMAMSP432.oem4f (.bss:hwiHandles)
                  200024bc    00000010                               : SDFatFS.oem4f (.bss:sdFatFSHandles)
                  200024cc    0000000d     nortos_msp432p401x.aem4f : SwiP_nortos.oem4f (.bss)
                  200024d9    00000001     (.common:cutoff)
                  200024da    00000002     (.common:compare_value)
                  200024dc    0000000c     (.common:sdspiObjects)
                  200024e8    00000008     msp432p4xx_driverlib.lib : cs.o (.bss)
                  200024f0    00000008     nortos_msp432p401x.aem4f : ClockPTimer_nortos.oem4f (.bss:timerFreq)
                  200024f8    00000008     (.common:format)
                  20002500    00000008     (.common:parmbuf)
                  20002508    00000004                              : ClockPTimer_nortos.oem4f (.bss)
                  2000250c    00000004                              : TimerPMSP432_nortos.oem4f (.bss)
                  20002510    00000004     (.common:received_byte)
                  20002514    00000004     (.common:sdfatfsHandle)
                  20002518    00000004     (.common:src)
                  2000251c    00000002     (.common:duration)
                  2000251e    00000001     (.common:gain)
                  2000251f    00000001     (.common:sample_rate)
                  20002520    00000001     (.common:start_delay)
                  20002521    00000001     (.common:udmaMSP432Object)

.sysmem    0    20002528    00000800     UNINITIALIZED
                  20002528    00000008     rtsv7M4_T_le_v4SPD16_eabi.lib : memory.c.obj (.sysmem)
                  20002530    000007f8     --HOLE--

.data      0    20002d28    0000067d     UNINITIALIZED
                  20002d28    00000140     nortos_msp432p401x.aem4f : HwiPMSP432_nortos.oem4f (.data:HwiP_dispatchTable)
                  20002e68    00000130     drivers_msp432p401x.aem4f : PowerMSP432.oem4f (.data:PowerMSP432_perfLevels)
                  20002f98    000000f0     rtsv7M4_T_le_v4SPD16_eabi.lib : defs.c.obj (.data:_ftable)
                  20003088    000000a8     cmd.obj (.data:g_psCmdTable)
                  20003130    00000078     rtsv7M4_T_le_v4SPD16_eabi.lib : write.c.obj (.data:_device)
                  200031a8    00000050                                   : write.c.obj (.data:_stream)
                  200031f8    00000050     fatfs.a : diskio.obj (.data:drive_fxn_table)
                  20003248    00000047     main.obj (.data)
                  2000328f    00000001     drivers_msp432p401x.aem4f : SD.oem4f (.data)
                  20003290    00000030     MSP_EXP432P401R.obj (.data:gpioPinConfigs)
                  200032c0    0000002c     drivers_msp432p401x.aem4f : PowerMSP432.oem4f (.data:PowerMSP432_module)
                  200032ec    00000010                               : UDMAMSP432.oem4f (.data)
                  200032fc    00000010     MSP_EXP432P401R.obj (.data:gpioCallbackFunctions)
                  2000330c    00000010     rtsv7M4_T_le_v4SPD16_eabi.lib : defs.c.obj (.data)
                  2000331c    0000000c                                   : exit.c.obj (.data:$O1$$)
                  20003328    0000000c                                   : memory.c.obj (.data:$O1$$)
                  20003334    0000000c     nortos_msp432p401x.aem4f : TimerPMSP432_nortos.oem4f (.data:TimerP_defaultParams)
                  20003340    0000000c     main.obj (.data:live1)
                  2000334c    0000000c     main.obj (.data:live2)
                  20003358    00000008     rtsv7M4_T_le_v4SPD16_eabi.lib : _lock.c.obj (.data:$O1$$)
                  20003360    00000008     nortos_msp432p401x.aem4f : SemaphoreP_nortos.oem4f (.data:SemaphoreP_defaultParams)
                  20003368    00000008     main.obj (.data:modules_connected_code)
                  20003370    00000008     nortos_msp432p401x.aem4f : ClockPTimer_nortos.oem4f (.data)
                  20003378    00000008                              : HwiPMSP432_nortos.oem4f (.data)
                  20003380    00000004     fatfs.a : ffcio.obj (.data)
                  20003384    00000004     main.obj (.data:fatfsPrefix)
                  20003388    00000004     rtsv7M4_T_le_v4SPD16_eabi.lib : add_device.c.obj (.data)
                  2000338c    00000004                                   : errno.c.obj (.data)
                  20003390    00000004                                   : fopen.c.obj (.data)
                  20003394    00000004                                   : open.c.obj (.data)
                  20003398    00000004                                   : strtok.c.obj (.data)
                  2000339c    00000003     nortos_msp432p401x.aem4f : SemaphoreP_nortos.oem4f (.data)
                  2000339f    00000002     drivers_msp432p401x.aem4f : GPIOMSP432.oem4f (.data)
                  200033a1    00000001                               : SDFatFS.oem4f (.data)
                  200033a2    00000001                               : SPI.oem4f (.data)
                  200033a3    00000001     nortos_msp432p401x.aem4f : SwiP_nortos.oem4f (.data)
                  200033a4    00000001                              : TimerPMSP432_nortos.oem4f (.data)

.stack     0    2000fe00    00000200     UNINITIALIZED
                  2000fe00    00000004     rtsv7M4_T_le_v4SPD16_eabi.lib : boot_cortex_m.c.obj (.stack)
                  2000fe04    000001fc     --HOLE--

MODULE SUMMARY

       Module                        code    ro data   rw data
       ------                        ----    -------   -------
    .\
       main.obj                      4830    226       14482  
       system_msp432p401r.obj        120     0         0      
    +--+-----------------------------+-------+---------+---------+
       Total:                        4950    226       14482  
                                                              
    .\boardConfigs\
       MSP_EXP432P401R.obj           36      311       2394   
    +--+-----------------------------+-------+---------+---------+
       Total:                        36      311       2394   
                                                              
    .\ccs\
       startup_msp432p401r_ccs.obj   14      228       0      
    +--+-----------------------------+-------+---------+---------+
       Total:                        14      228       0      
                                                              
    .\utils\
       cmd.obj                       1610    582       336    
       printf.obj                    598     56        0      
       cmdline.obj                   172     0         72     
    +--+-----------------------------+-------+---------+---------+
       Total:                        2380    638       408    
                                                              
    C:/ti/simplelink_msp432p4_sdk_2_30_00_14/kernel/nortos/lib/nortos_msp432p401x.aem4f
       ClockPTimer_nortos.oem4f      796     0         360    
       HwiPMSP432_nortos.oem4f       296     0         656    
       SwiP_nortos.oem4f             630     16        148    
       TimerPMSP432_nortos.oem4f     644     0         90     
       SemaphoreP_nortos.oem4f       378     0         22     
       QueueP_nortos.oem4f           100     0         0      
       PowerMSP432_nortos.oem4f      76      0         0      
    +--+-----------------------------+-------+---------+---------+
       Total:                        2920    16        1276   
                                                              
    C:/ti/simplelink_msp432p4_sdk_2_30_00_14/source/third_party/fatfs/lib/ccs/m4f/fatfs.a
       ff.obj                        5629    10        36     
       ffcio.obj                     352     0         88     
       diskio.obj                    248     0         160    
       ffsystem.obj                  54      0         0      
    +--+-----------------------------+-------+---------+---------+
       Total:                        6283    10        284    
                                                              
    C:/ti/simplelink_msp432p4_sdk_2_30_00_14/source/ti/devices/msp432p4xx/driverlib/ccs/msp432p4xx_driverlib.lib
       interrupt.o                   686     112       464    
       cs.o                          1074    0         16     
       gpio.o                        584     48        0      
       uart.o                        526     0         0      
       rtc_c.o                       504     0         0      
       spi.o                         328     0         0      
       i2c.o                         294     0         0      
       dma.o                         240     0         0      
       sysctl_a.o                    64      0         0      
       cpu.o                         24      0         0      
       timer_a.o                     22      0         0      
       sysctl.o                      16      0         0      
    +--+-----------------------------+-------+---------+---------+
       Total:                        4362    160       480    
                                                              
    C:/ti/simplelink_msp432p4_sdk_2_30_00_14/source/ti/drivers/lib/drivers_msp432p401x.aem4f
       PowerMSP432.oem4f             2208    0         696    
       SPIMSP432DMA.oem4f            1902    32        0      
       SDSPI.oem4f                   1654    54        0      
       UDMAMSP432.oem4f              900     0         192    
       GPIOMSP432.oem4f              828     12        108    
       SDFatFS.oem4f                 532     0         34     
       SPI.oem4f                     168     32        2      
       SD.oem4f                      188     4         2      
       List.oem4f                    76      0         0      
    +--+-----------------------------+-------+---------+---------+
       Total:                        8456    134       1034   
                                                              
    C:\ti\ccsv8\tools\compiler\ti-cgt-arm_18.1.5.LTS\lib\rtsv7M4_T_le_v4SPD16_eabi.lib
       _printfi.c.obj                4867    0         0      
       defs.c.obj                    0       0         832    
       trgmsg.c.obj                  108     0         576    
       memory.c.obj                  492     0         24     
       write.c.obj                   40      0         400    
       fd_add_t2.asm.obj             438     0         0      
       fopen.c.obj                   416     0         8      
       fwrite.c.obj                  384     0         0      
       fd_div_t2.asm.obj             310     0         0      
       s_scalbn.c.obj                272     0         0      
       fd_cmp_t2.asm.obj             268     0         0      
       ctype.c.obj                   0       257       0      
       fd_mul_t2.asm.obj             252     0         0      
       fread.c.obj                   248     0         0      
       setvbuf.c.obj                 220     0         0      
       open.c.obj                    188     0         8      
       add_device.c.obj              184     0         8      
       _io_perm.c.obj                172     0         0      
       fclose.c.obj                  160     0         0      
       _bufread.c.obj                156     0         0      
       memcpy_t2.asm.obj             156     0         0      
       ull_div_t2.asm.obj            150     0         0      
       fputc.c.obj                   140     0         0      
       memset_t2.asm.obj             122     0         0      
       getdevice.c.obj               116     0         0      
       hostopen.c.obj                96      0         16     
       copy_decompress_lzss.c.obj    104     0         0      
       hostlseek.c.obj               104     0         0      
       hostrename.c.obj              104     0         0      
       exit.c.obj                    76      0         24     
       fseek.c.obj                   100     0         0      
       s_frexp.c.obj                 100     0         0      
       sprintf.c.obj                 98      0         0      
       close.c.obj                   92      0         0      
       hostread.c.obj                88      0         0      
       hostwrite.c.obj               88      0         0      
       ltoa.c.obj                    84      0         0      
       atoi.c.obj                    76      0         0      
       fflush.c.obj                  76      0         0      
       fd_toi_t2.asm.obj             72      0         0      
       strtok.c.obj                  64      0         8      
       autoinit.c.obj                68      0         0      
       hostclose.c.obj               68      0         0      
       hostunlink.c.obj              68      0         0      
       boot_cortex_m.c.obj           56      0         0      
       strncpy.c.obj                 54      0         0      
       i_tofd_t2.asm.obj             46      0         0      
       unlink.c.obj                  44      0         0      
       strspn.c.obj                  42      0         0      
       lseek.c.obj                   40      0         0      
       read.c.obj                    40      0         0      
       strcspn.c.obj                 36      0         0      
       memchr.c.obj                  32      0         0      
       memccpy.c.obj                 28      0         0      
       strcmp.c.obj                  24      0         0      
       strchr.c.obj                  22      0         0      
       s_copysign.c.obj              20      0         0      
       strcpy.c.obj                  20      0         0      
       strlen.c.obj                  20      0         0      
       _lock.c.obj                   2       0         16     
       wcslen.c.obj                  18      0         0      
       errno.c.obj                   8       0         8      
       copy_decompress_none.c.obj    14      0         0      
       copy_zero_init.c.obj          12      0         0      
       rewind.c.obj                  8       0         0      
       pre_init.c.obj                4       0         0      
       div0.asm.obj                  2       0         0      
    +--+-----------------------------+-------+---------+---------+
       Total:                        12077   257       1928   
                                                              
       Heap:                         0       0         4096   
       Stack:                        0       0         1024   
       Linker Generated:             0       496       0      
    +--+-----------------------------+-------+---------+---------+
       Grand Total:                  41478   2476      27406  


LINKER GENERATED COPY TABLES

__TI_cinit_table @ 0000abc0 records: 3, size/record: 8, table size: 24
	.data: load addr=0000a9e8, load size=000001bc bytes, run addr=20002d28, run size=0000067d bytes, compression=lzss
	.bss: load addr=0000abb0, load size=00000008 bytes, run addr=20000100, run size=00002422 bytes, compression=zero_init
	.vtable: load addr=0000abb8, load size=00000008 bytes, run addr=20000000, run size=000000e8 bytes, compression=zero_init


LINKER GENERATED HANDLER TABLE

__TI_handler_table @ 0000aba4 records: 3, size/record: 4, table size: 12
	index: 0, handler: __TI_zero_init
	index: 1, handler: __TI_decompress_lzss
	index: 2, handler: __TI_decompress_none


GLOBAL SYMBOLS: SORTED ALPHABETICALLY BY Name 

address   name                                       
-------   ----                                       
00000b43  ADC14_IRQHandler                           
00000b43  AES256_IRQHandler                          
00000b43  BusFault_Handler                           
0000a303  C$$EXIT                                    
000090a7  C$$IO$$                                    
00003db5  CMD_create                                 
00008385  CMD_diagnose                               
00007189  CMD_duration                               
000091c5  CMD_getData                                
00006f31  CMD_help                                   
0000a141  CMD_initCard                               
00002f19  CMD_read                                   
00008fcf  CMD_reset                                  
000083d5  CMD_setCutoffFreq                          
00008425  CMD_setGain                                
00008475  CMD_setSamplingFreq                        
00008845  CMD_start                                  
000043a9  CMD_write                                  
00000b43  COMP_E0_IRQHandler                         
00000b43  COMP_E1_IRQHandler                         
0000a187  CPU_cpsid                                  
0000a193  CPU_cpsie                                  
00000b43  CS_IRQHandler                              
000036f5  CS_initClockSignal                         
000091f9  CS_setDCOCenteredFrequency                 
00009a19  CS_setExternalClockSourceFrequency         
00004769  CS_startHFXTWithTimeout                    
0000a14f  CS_startLFXT                               
0000484d  CS_startLFXTWithTimeout                    
00009a39  ClockP_add                                 
00009ce9  ClockP_destruct                            
0000a1a1  ClockP_doTick                              
0000a1ad  ClockP_getSystemTickPeriod                 
00009579  ClockP_getSystemTicks                      
0000986d  ClockP_getTicks                            
0000a2d7  ClockP_isActive                            
00009891  ClockP_scheduleNextTick                    
00006b41  ClockP_start                               
000056bd  ClockP_startup                             
20003374  ClockP_tickPeriod                          
00006fa9  ClockP_walkQueueDynamic                    
000058d5  ClockP_workFuncDynamic                     
00005981  CmdLineProcess                             
00000b43  DMA_ERR_IRQHandler                         
00000b43  DMA_INT0_IRQHandler                        
00000b43  DMA_INT1_IRQHandler                        
00000b43  DMA_INT2_IRQHandler                        
00000b43  DMA_INT3_IRQHandler                        
0000449d  DMA_setChannelTransfer                     
00000b43  DebugMon_Handler                           
00000b43  Default_Handler                            
00005d71  EUSCIA0_IRQHandler                         
00005d71  EUSCIA0_IRQHandler                         
00007515  EUSCIA1_IRQHandler                         
00007515  EUSCIA1_IRQHandler                         
00001e41  EUSCIA2_IRQHandler                         
00001e41  EUSCIA2_IRQHandler                         
00000b43  EUSCIA3_IRQHandler                         
00000b43  EUSCIB0_IRQHandler                         
00000b43  EUSCIB1_IRQHandler                         
0000492d  EUSCIB2_IRQHandler                         
0000492d  EUSCIB2_IRQHandler                         
00000b43  EUSCIB3_IRQHandler                         
00009d01  EUSCI_A_SPI_getInterruptStatus             
00009d19  EUSCI_B_SPI_getInterruptStatus             
00000b43  FLCTL_IRQHandler                           
00000b43  FPU_IRQHandler                             
0000a8f8  GPIOMSP432_config                          
000095a1  GPIO_clearInterruptFlag                    
000095c9  GPIO_enableInterrupt                       
000076c5  GPIO_hwiIntFxn                             
00005a2d  GPIO_init                                  
00007e25  GPIO_setAsInputPinWithPullDownResistor     
00008bb9  GPIO_setAsOutputPin                        
00006791  GPIO_setAsPeripheralModuleFunctionInputPin 
00006819  GPIO_setAsPeripheralModuleFunctionOutputPin
00007e7d  GPIO_setCallback                           
00002da5  GPIO_setConfig                             
000095f1  GPIO_setOutputHighOnPin                    
00009619  GPIO_setOutputLowOnPin                     
00007cb5  GPIO_write                                 
00008889  HOSTclose                                  
0000772d  HOSTlseek                                  
00007c55  HOSTopen                                   
00007ed5  HOSTread                                   
00007795  HOSTrename                                 
000088cd  HOSTunlink                                 
00007f2d  HOSTwrite                                  
00000b43  HardFault_Handler                          
0000a001  HwiP_Params_init                           
0000a2db  HwiP_clearInterrupt                        
000072e5  HwiP_construct                             
000094f9  HwiP_create                                
00009d31  HwiP_delete                                
0000a07f  HwiP_disable                               
0000a2df  HwiP_disableInterrupt                      
000098b5  HwiP_dispatch                              
0000a2e3  HwiP_enableInterrupt                       
00009d49  HwiP_inISR                                 
20003378  HwiP_key                                   
0000a2e7  HwiP_post                                  
0000a287  HwiP_restore                               
2000337c  HwiP_swiPIntNum                            
00009e09  I2C_clearInterruptFlag                     
00009e1f  I2C_enableModule                           
00007b91  I2C_initMaster                             
000077fd  I2C_masterSendMultiByteStart               
00009bb9  I2C_setMode                                
00009f11  I2C_setSlaveAddress                        
00006bc1  Interrupt_disableInterrupt                 
0000a08f  Interrupt_disableMaster                    
00006c41  Interrupt_enableInterrupt                  
0000a09f  Interrupt_enableMaster                     
00007865  Interrupt_pendInterrupt                    
00007d11  Interrupt_registerInterrupt                
00008191  Interrupt_setPriority                      
00007f85  Interrupt_unpendInterrupt                  
00009bd5  Interrupt_unregisterInterrupt              
000097f9  List_put                                   
0000981f  List_remove                                
0000a28f  MSP_EXP432P401R_initGeneral                
00000b43  MemManage_Handler                          
00000b43  NMI_Handler                                
00000b43  PCM_IRQHandler                             
00000b43  PORT1_IRQHandler                           
00000b43  PORT2_IRQHandler                           
00000b43  PORT3_IRQHandler                           
00000b43  PORT4_IRQHandler                           
00000b43  PORT5_IRQHandler                           
00004e4d  PORT6_IRQHandler                           
00004e4d  PORT6_IRQHandler                           
00000b43  PSS_IRQHandler                             
00000b43  PendSV_Handler                             
0000a734  PowerMSP432_config                         
0000799d  PowerMSP432_getFreqs                       
0000a0b1  PowerMSP432_getNumPerfLevels               
0000347f  PowerMSP432_initPolicy                     
200032c0  PowerMSP432_module                         
20002e68  PowerMSP432_perfLevels                     
000086dd  PowerMSP432_sleepPolicy                    
000036f3  PowerMSP432_updateFreqs                    
0000a0c1  Power_disablePolicy                        
0000a0d1  Power_enablePolicy                         
0000a1b9  Power_getConstraintMask                    
0000a1c5  Power_getPerformanceLevel                  
00009f25  Power_idleFunc                             
00005eb1  Power_init                                 
00009641  Power_registerNotify                       
00008725  Power_releaseConstraint                    
00009009  Power_setConstraint                        
00001129  Power_sleep                                
00009a59  Power_unregisterNotify                     
0000a15d  QueueP_empty                               
00009cb5  QueueP_get                                 
0000a2eb  QueueP_head                                
0000a2b9  QueueP_init                                
0000a2ef  QueueP_next                                
00009a79  QueueP_put                                 
0000a16b  QueueP_remove                              
00000b43  RTC_C_IRQHandler                           
00007fdd  RTC_C_clearInterruptFlag                   
00007a01  RTC_C_enableInterrupt                      
00006d41  RTC_C_getCalendarTime                      
00006429  RTC_C_initCalendar                         
000093f1  RTC_C_startClock                           
0000a1d1  Reset_Handler                              
00009041  SDFatFS_close                              
0000a9d8  SDFatFS_config                             
0000a9e4  SDFatFS_count                              
00008d79  SDFatFS_diskIOctrl                         
000098d9  SDFatFS_diskInitialize                     
0000941d  SDFatFS_diskRead                           
0000a0e1  SDFatFS_diskStatus                         
00009449  SDFatFS_diskWrite                          
00008911  SDFatFS_init                               
00004ff5  SDFatFS_open                               
000098fd  SDSPI_close                                
0000a2bf  SDSPI_control                              
0000a7f4  SDSPI_fxnTable                             
00005ad9  SDSPI_getNumSectors                        
0000a2c5  SDSPI_getSectorSize                        
0000a1dd  SDSPI_init                                 
000025ad  SDSPI_initialize                           
00007581  SDSPI_open                                 
00005f4d  SDSPI_read                                 
00005195  SDSPI_write                                
0000a219  SD_close                                   
0000a960  SD_config                                  
0000a9e5  SD_count                                   
0000a9dc  SD_defaultParams                           
0000a223  SD_getNumSectors                           
0000a22d  SD_getSectorSize                           
00008955  SD_init                                    
0000a237  SD_initialize                              
00008db5  SD_open                                    
0000a241  SD_read                                    
0000a24b  SD_write                                   
00007a65  SPIMSP432DMA_close                         
0000a2cb  SPIMSP432DMA_control                       
0000a8e0  SPIMSP432DMA_fxnTable                      
0000a2f3  SPIMSP432DMA_init                          
00001421  SPIMSP432DMA_open                          
00003a79  SPIMSP432DMA_transfer                      
00003eb9  SPIMSP432DMA_transferCancel                
00009f39  SPI_Params_init                            
0000a255  SPI_close                                  
0000a79c  SPI_config                                 
0000a9e6  SPI_count                                  
0000a884  SPI_defaultParams                          
00009669  SPI_getInterruptStatus                     
00008999  SPI_init                                   
00005823  SPI_initMaster                             
00008df1  SPI_open                                   
0000a25f  SPI_transfer                               
00000b43  SVC_Handler                                
0000a0f1  SemaphoreP_Params_init                     
000084c5  SemaphoreP_construct                       
00009e35  SemaphoreP_create                          
00009ccf  SemaphoreP_createBinary                    
20003360  SemaphoreP_defaultParams                   
0000a2f7  SemaphoreP_delete                          
00005e11  SemaphoreP_pend                            
000089dd  SemaphoreP_post                            
0000a101  SwiP_Params_init                           
00004c9d  SwiP_construct                             
00009bf1  SwiP_disable                               
00005fe9  SwiP_dispatch                              
000078cd  SwiP_post                                  
00008a21  SwiP_restore                               
00009d61  SysCtl_A_disableNMISource                  
00009d79  SysCtl_A_enableNMISource                   
0000a111  SysCtl_A_getNMISourceStatus                
0000a121  SysCtl_getNMISourceStatus                  
00000b43  SysTick_Handler                            
00007021  SystemInit                                 
00000b43  T32_INT1_IRQHandler                        
00000b43  T32_INT2_IRQHandler                        
00000b43  T32_INTC_IRQHandler                        
00000b43  TA0_0_IRQHandler                           
[...]
00006bc1  Interrupt_disableInterrupt                 
00006c41  Interrupt_enableInterrupt                  
00006d41  RTC_C_getCalendarTime                      
00006dbd  f_mount                                    
00006eb5  __aeabi_memclr                             
00006eb5  __aeabi_memclr4                            
00006eb5  __aeabi_memclr8                            
00006eb7  __aeabi_memset                             
00006eb7  __aeabi_memset4                            
00006eb7  __aeabi_memset8                            
00006ebd  memset                                     
00006f31  CMD_help                                   
00006fa9  ClockP_walkQueueDynamic                    
00007021  SystemInit                                 
00007099  malloc                                     
00007189  CMD_duration                               
000071fd  __TI_closefile                             
000072e5  HwiP_construct                             
00007355  processCommand                             
00007515  EUSCIA1_IRQHandler                         
00007515  EUSCIA1_IRQHandler                         
00007581  SDSPI_open                                 
000075ed  TimerP_getCurrentTick                      
00007659  configureSDCard                            
000076c5  GPIO_hwiIntFxn                             
0000772d  HOSTlseek                                  
00007795  HOSTrename                                 
000077fd  I2C_masterSendMultiByteStart               
00007865  Interrupt_pendInterrupt                    
000078cd  SwiP_post                                  
00007935  __TI_decompress_lzss                       
0000799d  PowerMSP432_getFreqs                       
00007a01  RTC_C_enableInterrupt                      
00007a65  SPIMSP432DMA_close                         
00007ac9  frexp                                      
00007ac9  frexpl                                     
00007b2d  fseek                                      
00007b91  I2C_initMaster                             
00007bf3  __TI_wrt_ok                                
00007c55  HOSTopen                                   
00007cb5  GPIO_write                                 
00007d11  Interrupt_registerInterrupt                
00007d6d  close                                      
00007e25  GPIO_setAsInputPinWithPullDownResistor     
00007e7d  GPIO_setCallback                           
00007ed5  HOSTread                                   
00007f2d  HOSTwrite                                  
00007f85  Interrupt_unpendInterrupt                  
00007fdd  RTC_C_clearInterruptFlag                   
00008035  TimerP_dynamicStub                         
000080e5  UART_getEnabledInterruptStatus             
00008191  Interrupt_setPriority                      
00008239  ltoa                                       
00008385  CMD_diagnose                               
000083d5  CMD_setCutoffFreq                          
00008425  CMD_setGain                                
00008475  CMD_setSamplingFreq                        
000084c5  SemaphoreP_construct                       
00008565  __TI_doflush                               
000085b1  atoi                                       
000085fd  configureGPSUART                           
00008649  __TI_rd_ok                                 
000086dd  PowerMSP432_sleepPolicy                    
00008725  Power_releaseConstraint                    
0000876d  exit                                       
000087b5  __aeabi_d2iz                               
00008845  CMD_start                                  
00008889  HOSTclose                                  
000088cd  HOSTunlink                                 
00008911  SDFatFS_init                               
00008955  SD_init                                    
00008999  SPI_init                                   
000089dd  SemaphoreP_post                            
000089dd  ff_rel_grant                               
00008a21  SwiP_restore                               
00008a65  TimerP_start                               
00008aa9  __TI_auto_init_nobinit_nopinit             
00008b31  getdevice                                  
00008bb9  GPIO_setAsOutputPin                        
00008bf9  TimerP_setNextTick                         
00008c39  configureRTC                               
00008cb9  sprintf                                    
00008cf9  strtok                                     
00008d79  SDFatFS_diskIOctrl                         
00008db5  SD_open                                    
00008df1  SPI_open                                   
00008e2d  TimerP_initDevice                          
00008e69  configureConsoleUART                       
00008ea5  configureFTDIUART                          
00008f1d  sendUARTString                             
00008f59  transmitByteData                           
00008fcf  CMD_reset                                  
00009009  Power_setConstraint                        
00009041  SDFatFS_close                              
00009079  __TI_writemsg                              
000090a7  C$$IO$$                                    
000090b1  _c_int00_noargs                            
000090e9  minit                                      
0000918f  strncpy                                    
000091c5  CMD_getData                                
000091f9  CS_setDCOCenteredFrequency                 
0000922d  UART_transmitData                          
00009261  __TI_cleanup                               
00009295  __TI_readmsg                               
000092fd  ffcio_lseek                                
00009331  UART_enableInterrupt                       
00009361  finddevice                                 
000093c1  __aeabi_i2d                                
000093f1  RTC_C_startClock                           
0000941d  SDFatFS_diskRead                           
00009449  SDFatFS_diskWrite                          
00009475  disk_register                              
000094a1  fclose                                     
000094cd  remove                                     
000094cd  unlink                                     
000094f9  HwiP_create                                
0000954d  strspn                                     
00009579  ClockP_getSystemTicks                      
000095a1  GPIO_clearInterruptFlag                    
000095c9  GPIO_enableInterrupt                       
000095f1  GPIO_setOutputHighOnPin                    
00009619  GPIO_setOutputLowOnPin                     
00009641  Power_registerNotify                       
00009669  SPI_getInterruptStatus                     
00009709  disk_unregister                            
00009759  lseek                                      
000097a9  read                                       
000097d1  write                                      
000097f9  List_put                                   
0000981f  List_remove                                
00009845  f_close                                    
0000986d  ClockP_getTicks                            
00009891  ClockP_scheduleNextTick                    
000098b5  HwiP_dispatch                              
000098d9  SDFatFS_diskInitialize                     
000098fd  SDSPI_close                                
00009921  UARTputs                                   
00009945  disk_ioctl                                 
00009969  disk_read                                  
000099b1  strcspn                                    
000099d5  configureDataReadyPort                     
00009a19  CS_setExternalClockSourceFrequency         
00009a39  ClockP_add                                 
00009a59  Power_unregisterNotify                     
00009a79  QueueP_put                                 
00009a99  disk_write                                 
00009ab9  ffcio_close                                
00009ad9  ffcio_read                                 
00009af9  ffcio_write                                
00009b19  memchr                                     
00009b39  sendByte                                   
00009b99  transmitNByteData                          
00009bb9  I2C_setMode                                
00009bd5  Interrupt_unregisterInterrupt              
00009bf1  SwiP_disable                               
00009c29  disk_initialize                            
00009c45  disk_status                                
00009c7d  memccpy                                    
00009cb5  QueueP_get                                 
00009ccf  SemaphoreP_createBinary                    
00009ce9  ClockP_destruct                            
00009d01  EUSCI_A_SPI_getInterruptStatus             
00009d19  EUSCI_B_SPI_getInterruptStatus             
00009d31  HwiP_delete                                
00009d49  HwiP_inISR                                 
00009d61  SysCtl_A_disableNMISource                  
00009d79  SysCtl_A_enableNMISource                   
00009d91  UART_getInterruptStatus                    
00009dd9  ff_cre_syncobj                             
00009df1  strcmp                                     
00009e09  I2C_clearInterruptFlag                     
00009e1f  I2C_enableModule                           
00009e35  SemaphoreP_create                          
00009e4b  Timer_A_startCounter                       
00009e61  UART_clearInterruptFlag                    
00009e77  UART_enableModule                          
00009ee5  strchr                                     
00009f11  I2C_setSlaveAddress                        
00009f25  Power_idleFunc                             
00009f39  SPI_Params_init                            
00009f75  UART_queryStatusFlags                      
00009f89  configureDAQReset                          
00009f9d  configureSolenoid                          
00009fb1  copysign                                   
00009fb1  copysignl                                  
00009fc5  ff_req_grant                               
00009fd9  strcpy                                     
00009fed  strlen                                     
0000a001  HwiP_Params_init                           
0000a013  UARTputc                                   
0000a037  ffcio_rename                               
0000a049  ffcio_unlink                               
0000a06d  wcslen                                     
0000a07f  HwiP_disable                               
0000a08f  Interrupt_disableMaster                    
0000a09f  Interrupt_enableMaster                     
0000a0b1  PowerMSP432_getNumPerfLevels               
0000a0c1  Power_disablePolicy                        
0000a0d1  Power_enablePolicy                         
0000a0e1  SDFatFS_diskStatus                         
0000a0f1  SemaphoreP_Params_init                     
0000a101  SwiP_Params_init                           
0000a111  SysCtl_A_getNMISourceStatus                
0000a121  SysCtl_getNMISourceStatus                  
0000a131  TimerP_Params_init                         
0000a141  CMD_initCard                               
0000a14f  CS_startLFXT                               
0000a15d  QueueP_empty                               
0000a16b  QueueP_remove                              
0000a179  __TI_decompress_none                       
0000a187  CPU_cpsid                                  
0000a193  CPU_cpsie                                  
0000a1a1  ClockP_doTick                              
0000a1ad  ClockP_getSystemTickPeriod                 
0000a1b9  Power_getConstraintMask                    
0000a1c5  Power_getPerformanceLevel                  
0000a1d1  Reset_Handler                              
0000a1dd  SDSPI_init                                 
0000a1e9  TimerP_getFreq                             
0000a1f5  TimerP_getMaxTicks                         
0000a201  __TI_zero_init                             
0000a219  SD_close                                   
0000a223  SD_getNumSectors                           
0000a22d  SD_getSectorSize                           
0000a237  SD_initialize                              
0000a241  SD_read                                    
0000a24b  SD_write                                   
0000a255  SPI_close                                  
0000a25f  SPI_transfer                               
0000a273  ff_del_syncobj                             
0000a287  HwiP_restore                               
0000a28f  MSP_EXP432P401R_initGeneral                
0000a299  __aeabi_errno_addr                         
0000a2a9  fatfs_getFatTime                           
0000a2b1  rewind                                     
0000a2b9  QueueP_init                                
0000a2bf  SDSPI_control                              
0000a2c5  SDSPI_getSectorSize                        
0000a2cb  SPIMSP432DMA_control                       
0000a2d7  ClockP_isActive                            
0000a2db  HwiP_clearInterrupt                        
0000a2df  HwiP_disableInterrupt                      
0000a2e3  HwiP_enableInterrupt                       
0000a2e7  HwiP_post                                  
0000a2eb  QueueP_head                                
0000a2ef  QueueP_next                                
0000a2f3  SPIMSP432DMA_init                          
0000a2f7  SemaphoreP_delete                          
0000a2fb  TimerP_setPeriod                           
0000a2ff  _system_pre_init                           
0000a303  C$$EXIT                                    
0000a303  abort                                      
0000a307  get_fattime                                
0000a552  _ctypes_                                   
0000a654  spiMSP432DMAHWAttrs                        
0000a734  PowerMSP432_config                         
0000a79c  SPI_config                                 
0000a7f4  SDSPI_fxnTable                             
0000a818  consoleConfig                              
0000a83c  ftdiConfig                                 
0000a860  gpsConfig                                  
0000a884  SPI_defaultParams                          
0000a8a4  samplingRates                              
0000a8c4  defaultTime                                
0000a8e0  SPIMSP432DMA_fxnTable                      
0000a8f8  GPIOMSP432_config                          
0000a90c  i2cBusConfig                               
0000a940  daq1                                       
0000a94f  daq2                                       
0000a960  SD_config                                  
0000a96c  udmaMSP432HWAttrs                          
0000a998  UDMAMSP432_config                          
0000a9d8  SDFatFS_config                             
0000a9dc  SD_defaultParams                           
0000a9e0  sdspiHWAttrs                               
0000a9e4  SDFatFS_count                              
0000a9e5  SD_count                                   
0000a9e6  SPI_count                                  
0000aba4  __TI_Handler_Table_Base                    
0000abb0  __TI_Handler_Table_Limit                   
0000abc0  __TI_CINIT_Base                            
0000abd8  __TI_CINIT_Limit                           
20000000  g_pfnRAMVectors                            
20000100  configuration                              
20001744  rxdata                                     
20001b2c  sdfatfsObjects                             
20001d6c  __CIOBUF_                                  
20001e8c  spiMSP432DMAObjects                        
20001fac  gps                                        
200021a0  __TI_tmpnams                               
2000241c  sensors_enabled                            
20002474  experiment_name                            
20002488  localization_name                          
200024d9  cutoff                                     
200024da  compare_value                              
200024dc  sdspiObjects                               
200024f8  format                                     
20002500  parmbuf                                    
20002510  received_byte                              
20002514  sdfatfsHandle                              
20002518  src                                        
2000251c  duration                                   
2000251e  gain                                       
2000251f  sample_rate                                
20002520  start_delay                                
20002521  udmaMSP432Object                           
20002528  _sys_memory                                
20002e68  PowerMSP432_perfLevels                     
20002f98  _ftable                                    
20003088  g_psCmdTable                               
20003130  _device                                    
200031a8  _stream                                    
2000325c  timeout                                    
2000325e  seconds                                    
20003260  check_format                               
20003262  record                                     
20003264  counter                                    
20003266  comma_counter                              
20003268  timeout_timeout                            
2000326c  rcount                                     
20003270  conf_place                                 
20003274  gps_data                                   
20003278  valid_conf                                 
20003279  diagnosis                                  
2000327c  store_enable                               
20003280  vis_sens1                                  
20003284  vis_mod2                                   
20003288  vis_sens2                                  
2000328c  recorded                                   
2000328d  stored                                     
2000328e  gps_synched                                
20003290  gpioPinConfigs                             
200032c0  PowerMSP432_module                         
200032fc  gpioCallbackFunctions                      
2000330c  __TI_ft_end                                
20003310  __aeabi_stdin                              
20003314  __aeabi_stdout                             
20003318  __aeabi_stderr                             
2000331c  __TI_cleanup_ptr                           
20003320  __TI_dtors_ptr                             
20003324  __TI_enable_exit_profile_output            
20003340  live1                                      
2000334c  live2                                      
20003358  _lock                                      
2000335c  _unlock                                    
20003360  SemaphoreP_defaultParams                   
20003368  modules_connected_code                     
20003374  ClockP_tickPeriod                          
20003378  HwiP_key                                   
2000337c  HwiP_swiPIntNum                            
20003384  fatfsPrefix                                
2000338c  errno                                      
2000fe00  __stack                                    
20010000  __STACK_END                                
4000480c  WDTCTL_SYM                                 
ffffffff  __TI_pprof_out_hndl                        
ffffffff  __TI_prof_data_size                        
ffffffff  __TI_prof_data_start                       
ffffffff  __binit__                                  
ffffffff  __c_args__                                 
ffffffff  binit                                      
UNDEFED   __mpu_init                                 
UNDEFED   _system_post_cinit                         

[504 symbols]
