******************************************************************************
                  TI ARM Linker PC v18.1.1                     
******************************************************************************
>> Linked Thu Apr  4 08:46:25 2019

OUTPUT FILE NAME:   <Capstone_Code_Dump.out>
ENTRY POINT SYMBOL: "_c_int00_noargs"  address: 000007ad


MEMORY CONFIGURATION

         name            origin    length      used     unused   attr    fill
----------------------  --------  ---------  --------  --------  ----  --------
  MAIN                  00000000   00040000  00000948  0003f6b8  R  X
  INFO                  00200000   00004000  00000000  00004000  R  X
  SRAM_CODE             01000000   00010000  00000240  0000fdc0  RW X
  SRAM_DATA             20000000   00010000  00000240  0000fdc0  RW  


SEGMENT ALLOCATION MAP

run origin  load origin   length   init length attrs members
----------  ----------- ---------- ----------- ----- -------
00000000    00000000    00000948   00000948    r-x
  00000000    00000000    000000e4   000000e4    r-- .intvecs
  000000e4    000000e4    000007c0   000007c0    r-x .text
  000008a4    000008a4    00000074   00000074    r-- .const
  00000918    00000918    00000030   00000030    r-- .cinit
20000000    20000000    00000040   00000000    rw-
  20000000    20000000    00000034   00000000    rw- .bss
  20000034    20000034    0000000c   00000000    rw- .data
2000fe00    2000fe00    00000200   00000000    rw-
  2000fe00    2000fe00    00000200   00000000    rw- .stack


SECTION ALLOCATION MAP

 output                                  attributes/
section   page    origin      length       input sections
--------  ----  ----------  ----------   ----------------
.intvecs   0    00000000    000000e4     
                  00000000    000000e4     startup_msp432p401r_ccs.obj (.intvecs:retain)

.text      0    000000e4    000007c0     
                  000000e4    00000244     GPS_2.obj (.text:EUSCIA2_IRQHandler)
                  00000328    00000104     GPS_2.obj (.text:printf)
                  0000042c    000000fc     GPS_2.obj (.text:main)
                  00000528    0000009c     rtsv7M4_T_le_v4SPD16_eabi.lib : memcpy_t2.asm.obj (.text)
                  000005c4    00000094     GPS_2.obj (.text:TA1_0_IRQHandler)
                  00000658    00000068     system_msp432p401r.obj (.text:SystemInit)
                  000006c0    00000068     rtsv7M4_T_le_v4SPD16_eabi.lib : copy_decompress_lzss.c.obj (.text:decompress:lzss:__TI_decompress_lzss)
                  00000728    00000044                                   : autoinit.c.obj (.text:__TI_auto_init_nobinit_nopinit:__TI_auto_init_nobinit_nopinit)
                  0000076c    00000040     GPS_2.obj (.text:xtoa)
                  000007ac    00000038     rtsv7M4_T_le_v4SPD16_eabi.lib : boot_cortex_m.c.obj (.text:_c_int00_noargs:_c_int00_noargs)
                  000007e4    00000034     msp432p4xx_driverlib.lib : cs.o (.text:CS_setDCOCenteredFrequency)
                  00000818    00000018     GPS_2.obj (.text:puts)
                  00000830    00000018     rtsv7M4_T_le_v4SPD16_eabi.lib : strcmp.c.obj (.text:strcmp)
                  00000848    00000012                                   : copy_zero_init.c.obj (.text:decompress:ZI:__TI_zero_init_nomemset:__TI_zero_init_nomemset)
                  0000085a    00000002     startup_msp432p401r_ccs.obj (.text:Default_Handler)
                  0000085c    00000010     GPS_2.obj (.text:puth)
                  0000086c    00000010     GPS_2.obj (.text:sendByte)
                  0000087c    0000000e     rtsv7M4_T_le_v4SPD16_eabi.lib : copy_decompress_none.c.obj (.text:decompress:none:__TI_decompress_none)
                  0000088a    0000000c     startup_msp432p401r_ccs.obj (.text:Reset_Handler)
                  00000896    00000006     GPS_2.obj (.text:putc)
                  0000089c    00000004     rtsv7M4_T_le_v4SPD16_eabi.lib : pre_init.c.obj (.text:_system_pre_init)
                  000008a0    00000004                                   : exit.c.obj (.text:abort:abort)

.const     0    000008a4    00000074     
                  000008a4    00000028     GPS_2.obj (.const:dv)
                  000008cc    00000024     GPS_2.obj (.const:uartConfig)
                  000008f0    00000018     GPS_2.obj (.const:upConfig)
                  00000908    00000010     GPS_2.obj (.const:.string:hex$1)

.cinit     0    00000918    00000030     
                  00000918    0000000c     (__TI_handler_table)
                  00000924    00000004     --HOLE-- [fill = 0]
                  00000928    00000008     (.cinit..bss.load) [load image, compression = zero_init]
                  00000930    00000007     (.cinit..data.load) [load image, compression = lzss]
                  00000937    00000001     --HOLE-- [fill = 0]
                  00000938    00000010     (__TI_cinit_table)

.init_array 
*          0    00000000    00000000     UNINITIALIZED

.binit     0    00000000    00000000     

.bss       0    20000000    00000034     UNINITIALIZED
                  20000000    0000002a     (.common:gps)
                  2000002a    00000008     (.common:format)
                  20000032    00000002     (.common:compare_value)

.data      0    20000034    0000000c     UNINITIALIZED
                  20000034    0000000c     GPS_2.obj (.data)

.stack     0    2000fe00    00000200     UNINITIALIZED
                  2000fe00    00000004     rtsv7M4_T_le_v4SPD16_eabi.lib : boot_cortex_m.c.obj (.stack)
                  2000fe04    000001fc     --HOLE--

MODULE SUMMARY

       Module                        code   ro data   rw data
       ------                        ----   -------   -------
    .\
       GPS_2.obj                     1366   116       128    
       system_msp432p401r.obj        104    0         0      
    +--+-----------------------------+------+---------+---------+
       Total:                        1470   116       128    
                                                             
    .\ccs\
       startup_msp432p401r_ccs.obj   14     228       0      
    +--+-----------------------------+------+---------+---------+
       Total:                        14     228       0      
                                                             
    C:/ti/simplelink_msp432p4_sdk_2_40_00_10/source/ti/devices/msp432p4xx/driverlib/ccs/msp432p4xx_driverlib.lib
       cs.o                          52     0         0      
    +--+-----------------------------+------+---------+---------+
       Total:                        52     0         0      
                                                             
    C:\ti\ccsv8\tools\compiler\ti-cgt-arm_18.1.1.LTS\lib\rtsv7M4_T_le_v4SPD16_eabi.lib
       memcpy_t2.asm.obj             156    0         0      
       copy_decompress_lzss.c.obj    104    0         0      
       autoinit.c.obj                68     0         0      
       boot_cortex_m.c.obj           56     0         0      
       strcmp.c.obj                  24     0         0      
       copy_zero_init.c.obj          18     0         0      
       copy_decompress_none.c.obj    14     0         0      
       exit.c.obj                    4      0         0      
       pre_init.c.obj                4      0         0      
    +--+-----------------------------+------+---------+---------+
       Total:                        448    0         0      
                                                             
       Stack:                        0      0         1024   
       Linker Generated:             0      43        0      
    +--+-----------------------------+------+---------+---------+
       Grand Total:                  1984   387       1152   


LINKER GENERATED COPY TABLES

__TI_cinit_table @ 00000938 records: 2, size/record: 8, table size: 16
	.bss: load addr=00000928, load size=00000008 bytes, run addr=20000000, run size=00000034 bytes, compression=zero_init
	.data: load addr=00000930, load size=00000007 bytes, run addr=20000034, run size=0000000c bytes, compression=lzss


LINKER GENERATED HANDLER TABLE

__TI_handler_table @ 00000918 records: 3, size/record: 4, table size: 12
	index: 0, handler: __TI_decompress_lzss
	index: 1, handler: __TI_decompress_none
	index: 2, handler: __TI_zero_init


GLOBAL SYMBOLS: SORTED ALPHABETICALLY BY Name 

address   name                          
-------   ----                          
0000085b  ADC14_IRQHandler              
0000085b  AES256_IRQHandler             
0000085b  BusFault_Handler              
000008a1  C$$EXIT                       
0000085b  COMP_E0_IRQHandler            
0000085b  COMP_E1_IRQHandler            
0000085b  CS_IRQHandler                 
000007e5  CS_setDCOCenteredFrequency    
0000085b  DMA_ERR_IRQHandler            
0000085b  DMA_INT0_IRQHandler           
0000085b  DMA_INT1_IRQHandler           
0000085b  DMA_INT2_IRQHandler           
0000085b  DMA_INT3_IRQHandler           
0000085b  DebugMon_Handler              
0000085b  Default_Handler               
0000085b  EUSCIA0_IRQHandler            
0000085b  EUSCIA1_IRQHandler            
000000e5  EUSCIA2_IRQHandler            
000000e5  EUSCIA2_IRQHandler            
0000085b  EUSCIA3_IRQHandler            
0000085b  EUSCIB0_IRQHandler            
0000085b  EUSCIB1_IRQHandler            
0000085b  EUSCIB2_IRQHandler            
0000085b  EUSCIB3_IRQHandler            
0000085b  FLCTL_IRQHandler              
0000085b  FPU_IRQHandler                
0000085b  HardFault_Handler             
0000085b  MemManage_Handler             
0000085b  NMI_Handler                   
0000085b  PCM_IRQHandler                
0000085b  PORT1_IRQHandler              
0000085b  PORT2_IRQHandler              
0000085b  PORT3_IRQHandler              
0000085b  PORT4_IRQHandler              
0000085b  PORT5_IRQHandler              
0000085b  PORT6_IRQHandler              
0000085b  PSS_IRQHandler                
0000085b  PendSV_Handler                
0000085b  RTC_C_IRQHandler              
0000088b  Reset_Handler                 
0000085b  SVC_Handler                   
0000085b  SysTick_Handler               
00000659  SystemInit                    
0000085b  T32_INT1_IRQHandler           
0000085b  T32_INT2_IRQHandler           
0000085b  T32_INTC_IRQHandler           
0000085b  TA0_0_IRQHandler              
0000085b  TA0_N_IRQHandler              
000005c5  TA1_0_IRQHandler              
000005c5  TA1_0_IRQHandler              
0000085b  TA1_N_IRQHandler              
0000085b  TA2_0_IRQHandler              
0000085b  TA2_N_IRQHandler              
0000085b  TA3_0_IRQHandler              
0000085b  TA3_N_IRQHandler              
0000085b  UsageFault_Handler            
4000480c  WDTCTL_SYM                    
0000085b  WDT_A_IRQHandler              
20010000  __STACK_END                   
00000200  __STACK_SIZE                  
00000938  __TI_CINIT_Base               
00000948  __TI_CINIT_Limit              
00000918  __TI_Handler_Table_Base       
00000924  __TI_Handler_Table_Limit      
00000729  __TI_auto_init_nobinit_nopinit
000006c1  __TI_decompress_lzss          
0000087d  __TI_decompress_none          
ffffffff  __TI_pprof_out_hndl           
ffffffff  __TI_prof_data_size           
ffffffff  __TI_prof_data_start          
00000000  __TI_static_base__            
00000849  __TI_zero_init_nomemset       
00000529  __aeabi_memcpy                
00000529  __aeabi_memcpy4               
00000529  __aeabi_memcpy8               
ffffffff  __binit__                     
ffffffff  __c_args__                    
UNDEFED   __mpu_init                    
2000fe00  __stack                       
000007ad  _c_int00_noargs               
UNDEFED   _system_post_cinit            
0000089d  _system_pre_init              
000008a1  abort                         
ffffffff  binit                         
20000038  check_format                  
2000003e  comma_counter                 
20000032  compare_value                 
2000003c  counter                       
2000002a  format                        
20000000  gps                           
00000000  interruptVectors              
0000042d  main                          
00000529  memcpy                        
00000329  printf                        
00000897  putc                          
00000819  puts                          
2000003a  record                        
20000036  seconds                       
0000086d  sendByte                      
00000831  strcmp                        
20000034  timeout                       
000008cc  uartConfig                    
000008f0  upConfig                      


GLOBAL SYMBOLS: SORTED BY Symbol Address 

address   name                          
-------   ----                          
00000000  __TI_static_base__            
00000000  interruptVectors              
000000e5  EUSCIA2_IRQHandler            
000000e5  EUSCIA2_IRQHandler            
00000200  __STACK_SIZE                  
00000329  printf                        
0000042d  main                          
00000529  __aeabi_memcpy                
00000529  __aeabi_memcpy4               
00000529  __aeabi_memcpy8               
00000529  memcpy                        
000005c5  TA1_0_IRQHandler              
000005c5  TA1_0_IRQHandler              
00000659  SystemInit                    
000006c1  __TI_decompress_lzss          
00000729  __TI_auto_init_nobinit_nopinit
000007ad  _c_int00_noargs               
000007e5  CS_setDCOCenteredFrequency    
00000819  puts                          
00000831  strcmp                        
00000849  __TI_zero_init_nomemset       
0000085b  ADC14_IRQHandler              
0000085b  AES256_IRQHandler             
0000085b  BusFault_Handler              
0000085b  COMP_E0_IRQHandler            
0000085b  COMP_E1_IRQHandler            
0000085b  CS_IRQHandler                 
0000085b  DMA_ERR_IRQHandler            
0000085b  DMA_INT0_IRQHandler           
0000085b  DMA_INT1_IRQHandler           
0000085b  DMA_INT2_IRQHandler           
0000085b  DMA_INT3_IRQHandler           
0000085b  DebugMon_Handler              
0000085b  Default_Handler               
0000085b  EUSCIA0_IRQHandler            
0000085b  EUSCIA1_IRQHandler            
0000085b  EUSCIA3_IRQHandler            
0000085b  EUSCIB0_IRQHandler            
0000085b  EUSCIB1_IRQHandler            
0000085b  EUSCIB2_IRQHandler            
0000085b  EUSCIB3_IRQHandler            
0000085b  FLCTL_IRQHandler              
0000085b  FPU_IRQHandler                
0000085b  HardFault_Handler             
0000085b  MemManage_Handler             
0000085b  NMI_Handler                   
0000085b  PCM_IRQHandler                
0000085b  PORT1_IRQHandler              
0000085b  PORT2_IRQHandler              
0000085b  PORT3_IRQHandler              
0000085b  PORT4_IRQHandler              
0000085b  PORT5_IRQHandler              
0000085b  PORT6_IRQHandler              
0000085b  PSS_IRQHandler                
0000085b  PendSV_Handler                
0000085b  RTC_C_IRQHandler              
0000085b  SVC_Handler                   
0000085b  SysTick_Handler               
0000085b  T32_INT1_IRQHandler           
0000085b  T32_INT2_IRQHandler           
0000085b  T32_INTC_IRQHandler           
0000085b  TA0_0_IRQHandler              
0000085b  TA0_N_IRQHandler              
0000085b  TA1_N_IRQHandler              
0000085b  TA2_0_IRQHandler              
0000085b  TA2_N_IRQHandler              
0000085b  TA3_0_IRQHandler              
0000085b  TA3_N_IRQHandler              
0000085b  UsageFault_Handler            
0000085b  WDT_A_IRQHandler              
0000086d  sendByte                      
0000087d  __TI_decompress_none          
0000088b  Reset_Handler                 
00000897  putc                          
0000089d  _system_pre_init              
000008a1  C$$EXIT                       
000008a1  abort                         
000008cc  uartConfig                    
000008f0  upConfig                      
00000918  __TI_Handler_Table_Base       
00000924  __TI_Handler_Table_Limit      
00000938  __TI_CINIT_Base               
00000948  __TI_CINIT_Limit              
20000000  gps                           
2000002a  format                        
20000032  compare_value                 
20000034  timeout                       
20000036  seconds                       
20000038  check_format                  
2000003a  record                        
2000003c  counter                       
2000003e  comma_counter                 
2000fe00  __stack                       
20010000  __STACK_END                   
4000480c  WDTCTL_SYM                    
ffffffff  __TI_pprof_out_hndl           
ffffffff  __TI_prof_data_size           
ffffffff  __TI_prof_data_start          
ffffffff  __binit__                     
ffffffff  __c_args__                    
ffffffff  binit                         
UNDEFED   __mpu_init                    
UNDEFED   _system_post_cinit            

[103 symbols]
